Archive member included to satisfy reference by file (symbol)

/Applications/STM32CubeIDE.app/Contents/Eclipse/plugins/com.st.stm32cube.ide.mcu.externaltools.gnu-tools-for-stm32.12.3.rel1.macos64_1.0.100.202403111906/tools/bin/../lib/gcc/arm-none-eabi/12.3.1/../../../../arm-none-eabi/lib/thumb/v8-m.main+fp/hard/libc_nano.a(libc_a-exit.o)
                              /Applications/STM32CubeIDE.app/Contents/Eclipse/plugins/com.st.stm32cube.ide.mcu.externaltools.gnu-tools-for-stm32.12.3.rel1.macos64_1.0.100.202403111906/tools/bin/../lib/gcc/arm-none-eabi/12.3.1/../../../../arm-none-eabi/lib/thumb/v8-m.main+fp/hard/crt0.o (exit)
/Applications/STM32CubeIDE.app/Contents/Eclipse/plugins/com.st.stm32cube.ide.mcu.externaltools.gnu-tools-for-stm32.12.3.rel1.macos64_1.0.100.202403111906/tools/bin/../lib/gcc/arm-none-eabi/12.3.1/../../../../arm-none-eabi/lib/thumb/v8-m.main+fp/hard/libc_nano.a(libc_a-findfp.o)
                              /Applications/STM32CubeIDE.app/Contents/Eclipse/plugins/com.st.stm32cube.ide.mcu.externaltools.gnu-tools-for-stm32.12.3.rel1.macos64_1.0.100.202403111906/tools/bin/../lib/gcc/arm-none-eabi/12.3.1/../../../../arm-none-eabi/lib/thumb/v8-m.main+fp/hard/libc_nano.a(libc_a-exit.o) (__stdio_exit_handler)
/Applications/STM32CubeIDE.app/Contents/Eclipse/plugins/com.st.stm32cube.ide.mcu.externaltools.gnu-tools-for-stm32.12.3.rel1.macos64_1.0.100.202403111906/tools/bin/../lib/gcc/arm-none-eabi/12.3.1/../../../../arm-none-eabi/lib/thumb/v8-m.main+fp/hard/libc_nano.a(libc_a-fwalk.o)
                              /Applications/STM32CubeIDE.app/Contents/Eclipse/plugins/com.st.stm32cube.ide.mcu.externaltools.gnu-tools-for-stm32.12.3.rel1.macos64_1.0.100.202403111906/tools/bin/../lib/gcc/arm-none-eabi/12.3.1/../../../../arm-none-eabi/lib/thumb/v8-m.main+fp/hard/libc_nano.a(libc_a-findfp.o) (_fwalk_sglue)
/Applications/STM32CubeIDE.app/Contents/Eclipse/plugins/com.st.stm32cube.ide.mcu.externaltools.gnu-tools-for-stm32.12.3.rel1.macos64_1.0.100.202403111906/tools/bin/../lib/gcc/arm-none-eabi/12.3.1/../../../../arm-none-eabi/lib/thumb/v8-m.main+fp/hard/libc_nano.a(libc_a-printf.o)
                              ./Core/Src/main.o (printf)
/Applications/STM32CubeIDE.app/Contents/Eclipse/plugins/com.st.stm32cube.ide.mcu.externaltools.gnu-tools-for-stm32.12.3.rel1.macos64_1.0.100.202403111906/tools/bin/../lib/gcc/arm-none-eabi/12.3.1/../../../../arm-none-eabi/lib/thumb/v8-m.main+fp/hard/libc_nano.a(libc_a-putchar.o)
                              ./Core/Src/main.o (putchar)
/Applications/STM32CubeIDE.app/Contents/Eclipse/plugins/com.st.stm32cube.ide.mcu.externaltools.gnu-tools-for-stm32.12.3.rel1.macos64_1.0.100.202403111906/tools/bin/../lib/gcc/arm-none-eabi/12.3.1/../../../../arm-none-eabi/lib/thumb/v8-m.main+fp/hard/libc_nano.a(libc_a-puts.o)
                              ./Core/Src/main.o (puts)
/Applications/STM32CubeIDE.app/Contents/Eclipse/plugins/com.st.stm32cube.ide.mcu.externaltools.gnu-tools-for-stm32.12.3.rel1.macos64_1.0.100.202403111906/tools/bin/../lib/gcc/arm-none-eabi/12.3.1/../../../../arm-none-eabi/lib/thumb/v8-m.main+fp/hard/libc_nano.a(libc_a-memset.o)
                              /Applications/STM32CubeIDE.app/Contents/Eclipse/plugins/com.st.stm32cube.ide.mcu.externaltools.gnu-tools-for-stm32.12.3.rel1.macos64_1.0.100.202403111906/tools/bin/../lib/gcc/arm-none-eabi/12.3.1/../../../../arm-none-eabi/lib/thumb/v8-m.main+fp/hard/crt0.o (memset)
/Applications/STM32CubeIDE.app/Contents/Eclipse/plugins/com.st.stm32cube.ide.mcu.externaltools.gnu-tools-for-stm32.12.3.rel1.macos64_1.0.100.202403111906/tools/bin/../lib/gcc/arm-none-eabi/12.3.1/../../../../arm-none-eabi/lib/thumb/v8-m.main+fp/hard/libc_nano.a(libc_a-impure.o)
                              /Applications/STM32CubeIDE.app/Contents/Eclipse/plugins/com.st.stm32cube.ide.mcu.externaltools.gnu-tools-for-stm32.12.3.rel1.macos64_1.0.100.202403111906/tools/bin/../lib/gcc/arm-none-eabi/12.3.1/../../../../arm-none-eabi/lib/thumb/v8-m.main+fp/hard/libc_nano.a(libc_a-printf.o) (_impure_ptr)
/Applications/STM32CubeIDE.app/Contents/Eclipse/plugins/com.st.stm32cube.ide.mcu.externaltools.gnu-tools-for-stm32.12.3.rel1.macos64_1.0.100.202403111906/tools/bin/../lib/gcc/arm-none-eabi/12.3.1/../../../../arm-none-eabi/lib/thumb/v8-m.main+fp/hard/libc_nano.a(libc_a-errno.o)
                              ./Core/Src/syscalls.o (__errno)
/Applications/STM32CubeIDE.app/Contents/Eclipse/plugins/com.st.stm32cube.ide.mcu.externaltools.gnu-tools-for-stm32.12.3.rel1.macos64_1.0.100.202403111906/tools/bin/../lib/gcc/arm-none-eabi/12.3.1/../../../../arm-none-eabi/lib/thumb/v8-m.main+fp/hard/libc_nano.a(libc_a-init.o)
                              /Applications/STM32CubeIDE.app/Contents/Eclipse/plugins/com.st.stm32cube.ide.mcu.externaltools.gnu-tools-for-stm32.12.3.rel1.macos64_1.0.100.202403111906/tools/bin/../lib/gcc/arm-none-eabi/12.3.1/../../../../arm-none-eabi/lib/thumb/v8-m.main+fp/hard/crt0.o (__libc_init_array)
[...]
Memory Configuration

Name             Origin             Length             Attributes
RAM              0x20000000         0x000a0000         xrw
FLASH            0x08000000         0x00200000         xr
*default*        0x00000000         0xffffffff

Linker script and memory map

LOAD /Applications/STM32CubeIDE.app/Contents/Eclipse/plugins/com.st.stm32cube.ide.mcu.externaltools.gnu-tools-for-stm32.12.3.rel1.macos64_1.0.100.202403111906/tools/bin/../lib/gcc/arm-none-eabi/12.3.1/thumb/v8-m.main+fp/hard/crti.o
LOAD /Applications/STM32CubeIDE.app/Contents/Eclipse/plugins/com.st.stm32cube.ide.mcu.externaltools.gnu-tools-for-stm32.12.3.rel1.macos64_1.0.100.202403111906/tools/bin/../lib/gcc/arm-none-eabi/12.3.1/thumb/v8-m.main+fp/hard/crtbegin.o
LOAD /Applications/STM32CubeIDE.app/Contents/Eclipse/plugins/com.st.stm32cube.ide.mcu.externaltools.gnu-tools-for-stm32.12.3.rel1.macos64_1.0.100.202403111906/tools/bin/../lib/gcc/arm-none-eabi/12.3.1/../../../../arm-none-eabi/lib/thumb/v8-m.main+fp/hard/crt0.o
LOAD ./Core/Src/main.o
LOAD ./Core/Src/stm32h5xx_hal_msp.o
LOAD ./Core/Src/stm32h5xx_it.o
LOAD ./Core/Src/syscalls.o
LOAD ./Core/Src/sysmem.o
LOAD ./Core/Src/system_stm32h5xx.o
LOAD ./Core/Startup/startup_stm32h563zitx.o
LOAD ./Drivers/STM32H5xx_HAL_Driver/Src/stm32h5xx_hal.o
LOAD ./Drivers/STM32H5xx_HAL_Driver/Src/stm32h5xx_hal_cortex.o
LOAD ./Drivers/STM32H5xx_HAL_Driver/Src/stm32h5xx_hal_crc.o
LOAD ./Drivers/STM32H5xx_HAL_Driver/Src/stm32h5xx_hal_crc_ex.o
LOAD ./Drivers/STM32H5xx_HAL_Driver/Src/stm32h5xx_hal_dma.o
LOAD ./Drivers/STM32H5xx_HAL_Driver/Src/stm32h5xx_hal_dma_ex.o
LOAD ./Drivers/STM32H5xx_HAL_Driver/Src/stm32h5xx_hal_exti.o
LOAD ./Drivers/STM32H5xx_HAL_Driver/Src/stm32h5xx_hal_fdcan.o
LOAD ./Drivers/STM32H5xx_HAL_Driver/Src/stm32h5xx_hal_flash.o
LOAD ./Drivers/STM32H5xx_HAL_Driver/Src/stm32h5xx_hal_flash_ex.o
LOAD ./Drivers/STM32H5xx_HAL_Driver/Src/stm32h5xx_hal_gpio.o
LOAD ./Drivers/STM32H5xx_HAL_Driver/Src/stm32h5xx_hal_icache.o
LOAD ./Drivers/STM32H5xx_HAL_Driver/Src/stm32h5xx_hal_pwr.o
LOAD ./Drivers/STM32H5xx_HAL_Driver/Src/stm32h5xx_hal_pwr_ex.o
LOAD ./Drivers/STM32H5xx_HAL_Driver/Src/stm32h5xx_hal_rcc.o
LOAD ./Drivers/STM32H5xx_HAL_Driver/Src/stm32h5xx_hal_rcc_ex.o
LOAD ./Drivers/STM32H5xx_HAL_Driver/Src/stm32h5xx_hal_tim.o
LOAD ./Drivers/STM32H5xx_HAL_Driver/Src/stm32h5xx_hal_tim_ex.o
START GROUP
LOAD /Applications/STM32CubeIDE.app/Contents/Eclipse/plugins/com.st.stm32cube.ide.mcu.externaltools.gnu-tools-for-stm32.12.3.rel1.macos64_1.0.100.202403111906/tools/bin/../lib/gcc/arm-none-eabi/12.3.1/../../../../arm-none-eabi/lib/thumb/v8-m.main+fp/hard/libc_nano.a
LOAD /Applications/STM32CubeIDE.app/Contents/Eclipse/plugins/com.st.stm32cube.ide.mcu.externaltools.gnu-tools-for-stm32.12.3.rel1.macos64_1.0.100.202403111906/tools/bin/../lib/gcc/arm-none-eabi/12.3.1/../../../../arm-none-eabi/lib/thumb/v8-m.main+fp/hard/libm.a
END GROUP
START GROUP
LOAD /Applications/STM32CubeIDE.app/Contents/Eclipse/plugins/com.st.stm32cube.ide.mcu.externaltools.gnu-tools-for-stm32.12.3.rel1.macos64_1.0.100.202403111906/tools/bin/../lib/gcc/arm-none-eabi/12.3.1/thumb/v8-m.main+fp/hard/libgcc.a
LOAD /Applications/STM32CubeIDE.app/Contents/Eclipse/plugins/com.st.stm32cube.ide.mcu.externaltools.gnu-tools-for-stm32.12.3.rel1.macos64_1.0.100.202403111906/tools/bin/../lib/gcc/arm-none-eabi/12.3.1/../../../../arm-none-eabi/lib/thumb/v8-m.main+fp/hard/libc_nano.a
END GROUP
START GROUP
LOAD /Applications/STM32CubeIDE.app/Contents/Eclipse/plugins/com.st.stm32cube.ide.mcu.externaltools.gnu-tools-for-stm32.12.3.rel1.macos64_1.0.100.202403111906/tools/bin/../lib/gcc/arm-none-eabi/12.3.1/thumb/v8-m.main+fp/hard/libgcc.a
LOAD /Applications/STM32CubeIDE.app/Contents/Eclipse/plugins/com.st.stm32cube.ide.mcu.externaltools.gnu-tools-for-stm32.12.3.rel1.macos64_1.0.100.202403111906/tools/bin/../lib/gcc/arm-none-eabi/12.3.1/../../../../arm-none-eabi/lib/thumb/v8-m.main+fp/hard/libc_nano.a
LOAD /Applications/STM32CubeIDE.app/Contents/Eclipse/plugins/com.st.stm32cube.ide.mcu.externaltools.gnu-tools-for-stm32.12.3.rel1.macos64_1.0.100.202403111906/tools/bin/../lib/gcc/arm-none-eabi/12.3.1/../../../../arm-none-eabi/lib/thumb/v8-m.main+fp/hard/libnosys.a
END GROUP
START GROUP
LOAD /Applications/STM32CubeIDE.app/Contents/Eclipse/plugins/com.st.stm32cube.ide.mcu.externaltools.gnu-tools-for-stm32.12.3.rel1.macos64_1.0.100.202403111906/tools/bin/../lib/gcc/arm-none-eabi/12.3.1/thumb/v8-m.main+fp/hard/libgcc.a
LOAD /Applications/STM32CubeIDE.app/Contents/Eclipse/plugins/com.st.stm32cube.ide.mcu.externaltools.gnu-tools-for-stm32.12.3.rel1.macos64_1.0.100.202403111906/tools/bin/../lib/gcc/arm-none-eabi/12.3.1/../../../../arm-none-eabi/lib/thumb/v8-m.main+fp/hard/libc_nano.a
LOAD /Applications/STM32CubeIDE.app/Contents/Eclipse/plugins/com.st.stm32cube.ide.mcu.externaltools.gnu-tools-for-stm32.12.3.rel1.macos64_1.0.100.202403111906/tools/bin/../lib/gcc/arm-none-eabi/12.3.1/../../../../arm-none-eabi/lib/thumb/v8-m.main+fp/hard/libnosys.a
END GROUP
LOAD /Applications/STM32CubeIDE.app/Contents/Eclipse/plugins/com.st.stm32cube.ide.mcu.externaltools.gnu-tools-for-stm32.12.3.rel1.macos64_1.0.100.202403111906/tools/bin/../lib/gcc/arm-none-eabi/12.3.1/thumb/v8-m.main+fp/hard/crtend.o
LOAD /Applications/STM32CubeIDE.app/Contents/Eclipse/plugins/com.st.stm32cube.ide.mcu.externaltools.gnu-tools-for-stm32.12.3.rel1.macos64_1.0.100.202403111906/tools/bin/../lib/gcc/arm-none-eabi/12.3.1/thumb/v8-m.main+fp/hard/crtn.o
                0x200a0000                        _estack = (ORIGIN (RAM) + LENGTH (RAM))
                0x00000200                        _Min_Heap_Size = 0x200
                0x00000400                        _Min_Stack_Size = 0x400

.isr_vector     0x08000000      0x24c
                0x08000000                        . = ALIGN (0x4)
 *(.isr_vector)
 .isr_vector    0x08000000      0x24c ./Core/Startup/startup_stm32h563zitx.o
                0x08000000                g_pfnVectors
                0x0800024c                        . = ALIGN (0x4)

.text           0x0800024c     0x6614
                0x0800024c                        . = ALIGN (0x4)
 *(.text)
 .text          0x0800024c       0x40 /Applications/STM32CubeIDE.app/Contents/Eclipse/plugins/com.st.stm32cube.ide.mcu.externaltools.gnu-tools-for-stm32.12.3.rel1.macos64_1.0.100.202403111906/tools/bin/../lib/gcc/arm-none-eabi/12.3.1/thumb/v8-m.main+fp/hard/crtbegin.o
 *(.text*)
 .text.ITM_SendChar
                0x0800028c       0x4e ./Core/Src/main.o
 *fill*         0x080002da        0x2 
 .text.FDCAN_SendMessage
                0x080002dc       0xd8 ./Core/Src/main.o
                0x080002dc                FDCAN_SendMessage
 .text.HAL_FDCAN_RxFifo0Callback
                0x080003b4       0xc0 ./Core/Src/main.o
                0x080003b4                HAL_FDCAN_RxFifo0Callback
 .text._write   0x08000474       0x38 ./Core/Src/main.o
                0x08000474                _write
 .text.main     0x080004ac      0x1a0 ./Core/Src/main.o
                0x080004ac                main
 .text.SystemClock_Config
                0x0800064c       0xd0 ./Core/Src/main.o
                0x0800064c                SystemClock_Config
 .text.MX_CRC_Init
                0x0800071c       0x44 ./Core/Src/main.o
 .text.MX_FDCAN1_Init
                0x08000760       0xd4 ./Core/Src/main.o
 .text.MX_FLASH_Init
                0x08000834       0x24 ./Core/Src/main.o
 .text.MX_ICACHE_Init
                0x08000858       0x26 ./Core/Src/main.o
 *fill*         0x0800087e        0x2 
 .text.MX_GPIO_Init
                0x08000880      0x228 ./Core/Src/main.o
 .text.Error_Handler
                0x08000aa8        0xc ./Core/Src/main.o
                0x08000aa8                Error_Handler
 .text.HAL_MspInit
                0x08000ab4        0xe ./Core/Src/stm32h5xx_hal_msp.o
                0x08000ab4                HAL_MspInit
 *fill*         0x08000ac2        0x2 
 .text.HAL_CRC_MspInit
                0x08000ac4       0x44 ./Core/Src/stm32h5xx_hal_msp.o
                0x08000ac4                HAL_CRC_MspInit
 .text.HAL_FDCAN_MspInit
                0x08000b08      0x240 ./Core/Src/stm32h5xx_hal_msp.o
                0x08000b08                HAL_FDCAN_MspInit
 .text.NMI_Handler
                0x08000d48        0x8 ./Core/Src/stm32h5xx_it.o
                0x08000d48                NMI_Handler
 .text.HardFault_Handler
                0x08000d50        0x8 ./Core/Src/stm32h5xx_it.o
                0x08000d50                HardFault_Handler
 .text.MemManage_Handler
                0x08000d58        0x8 ./Core/Src/stm32h5xx_it.o
                0x08000d58                MemManage_Handler
 .text.BusFault_Handler
                0x08000d60        0x8 ./Core/Src/stm32h5xx_it.o
                0x08000d60                BusFault_Handler
 .text.UsageFault_Handler
                0x08000d68        0x8 ./Core/Src/stm32h5xx_it.o
                0x08000d68                UsageFault_Handler
 .text.SVC_Handler
                0x08000d70        0xe ./Core/Src/stm32h5xx_it.o
                0x08000d70                SVC_Handler
 .text.DebugMon_Handler
                0x08000d7e        0xe ./Core/Src/stm32h5xx_it.o
                0x08000d7e                DebugMon_Handler
 .text.PendSV_Handler
                0x08000d8c        0xe ./Core/Src/stm32h5xx_it.o
                0x08000d8c                PendSV_Handler
 .text.SysTick_Handler
                0x08000d9a        0xc ./Core/Src/stm32h5xx_it.o
                0x08000d9a                SysTick_Handler
 .text.EXTI13_IRQHandler
                0x08000da6       0x10 ./Core/Src/stm32h5xx_it.o
                0x08000da6                EXTI13_IRQHandler
 *fill*         0x08000db6        0x2 
 .text.FDCAN1_IT0_IRQHandler
                0x08000db8       0x14 ./Core/Src/stm32h5xx_it.o
                0x08000db8                FDCAN1_IT0_IRQHandler
 .text.FDCAN1_IT1_IRQHandler
                0x08000dcc       0x14 ./Core/Src/stm32h5xx_it.o
                0x08000dcc                FDCAN1_IT1_IRQHandler
 .text._read    0x08000de0       0x3a ./Core/Src/syscalls.o
                0x08000de0                _read
 .text._close   0x08000e1a       0x18 ./Core/Src/syscalls.o
                0x08000e1a                _close
 .text._fstat   0x08000e32       0x20 ./Core/Src/syscalls.o
                0x08000e32                _fstat
 .text._isatty  0x08000e52       0x16 ./Core/Src/syscalls.o
                0x08000e52                _isatty
 .text._lseek   0x08000e68       0x1a ./Core/Src/syscalls.o
                0x08000e68                _lseek
 *fill*         0x08000e82        0x2 
 .text._sbrk    0x08000e84       0x6c ./Core/Src/sysmem.o
                0x08000e84                _sbrk
 .text.SystemInit
                0x08000ef0       0xf8 ./Core/Src/system_stm32h5xx.o
                0x08000ef0                SystemInit
 .text.Reset_Handler
                0x08000fe8       0x50 ./Core/Startup/startup_stm32h563zitx.o
                0x08000fe8                Reset_Handler
 .text.Default_Handler
                0x08001038        0x2 ./Core/Startup/startup_stm32h563zitx.o
                0x08001038                HASH_IRQHandler
                0x08001038                TIM8_TRG_COM_IRQHandler
                0x08001038                TIM8_CC_IRQHandler
                0x08001038                EXTI5_IRQHandler
                0x08001038                I3C1_ER_IRQHandler
                0x08001038                UART8_IRQHandler
                0x08001038                SPI4_IRQHandler
                0x08001038                GPDMA2_Channel1_IRQHandler
                0x08001038                FLASH_S_IRQHandler
                0x08001038                TIM1_CC_IRQHandler
                0x08001038                GPDMA2_Channel3_IRQHandler
                0x08001038                TAMP_IRQHandler
                0x08001038                TIM6_IRQHandler
                0x08001038                EXTI12_IRQHandler
                0x08001038                CORDIC_IRQHandler
                0x08001038                USB_DRD_FS_IRQHandler
                0x08001038                EXTI3_IRQHandler
                0x08001038                LPTIM4_IRQHandler
                0x08001038                GPDMA1_Channel5_IRQHandler
                0x08001038                EXTI8_IRQHandler
                0x08001038                GPDMA2_Channel5_IRQHandler
                0x08001038                LPTIM2_IRQHandler
                0x08001038                I2C3_ER_IRQHandler
                0x08001038                GPDMA2_Channel2_IRQHandler
                0x08001038                USART10_IRQHandler
                0x08001038                LPTIM3_IRQHandler
                0x08001038                EXTI0_IRQHandler
                0x08001038                I2C2_EV_IRQHandler
                0x08001038                FPU_IRQHandler
                0x08001038                GPDMA1_Channel3_IRQHandler
                0x08001038                GPDMA1_Channel7_IRQHandler
                0x08001038                RAMCFG_IRQHandler
                0x08001038                DCACHE1_IRQHandler
                0x08001038                SPI1_IRQHandler
                0x08001038                OCTOSPI1_IRQHandler
                0x08001038                GPDMA1_Channel2_IRQHandler
                0x08001038                TIM8_UP_IRQHandler
                0x08001038                RCC_S_IRQHandler
                0x08001038                SAI2_IRQHandler
                0x08001038                ADC1_IRQHandler
                0x08001038                USART6_IRQHandler
                0x08001038                EXTI15_IRQHandler
                0x08001038                TIM17_IRQHandler
                0x08001038                USART3_IRQHandler
                0x08001038                RTC_IRQHandler
                0x08001038                EXTI9_IRQHandler
                0x08001038                LPTIM5_IRQHandler
                0x08001038                UART5_IRQHandler
                0x08001038                TIM4_IRQHandler
                0x08001038                I2C1_EV_IRQHandler
                0x08001038                GPDMA1_Channel1_IRQHandler
                0x08001038                TIM16_IRQHandler
                0x08001038                UART4_IRQHandler
                0x08001038                SecureFault_Handler
                0x08001038                TIM3_IRQHandler
                0x08001038                RCC_IRQHandler
                0x08001038                UART9_IRQHandler
                0x08001038                TIM1_TRG_COM_IRQHandler
                0x08001038                Default_Handler
                0x08001038                FMAC_IRQHandler
                0x08001038                CEC_IRQHandler
                0x08001038                USART11_IRQHandler
                0x08001038                TIM14_IRQHandler
                0x08001038                TIM13_IRQHandler
                0x08001038                GPDMA2_Channel4_IRQHandler
                0x08001038                SPI5_IRQHandler
                0x08001038                TIM12_IRQHandler
                0x08001038                TIM7_IRQHandler
                0x08001038                SDMMC1_IRQHandler
                0x08001038                TIM5_IRQHandler
                0x08001038                UCPD1_IRQHandler
                0x08001038                GPDMA1_Channel0_IRQHandler
                0x08001038                I3C1_EV_IRQHandler
                0x08001038                TIM15_IRQHandler
                0x08001038                PVD_AVD_IRQHandler
                0x08001038                I2C3_EV_IRQHandler
                0x08001038                ETH_WKUP_IRQHandler
                0x08001038                ADC2_IRQHandler
                0x08001038                SPI2_IRQHandler
                0x08001038                EXTI14_IRQHandler
                0x08001038                EXTI11_IRQHandler
                0x08001038                CRS_IRQHandler
                0x08001038                EXTI4_IRQHandler
                0x08001038                GPDMA2_Channel0_IRQHandler
                0x08001038                RTC_S_IRQHandler
                0x08001038                RNG_IRQHandler
                0x08001038                FDCAN2_IT1_IRQHandler
                0x08001038                ETH_IRQHandler
                0x08001038                GPDMA2_Channel6_IRQHandler
                0x08001038                TIM1_UP_IRQHandler
                0x08001038                UART12_IRQHandler
                0x08001038                WWDG_IRQHandler
                0x08001038                SPI6_IRQHandler
                0x08001038                I2C4_EV_IRQHandler
                0x08001038                FDCAN2_IT0_IRQHandler
                0x08001038                IWDG_IRQHandler
                0x08001038                LPUART1_IRQHandler
                0x08001038                TIM2_IRQHandler
                0x08001038                GPDMA1_Channel4_IRQHandler
                0x08001038                EXTI7_IRQHandler
                0x08001038                TIM1_BRK_IRQHandler
                0x08001038                EXTI1_IRQHandler
                0x08001038                SDMMC2_IRQHandler
                0x08001038                LPTIM6_IRQHandler
                0x08001038                DAC1_IRQHandler
                0x08001038                DTS_IRQHandler
                0x08001038                UART7_IRQHandler
                0x08001038                GTZC_IRQHandler
                0x08001038                USART2_IRQHandler
                0x08001038                GPDMA1_Channel6_IRQHandler
                0x08001038                GPDMA2_Channel7_IRQHandler
                0x08001038                I2C2_ER_IRQHandler
                0x08001038                TIM8_BRK_IRQHandler
                0x08001038                FLASH_IRQHandler
                0x08001038                USART1_IRQHandler
                0x08001038                EXTI10_IRQHandler
                0x08001038                SPI3_IRQHandler
                0x08001038                I2C1_ER_IRQHandler
                0x08001038                FMC_IRQHandler
                0x08001038                EXTI6_IRQHandler
                0x08001038                LPTIM1_IRQHandler
                0x08001038                DCMI_PSSI_IRQHandler
                0x08001038                I2C4_ER_IRQHandler
                0x08001038                ICACHE_IRQHandler
                0x08001038                SAI1_IRQHandler
                0x08001038                EXTI2_IRQHandler
 *fill*         0x0800103a        0x2 
 .text.HAL_Init
                0x0800103c       0x50 ./Drivers/STM32H5xx_HAL_Driver/Src/stm32h5xx_hal.o
                0x0800103c                HAL_Init
 .text.HAL_InitTick
                0x0800108c       0xec ./Drivers/STM32H5xx_HAL_Driver/Src/stm32h5xx_hal.o
                0x0800108c                HAL_InitTick
 .text.HAL_IncTick
                0x08001178       0x28 ./Drivers/STM32H5xx_HAL_Driver/Src/stm32h5xx_hal.o
                0x08001178                HAL_IncTick
 .text.HAL_GetTick
                0x080011a0       0x18 ./Drivers/STM32H5xx_HAL_Driver/Src/stm32h5xx_hal.o
                0x080011a0                HAL_GetTick
 .text.HAL_Delay
                0x080011b8       0x48 ./Drivers/STM32H5xx_HAL_Driver/Src/stm32h5xx_hal.o
                0x080011b8                HAL_Delay
 .text.__NVIC_SetPriorityGrouping
                0x08001200       0x48 ./Drivers/STM32H5xx_HAL_Driver/Src/stm32h5xx_hal_cortex.o
 .text.__NVIC_GetPriorityGrouping
                0x08001248       0x1c ./Drivers/STM32H5xx_HAL_Driver/Src/stm32h5xx_hal_cortex.o
 .text.__NVIC_EnableIRQ
                0x08001264       0x3c ./Drivers/STM32H5xx_HAL_Driver/Src/stm32h5xx_hal_cortex.o
 .text.__NVIC_SetPriority
                0x080012a0       0x54 ./Drivers/STM32H5xx_HAL_Driver/Src/stm32h5xx_hal_cortex.o
 .text.NVIC_EncodePriority
                0x080012f4       0x66 ./Drivers/STM32H5xx_HAL_Driver/Src/stm32h5xx_hal_cortex.o
 .text.HAL_NVIC_SetPriorityGrouping
                0x0800135a       0x16 ./Drivers/STM32H5xx_HAL_Driver/Src/stm32h5xx_hal_cortex.o
                0x0800135a                HAL_NVIC_SetPriorityGrouping
 .text.HAL_NVIC_SetPriority
                0x08001370       0x34 ./Drivers/STM32H5xx_HAL_Driver/Src/stm32h5xx_hal_cortex.o
                0x08001370                HAL_NVIC_SetPriority
 .text.HAL_NVIC_EnableIRQ
                0x080013a4       0x1c ./Drivers/STM32H5xx_HAL_Driver/Src/stm32h5xx_hal_cortex.o
                0x080013a4                HAL_NVIC_EnableIRQ
 .text.HAL_SYSTICK_Config
                0x080013c0       0x44 ./Drivers/STM32H5xx_HAL_Driver/Src/stm32h5xx_hal_cortex.o
                0x080013c0                HAL_SYSTICK_Config
 .text.HAL_SYSTICK_CLKSourceConfig
                0x08001404       0xb0 ./Drivers/STM32H5xx_HAL_Driver/Src/stm32h5xx_hal_cortex.o
                0x08001404                HAL_SYSTICK_CLKSourceConfig
 .text.HAL_SYSTICK_GetCLKSourceConfig
                0x080014b4       0x6c ./Drivers/STM32H5xx_HAL_Driver/Src/stm32h5xx_hal_cortex.o
                0x080014b4                HAL_SYSTICK_GetCLKSourceConfig
 .text.HAL_CRC_Init
                0x08001520       0xc8 ./Drivers/STM32H5xx_HAL_Driver/Src/stm32h5xx_hal_crc.o
                0x08001520                HAL_CRC_Init
 .text.HAL_CRCEx_Polynomial_Set
                0x080015e8      0x11c ./Drivers/STM32H5xx_HAL_Driver/Src/stm32h5xx_hal_crc_ex.o
                0x080015e8                HAL_CRCEx_Polynomial_Set
 .text.HAL_FDCAN_Init
                0x08001704      0x2b4 ./Drivers/STM32H5xx_HAL_Driver/Src/stm32h5xx_hal_fdcan.o
                0x08001704                HAL_FDCAN_Init
 .text.HAL_FDCAN_ConfigFilter
                0x080019b8       0xb4 ./Drivers/STM32H5xx_HAL_Driver/Src/stm32h5xx_hal_fdcan.o
                0x080019b8                HAL_FDCAN_ConfigFilter
 .text.HAL_FDCAN_Start
                0x08001a6c       0x50 ./Drivers/STM32H5xx_HAL_Driver/Src/stm32h5xx_hal_fdcan.o
                0x08001a6c                HAL_FDCAN_Start
 .text.HAL_FDCAN_AddMessageToTxFifoQ
                0x08001abc       0x88 ./Drivers/STM32H5xx_HAL_Driver/Src/stm32h5xx_hal_fdcan.o
                0x08001abc                HAL_FDCAN_AddMessageToTxFifoQ
 .text.HAL_FDCAN_GetRxMessage
                0x08001b44      0x210 ./Drivers/STM32H5xx_HAL_Driver/Src/stm32h5xx_hal_fdcan.o
                0x08001b44                HAL_FDCAN_GetRxMessage
 .text.HAL_FDCAN_GetTxFifoFreeLevel
                0x08001d54       0x24 ./Drivers/STM32H5xx_HAL_Driver/Src/stm32h5xx_hal_fdcan.o
                0x08001d54                HAL_FDCAN_GetTxFifoFreeLevel
 .text.HAL_FDCAN_ActivateNotification
                0x08001d78      0x1cc ./Drivers/STM32H5xx_HAL_Driver/Src/stm32h5xx_hal_fdcan.o
                0x08001d78                HAL_FDCAN_ActivateNotification
 .text.HAL_FDCAN_IRQHandler
                0x08001f44      0x24a ./Drivers/STM32H5xx_HAL_Driver/Src/stm32h5xx_hal_fdcan.o
                0x08001f44                HAL_FDCAN_IRQHandler
 .text.HAL_FDCAN_TxEventFifoCallback
                0x0800218e       0x16 ./Drivers/STM32H5xx_HAL_Driver/Src/stm32h5xx_hal_fdcan.o
                0x0800218e                HAL_FDCAN_TxEventFifoCallback
 .text.HAL_FDCAN_RxFifo1Callback
                0x080021a4       0x16 ./Drivers/STM32H5xx_HAL_Driver/Src/stm32h5xx_hal_fdcan.o
                0x080021a4                HAL_FDCAN_RxFifo1Callback
 .text.HAL_FDCAN_TxFifoEmptyCallback
                0x080021ba       0x14 ./Drivers/STM32H5xx_HAL_Driver/Src/stm32h5xx_hal_fdcan.o
                0x080021ba                HAL_FDCAN_TxFifoEmptyCallback
 .text.HAL_FDCAN_TxBufferCompleteCallback
                0x080021ce       0x16 ./Drivers/STM32H5xx_HAL_Driver/Src/stm32h5xx_hal_fdcan.o
                0x080021ce                HAL_FDCAN_TxBufferCompleteCallback
 .text.HAL_FDCAN_TxBufferAbortCallback
                0x080021e4       0x16 ./Drivers/STM32H5xx_HAL_Driver/Src/stm32h5xx_hal_fdcan.o
                0x080021e4                HAL_FDCAN_TxBufferAbortCallback
 .text.HAL_FDCAN_TimestampWraparoundCallback
                0x080021fa       0x14 ./Drivers/STM32H5xx_HAL_Driver/Src/stm32h5xx_hal_fdcan.o
                0x080021fa                HAL_FDCAN_TimestampWraparoundCallback
 .text.HAL_FDCAN_TimeoutOccurredCallback
                0x0800220e       0x14 ./Drivers/STM32H5xx_HAL_Driver/Src/stm32h5xx_hal_fdcan.o
                0x0800220e                HAL_FDCAN_TimeoutOccurredCallback
 .text.HAL_FDCAN_HighPriorityMessageCallback
                0x08002222       0x14 ./Drivers/STM32H5xx_HAL_Driver/Src/stm32h5xx_hal_fdcan.o
                0x08002222                HAL_FDCAN_HighPriorityMessageCallback
 .text.HAL_FDCAN_ErrorCallback
                0x08002236       0x14 ./Drivers/STM32H5xx_HAL_Driver/Src/stm32h5xx_hal_fdcan.o
                0x08002236                HAL_FDCAN_ErrorCallback
 .text.HAL_FDCAN_ErrorStatusCallback
                0x0800224a       0x16 ./Drivers/STM32H5xx_HAL_Driver/Src/stm32h5xx_hal_fdcan.o
                0x0800224a                HAL_FDCAN_ErrorStatusCallback
 .text.FDCAN_CalcultateRamBlockAddresses
                0x08002260       0xc4 ./Drivers/STM32H5xx_HAL_Driver/Src/stm32h5xx_hal_fdcan.o
 .text.FDCAN_CopyMessageToRAM
                0x08002324       0xf8 ./Drivers/STM32H5xx_HAL_Driver/Src/stm32h5xx_hal_fdcan.o
 .text.HAL_FLASH_Unlock
                0x0800241c       0x4c ./Drivers/STM32H5xx_HAL_Driver/Src/stm32h5xx_hal_flash.o
                0x0800241c                HAL_FLASH_Unlock
 .text.HAL_FLASH_Lock
                0x08002468       0x38 ./Drivers/STM32H5xx_HAL_Driver/Src/stm32h5xx_hal_flash.o
                0x08002468                HAL_FLASH_Lock
 .text.HAL_GPIO_Init
                0x080024a0      0x2a4 ./Drivers/STM32H5xx_HAL_Driver/Src/stm32h5xx_hal_gpio.o
                0x080024a0                HAL_GPIO_Init
 .text.HAL_GPIO_ReadPin
                0x08002744       0x30 ./Drivers/STM32H5xx_HAL_Driver/Src/stm32h5xx_hal_gpio.o
                0x08002744                HAL_GPIO_ReadPin
 .text.HAL_GPIO_WritePin
                0x08002774       0x30 ./Drivers/STM32H5xx_HAL_Driver/Src/stm32h5xx_hal_gpio.o
                0x08002774                HAL_GPIO_WritePin
 .text.HAL_GPIO_TogglePin
                0x080027a4       0x34 ./Drivers/STM32H5xx_HAL_Driver/Src/stm32h5xx_hal_gpio.o
                0x080027a4                HAL_GPIO_TogglePin
 .text.HAL_GPIO_EXTI_IRQHandler
                0x080027d8       0x4c ./Drivers/STM32H5xx_HAL_Driver/Src/stm32h5xx_hal_gpio.o
                0x080027d8                HAL_GPIO_EXTI_IRQHandler
 .text.HAL_GPIO_EXTI_Rising_Callback
                0x08002824       0x16 ./Drivers/STM32H5xx_HAL_Driver/Src/stm32h5xx_hal_gpio.o
                0x08002824                HAL_GPIO_EXTI_Rising_Callback
 .text.HAL_GPIO_EXTI_Falling_Callback
                0x0800283a       0x16 ./Drivers/STM32H5xx_HAL_Driver/Src/stm32h5xx_hal_gpio.o
                0x0800283a                HAL_GPIO_EXTI_Falling_Callback
 .text.HAL_ICACHE_ConfigAssociativityMode
                0x08002850       0x40 ./Drivers/STM32H5xx_HAL_Driver/Src/stm32h5xx_hal_icache.o
                0x08002850                HAL_ICACHE_ConfigAssociativityMode
 .text.HAL_ICACHE_Enable
                0x08002890       0x20 ./Drivers/STM32H5xx_HAL_Driver/Src/stm32h5xx_hal_icache.o
                0x08002890                HAL_ICACHE_Enable
 .text.HAL_RCC_OscConfig
                0x080028b0      0x870 ./Drivers/STM32H5xx_HAL_Driver/Src/stm32h5xx_hal_rcc.o
                0x080028b0                HAL_RCC_OscConfig
 .text.HAL_RCC_ClockConfig
                0x08003120      0x370 ./Drivers/STM32H5xx_HAL_Driver/Src/stm32h5xx_hal_rcc.o
                0x08003120                HAL_RCC_ClockConfig
 .text.HAL_RCC_GetSysClockFreq
                0x08003490      0x258 ./Drivers/STM32H5xx_HAL_Driver/Src/stm32h5xx_hal_rcc.o
                0x08003490                HAL_RCC_GetSysClockFreq
 .text.HAL_RCC_GetHCLKFreq
                0x080036e8       0x38 ./Drivers/STM32H5xx_HAL_Driver/Src/stm32h5xx_hal_rcc.o
                0x080036e8                HAL_RCC_GetHCLKFreq
 .text.HAL_RCCEx_PeriphCLKConfig
                0x08003720     0x1f14 ./Drivers/STM32H5xx_HAL_Driver/Src/stm32h5xx_hal_rcc_ex.o
                0x08003720                HAL_RCCEx_PeriphCLKConfig
 .text.RCCEx_PLL2_Config
                0x08005634      0x130 ./Drivers/STM32H5xx_HAL_Driver/Src/stm32h5xx_hal_rcc_ex.o
 .text.RCCEx_PLL3_Config
                0x08005764      0x130 ./Drivers/STM32H5xx_HAL_Driver/Src/stm32h5xx_hal_rcc_ex.o
 .text.std      0x08005894       0x6c /Applications/STM32CubeIDE.app/Contents/Eclipse/plugins/com.st.stm32cube.ide.mcu.externaltools.gnu-tools-for-stm32.12.3.rel1.macos64_1.0.100.202403111906/tools/bin/../lib/gcc/arm-none-eabi/12.3.1/../../../../arm-none-eabi/lib/thumb/v8-m.main+fp/hard/libc_nano.a(libc_a-findfp.o)
 .text.stdio_exit_handler
                0x08005900       0x18 /Applications/STM32CubeIDE.app/Contents/Eclipse/plugins/com.st.stm32cube.ide.mcu.externaltools.gnu-tools-for-stm32.12.3.rel1.macos64_1.0.100.202403111906/tools/bin/../lib/gcc/arm-none-eabi/12.3.1/../../../../arm-none-eabi/lib/thumb/v8-m.main+fp/hard/libc_nano.a(libc_a-findfp.o)
 .text.cleanup_stdio
                0x08005918       0x40 /Applications/STM32CubeIDE.app/Contents/Eclipse/plugins/com.st.stm32cube.ide.mcu.externaltools.gnu-tools-for-stm32.12.3.rel1.macos64_1.0.100.202403111906/tools/bin/../lib/gcc/arm-none-eabi/12.3.1/../../../../arm-none-eabi/lib/thumb/v8-m.main+fp/hard/libc_nano.a(libc_a-findfp.o)
 .text.global_stdio_init.part.0
                0x08005958       0x3c /Applications/STM32CubeIDE.app/Contents/Eclipse/plugins/com.st.stm32cube.ide.mcu.externaltools.gnu-tools-for-stm32.12.3.rel1.macos64_1.0.100.202403111906/tools/bin/../lib/gcc/arm-none-eabi/12.3.1/../../../../arm-none-eabi/lib/thumb/v8-m.main+fp/hard/libc_nano.a(libc_a-findfp.o)
 .text.__sfp_lock_acquire
                0x08005994        0xc /Applications/STM32CubeIDE.app/Contents/Eclipse/plugins/com.st.stm32cube.ide.mcu.externaltools.gnu-tools-for-stm32.12.3.rel1.macos64_1.0.100.202403111906/tools/bin/../lib/gcc/arm-none-eabi/12.3.1/../../../../arm-none-eabi/lib/thumb/v8-m.main+fp/hard/libc_nano.a(libc_a-findfp.o)
                0x08005994                __sfp_lock_acquire
 .text.__sfp_lock_release
                0x080059a0        0xc /Applications/STM32CubeIDE.app/Contents/Eclipse/plugins/com.st.stm32cube.ide.mcu.externaltools.gnu-tools-for-stm32.12.3.rel1.macos64_1.0.100.202403111906/tools/bin/../lib/gcc/arm-none-eabi/12.3.1/../../../../arm-none-eabi/lib/thumb/v8-m.main+fp/hard/libc_nano.a(libc_a-findfp.o)
                0x080059a0                __sfp_lock_release
 .text.__sinit  0x080059ac       0x30 /Applications/STM32CubeIDE.app/Contents/Eclipse/plugins/com.st.stm32cube.ide.mcu.externaltools.gnu-tools-for-stm32.12.3.rel1.macos64_1.0.100.202403111906/tools/bin/../lib/gcc/arm-none-eabi/12.3.1/../../../../arm-none-eabi/lib/thumb/v8-m.main+fp/hard/libc_nano.a(libc_a-findfp.o)
                0x080059ac                __sinit
 .text._fwalk_sglue
                0x080059dc       0x3c /Applications/STM32CubeIDE.app/Contents/Eclipse/plugins/com.st.stm32cube.ide.mcu.externaltools.gnu-tools-for-stm32.12.3.rel1.macos64_1.0.100.202403111906/tools/bin/../lib/gcc/arm-none-eabi/12.3.1/../../../../arm-none-eabi/lib/thumb/v8-m.main+fp/hard/libc_nano.a(libc_a-fwalk.o)
                0x080059dc                _fwalk_sglue
 .text.printf   0x08005a18       0x24 /Applications/STM32CubeIDE.app/Contents/Eclipse/plugins/com.st.stm32cube.ide.mcu.externaltools.gnu-tools-for-stm32.12.3.rel1.macos64_1.0.100.202403111906/tools/bin/../lib/gcc/arm-none-eabi/12.3.1/../../../../arm-none-eabi/lib/thumb/v8-m.main+fp/hard/libc_nano.a(libc_a-printf.o)
                0x08005a18                printf
                0x08005a18                iprintf
 .text.putchar  0x08005a3c       0x10 /Applications/STM32CubeIDE.app/Contents/Eclipse/plugins/com.st.stm32cube.ide.mcu.externaltools.gnu-tools-for-stm32.12.3.rel1.macos64_1.0.100.202403111906/tools/bin/../lib/gcc/arm-none-eabi/12.3.1/../../../../arm-none-eabi/lib/thumb/v8-m.main+fp/hard/libc_nano.a(libc_a-putchar.o)
                0x08005a3c                putchar
 .text._puts_r  0x08005a4c       0xaa /Applications/STM32CubeIDE.app/Contents/Eclipse/plugins/com.st.stm32cube.ide.mcu.externaltools.gnu-tools-for-stm32.12.3.rel1.macos64_1.0.100.202403111906/tools/bin/../lib/gcc/arm-none-eabi/12.3.1/../../../../arm-none-eabi/lib/thumb/v8-m.main+fp/hard/libc_nano.a(libc_a-puts.o)
                0x08005a4c                _puts_r
 *fill*         0x08005af6        0x2 
 .text.puts     0x08005af8       0x10 /Applications/STM32CubeIDE.app/Contents/Eclipse/plugins/com.st.stm32cube.ide.mcu.externaltools.gnu-tools-for-stm32.12.3.rel1.macos64_1.0.100.202403111906/tools/bin/../lib/gcc/arm-none-eabi/12.3.1/../../../../arm-none-eabi/lib/thumb/v8-m.main+fp/hard/libc_nano.a(libc_a-puts.o)
                0x08005af8                puts
 .text.memset   0x08005b08       0x10 /Applications/STM32CubeIDE.app/Contents/Eclipse/plugins/com.st.stm32cube.ide.mcu.externaltools.gnu-tools-for-stm32.12.3.rel1.macos64_1.0.100.202403111906/tools/bin/../lib/gcc/arm-none-eabi/12.3.1/../../../../arm-none-eabi/lib/thumb/v8-m.main+fp/hard/libc_nano.a(libc_a-memset.o)
                0x08005b08                memset
 .text.__errno  0x08005b18        0xc /Applications/STM32CubeIDE.app/Contents/Eclipse/plugins/com.st.stm32cube.ide.mcu.externaltools.gnu-tools-for-stm32.12.3.rel1.macos64_1.0.100.202403111906/tools/bin/../lib/gcc/arm-none-eabi/12.3.1/../../../../arm-none-eabi/lib/thumb/v8-m.main+fp/hard/libc_nano.a(libc_a-errno.o)
                0x08005b18                __errno
 .text.__libc_init_array
                0x08005b24       0x48 /Applications/STM32CubeIDE.app/Contents/Eclipse/plugins/com.st.stm32cube.ide.mcu.externaltools.gnu-tools-for-stm32.12.3.rel1.macos64_1.0.100.202403111906/tools/bin/../lib/gcc/arm-none-eabi/12.3.1/../../../../arm-none-eabi/lib/thumb/v8-m.main+fp/hard/libc_nano.a(libc_a-init.o)
                0x08005b24                __libc_init_array
 .text.__retarget_lock_init_recursive
                0x08005b6c        0x2 /Applications/STM32CubeIDE.app/Contents/Eclipse/plugins/com.st.stm32cube.ide.mcu.externaltools.gnu-tools-for-stm32.12.3.rel1.macos64_1.0.100.202403111906/tools/bin/../lib/gcc/arm-none-eabi/12.3.1/../../../../arm-none-eabi/lib/thumb/v8-m.main+fp/hard/libc_nano.a(libc_a-lock.o)
                0x08005b6c                __retarget_lock_init_recursive
 .text.__retarget_lock_acquire_recursive
                0x08005b6e        0x2 /Applications/STM32CubeIDE.app/Contents/Eclipse/plugins/com.st.stm32cube.ide.mcu.externaltools.gnu-tools-for-stm32.12.3.rel1.macos64_1.0.100.202403111906/tools/bin/../lib/gcc/arm-none-eabi/12.3.1/../../../../arm-none-eabi/lib/thumb/v8-m.main+fp/hard/libc_nano.a(libc_a-lock.o)
                0x08005b6e                __retarget_lock_acquire_recursive
 .text.__retarget_lock_release_recursive
                0x08005b70        0x2 /Applications/STM32CubeIDE.app/Contents/Eclipse/plugins/com.st.stm32cube.ide.mcu.externaltools.gnu-tools-for-stm32.12.3.rel1.macos64_1.0.100.202403111906/tools/bin/../lib/gcc/arm-none-eabi/12.3.1/../../../../arm-none-eabi/lib/thumb/v8-m.main+fp/hard/libc_nano.a(libc_a-lock.o)
                0x08005b70                __retarget_lock_release_recursive
 .text.__sfputc_r
                0x08005b72       0x2e /Applications/STM32CubeIDE.app/Contents/Eclipse/plugins/com.st.stm32cube.ide.mcu.externaltools.gnu-tools-for-stm32.12.3.rel1.macos64_1.0.100.202403111906/tools/bin/../lib/gcc/arm-none-eabi/12.3.1/../../../../arm-none-eabi/lib/thumb/v8-m.main+fp/hard/libc_nano.a(libc_a-nano-vfprintf.o)
 .text.__sfputs_r
                0x08005ba0       0x24 /Applications/STM32CubeIDE.app/Contents/Eclipse/plugins/com.st.stm32cube.ide.mcu.externaltools.gnu-tools-for-stm32.12.3.rel1.macos64_1.0.100.202403111906/tools/bin/../lib/gcc/arm-none-eabi/12.3.1/../../../../arm-none-eabi/lib/thumb/v8-m.main+fp/hard/libc_nano.a(libc_a-nano-vfprintf.o)
                0x08005ba0                __sfputs_r
 .text._vfprintf_r
                0x08005bc4      0x230 /Applications/STM32CubeIDE.app/Contents/Eclipse/plugins/com.st.stm32cube.ide.mcu.externaltools.gnu-tools-for-stm32.12.3.rel1.macos64_1.0.100.202403111906/tools/bin/../lib/gcc/arm-none-eabi/12.3.1/../../../../arm-none-eabi/lib/thumb/v8-m.main+fp/hard/libc_nano.a(libc_a-nano-vfprintf.o)
                0x08005bc4                _vfiprintf_r
                0x08005bc4                _vfprintf_r
 .text.sbrk_aligned
                0x08005df4       0x44 /Applications/STM32CubeIDE.app/Contents/Eclipse/plugins/com.st.stm32cube.ide.mcu.externaltools.gnu-tools-for-stm32.12.3.rel1.macos64_1.0.100.202403111906/tools/bin/../lib/gcc/arm-none-eabi/12.3.1/../../../../arm-none-eabi/lib/thumb/v8-m.main+fp/hard/libc_nano.a(libc_a-mallocr.o)
 .text._malloc_r
                0x08005e38      0x100 /Applications/STM32CubeIDE.app/Contents/Eclipse/plugins/com.st.stm32cube.ide.mcu.externaltools.gnu-tools-for-stm32.12.3.rel1.macos64_1.0.100.202403111906/tools/bin/../lib/gcc/arm-none-eabi/12.3.1/../../../../arm-none-eabi/lib/thumb/v8-m.main+fp/hard/libc_nano.a(libc_a-mallocr.o)
                0x08005e38                _malloc_r
 .text._printf_common
                0x08005f38       0xe4 /Applications/STM32CubeIDE.app/Contents/Eclipse/plugins/com.st.stm32cube.ide.mcu.externaltools.gnu-tools-for-stm32.12.3.rel1.macos64_1.0.100.202403111906/tools/bin/../lib/gcc/arm-none-eabi/12.3.1/../../../../arm-none-eabi/lib/thumb/v8-m.main+fp/hard/libc_nano.a(libc_a-nano-vfprintf_i.o)
                0x08005f38                _printf_common
 .text._printf_i
                0x0800601c      0x240 /Applications/STM32CubeIDE.app/Contents/Eclipse/plugins/com.st.stm32cube.ide.mcu.externaltools.gnu-tools-for-stm32.12.3.rel1.macos64_1.0.100.202403111906/tools/bin/../lib/gcc/arm-none-eabi/12.3.1/../../../../arm-none-eabi/lib/thumb/v8-m.main+fp/hard/libc_nano.a(libc_a-nano-vfprintf_i.o)
                0x0800601c                _printf_i
 .text.__sflush_r
                0x0800625c      0x108 /Applications/STM32CubeIDE.app/Contents/Eclipse/plugins/com.st.stm32cube.ide.mcu.externaltools.gnu-tools-for-stm32.12.3.rel1.macos64_1.0.100.202403111906/tools/bin/../lib/gcc/arm-none-eabi/12.3.1/../../../../arm-none-eabi/lib/thumb/v8-m.main+fp/hard/libc_nano.a(libc_a-fflush.o)
                0x0800625c                __sflush_r
 .text._fflush_r
                0x08006364       0x50 /Applications/STM32CubeIDE.app/Contents/Eclipse/plugins/com.st.stm32cube.ide.mcu.externaltools.gnu-tools-for-stm32.12.3.rel1.macos64_1.0.100.202403111906/tools/bin/../lib/gcc/arm-none-eabi/12.3.1/../../../../arm-none-eabi/lib/thumb/v8-m.main+fp/hard/libc_nano.a(libc_a-fflush.o)
                0x08006364                _fflush_r
 .text.__malloc_lock
                0x080063b4        0xc /Applications/STM32CubeIDE.app/Contents/Eclipse/plugins/com.st.stm32cube.ide.mcu.externaltools.gnu-tools-for-stm32.12.3.rel1.macos64_1.0.100.202403111906/tools/bin/../lib/gcc/arm-none-eabi/12.3.1/../../../../arm-none-eabi/lib/thumb/v8-m.main+fp/hard/libc_nano.a(libc_a-mlock.o)
                0x080063b4                __malloc_lock
 .text.__malloc_unlock
                0x080063c0        0xc /Applications/STM32CubeIDE.app/Contents/Eclipse/plugins/com.st.stm32cube.ide.mcu.externaltools.gnu-tools-for-stm32.12.3.rel1.macos64_1.0.100.202403111906/tools/bin/../lib/gcc/arm-none-eabi/12.3.1/../../../../arm-none-eabi/lib/thumb/v8-m.main+fp/hard/libc_nano.a(libc_a-mlock.o)
                0x080063c0                __malloc_unlock
 .text.__sread  0x080063cc       0x22 /Applications/STM32CubeIDE.app/Contents/Eclipse/plugins/com.st.stm32cube.ide.mcu.externaltools.gnu-tools-for-stm32.12.3.rel1.macos64_1.0.100.202403111906/tools/bin/../lib/gcc/arm-none-eabi/12.3.1/../../../../arm-none-eabi/lib/thumb/v8-m.main+fp/hard/libc_nano.a(libc_a-stdio.o)
                0x080063cc                __sread
 .text.__swrite
                0x080063ee       0x38 /Applications/STM32CubeIDE.app/Contents/Eclipse/plugins/com.st.stm32cube.ide.mcu.externaltools.gnu-tools-for-stm32.12.3.rel1.macos64_1.0.100.202403111906/tools/bin/../lib/gcc/arm-none-eabi/12.3.1/../../../../arm-none-eabi/lib/thumb/v8-m.main+fp/hard/libc_nano.a(libc_a-stdio.o)
                0x080063ee                __swrite
 .text.__sseek  0x08006426       0x24 /Applications/STM32CubeIDE.app/Contents/Eclipse/plugins/com.st.stm32cube.ide.mcu.externaltools.gnu-tools-for-stm32.12.3.rel1.macos64_1.0.100.202403111906/tools/bin/../lib/gcc/arm-none-eabi/12.3.1/../../../../arm-none-eabi/lib/thumb/v8-m.main+fp/hard/libc_nano.a(libc_a-stdio.o)
                0x08006426                __sseek
 .text.__sclose
                0x0800644a        0x8 /Applications/STM32CubeIDE.app/Contents/Eclipse/plugins/com.st.stm32cube.ide.mcu.externaltools.gnu-tools-for-stm32.12.3.rel1.macos64_1.0.100.202403111906/tools/bin/../lib/gcc/arm-none-eabi/12.3.1/../../../../arm-none-eabi/lib/thumb/v8-m.main+fp/hard/libc_nano.a(libc_a-stdio.o)
                0x0800644a                __sclose
 .text.__swbuf_r
                0x08006452       0x7c /Applications/STM32CubeIDE.app/Contents/Eclipse/plugins/com.st.stm32cube.ide.mcu.externaltools.gnu-tools-for-stm32.12.3.rel1.macos64_1.0.100.202403111906/tools/bin/../lib/gcc/arm-none-eabi/12.3.1/../../../../arm-none-eabi/lib/thumb/v8-m.main+fp/hard/libc_nano.a(libc_a-wbuf.o)
                0x08006452                __swbuf_r
 *fill*         0x080064ce        0x2 
 .text.__swsetup_r
                0x080064d0       0xac /Applications/STM32CubeIDE.app/Contents/Eclipse/plugins/com.st.stm32cube.ide.mcu.externaltools.gnu-tools-for-stm32.12.3.rel1.macos64_1.0.100.202403111906/tools/bin/../lib/gcc/arm-none-eabi/12.3.1/../../../../arm-none-eabi/lib/thumb/v8-m.main+fp/hard/libc_nano.a(libc_a-wsetup.o)
                0x080064d0                __swsetup_r
 .text.__swhatbuf_r
                0x0800657c       0x4a /Applications/STM32CubeIDE.app/Contents/Eclipse/plugins/com.st.stm32cube.ide.mcu.externaltools.gnu-tools-for-stm32.12.3.rel1.macos64_1.0.100.202403111906/tools/bin/../lib/gcc/arm-none-eabi/12.3.1/../../../../arm-none-eabi/lib/thumb/v8-m.main+fp/hard/libc_nano.a(libc_a-makebuf.o)
                0x0800657c                __swhatbuf_r
 .text.__smakebuf_r
                0x080065c6       0x78 /Applications/STM32CubeIDE.app/Contents/Eclipse/plugins/com.st.stm32cube.ide.mcu.externaltools.gnu-tools-for-stm32.12.3.rel1.macos64_1.0.100.202403111906/tools/bin/../lib/gcc/arm-none-eabi/12.3.1/../../../../arm-none-eabi/lib/thumb/v8-m.main+fp/hard/libc_nano.a(libc_a-makebuf.o)
                0x080065c6                __smakebuf_r
 .text._putc_r  0x0800663e       0x68 /Applications/STM32CubeIDE.app/Contents/Eclipse/plugins/com.st.stm32cube.ide.mcu.externaltools.gnu-tools-for-stm32.12.3.rel1.macos64_1.0.100.202403111906/tools/bin/../lib/gcc/arm-none-eabi/12.3.1/../../../../arm-none-eabi/lib/thumb/v8-m.main+fp/hard/libc_nano.a(libc_a-putc.o)
                0x0800663e                _putc_r
 *fill*         0x080066a6        0x2 
 .text._close_r
                0x080066a8       0x20 /Applications/STM32CubeIDE.app/Contents/Eclipse/plugins/com.st.stm32cube.ide.mcu.externaltools.gnu-tools-for-stm32.12.3.rel1.macos64_1.0.100.202403111906/tools/bin/../lib/gcc/arm-none-eabi/12.3.1/../../../../arm-none-eabi/lib/thumb/v8-m.main+fp/hard/libc_nano.a(libc_a-closer.o)
                0x080066a8                _close_r
 .text._fstat_r
                0x080066c8       0x24 /Applications/STM32CubeIDE.app/Contents/Eclipse/plugins/com.st.stm32cube.ide.mcu.externaltools.gnu-tools-for-stm32.12.3.rel1.macos64_1.0.100.202403111906/tools/bin/../lib/gcc/arm-none-eabi/12.3.1/../../../../arm-none-eabi/lib/thumb/v8-m.main+fp/hard/libc_nano.a(libc_a-fstatr.o)
                0x080066c8                _fstat_r
 .text._isatty_r
                0x080066ec       0x20 /Applications/STM32CubeIDE.app/Contents/Eclipse/plugins/com.st.stm32cube.ide.mcu.externaltools.gnu-tools-for-stm32.12.3.rel1.macos64_1.0.100.202403111906/tools/bin/../lib/gcc/arm-none-eabi/12.3.1/../../../../arm-none-eabi/lib/thumb/v8-m.main+fp/hard/libc_nano.a(libc_a-isattyr.o)
                0x080066ec                _isatty_r
 .text._lseek_r
                0x0800670c       0x24 /Applications/STM32CubeIDE.app/Contents/Eclipse/plugins/com.st.stm32cube.ide.mcu.externaltools.gnu-tools-for-stm32.12.3.rel1.macos64_1.0.100.202403111906/tools/bin/../lib/gcc/arm-none-eabi/12.3.1/../../../../arm-none-eabi/lib/thumb/v8-m.main+fp/hard/libc_nano.a(libc_a-lseekr.o)
                0x0800670c                _lseek_r
 .text._read_r  0x08006730       0x24 /Applications/STM32CubeIDE.app/Contents/Eclipse/plugins/com.st.stm32cube.ide.mcu.externaltools.gnu-tools-for-stm32.12.3.rel1.macos64_1.0.100.202403111906/tools/bin/../lib/gcc/arm-none-eabi/12.3.1/../../../../arm-none-eabi/lib/thumb/v8-m.main+fp/hard/libc_nano.a(libc_a-readr.o)
                0x08006730                _read_r
 .text._sbrk_r  0x08006754       0x20 /Applications/STM32CubeIDE.app/Contents/Eclipse/plugins/com.st.stm32cube.ide.mcu.externaltools.gnu-tools-for-stm32.12.3.rel1.macos64_1.0.100.202403111906/tools/bin/../lib/gcc/arm-none-eabi/12.3.1/../../../../arm-none-eabi/lib/thumb/v8-m.main+fp/hard/libc_nano.a(libc_a-sbrkr.o)
                0x08006754                _sbrk_r
 .text._write_r
                0x08006774       0x24 /Applications/STM32CubeIDE.app/Contents/Eclipse/plugins/com.st.stm32cube.ide.mcu.externaltools.gnu-tools-for-stm32.12.3.rel1.macos64_1.0.100.202403111906/tools/bin/../lib/gcc/arm-none-eabi/12.3.1/../../../../arm-none-eabi/lib/thumb/v8-m.main+fp/hard/libc_nano.a(libc_a-writer.o)
                0x08006774                _write_r
 .text.memchr   0x08006798       0x1c /Applications/STM32CubeIDE.app/Contents/Eclipse/plugins/com.st.stm32cube.ide.mcu.externaltools.gnu-tools-for-stm32.12.3.rel1.macos64_1.0.100.202403111906/tools/bin/../lib/gcc/arm-none-eabi/12.3.1/../../../../arm-none-eabi/lib/thumb/v8-m.main+fp/hard/libc_nano.a(libc_a-memchr-stub.o)
                0x08006798                memchr
 .text._free_r  0x080067b4       0x94 /Applications/STM32CubeIDE.app/Contents/Eclipse/plugins/com.st.stm32cube.ide.mcu.externaltools.gnu-tools-for-stm32.12.3.rel1.macos64_1.0.100.202403111906/tools/bin/../lib/gcc/arm-none-eabi/12.3.1/../../../../arm-none-eabi/lib/thumb/v8-m.main+fp/hard/libc_nano.a(libc_a-freer.o)
                0x080067b4                _free_r
 *(.glue_7)
 .glue_7        0x08006848        0x0 linker stubs
 *(.glue_7t)
 .glue_7t       0x08006848        0x0 linker stubs
 *(.eh_frame)
 .eh_frame      0x08006848        0x0 /Applications/STM32CubeIDE.app/Contents/Eclipse/plugins/com.st.stm32cube.ide.mcu.externaltools.gnu-tools-for-stm32.12.3.rel1.macos64_1.0.100.202403111906/tools/bin/../lib/gcc/arm-none-eabi/12.3.1/thumb/v8-m.main+fp/hard/crtbegin.o
 *(.init)
 .init          0x08006848        0x4 /Applications/STM32CubeIDE.app/Contents/Eclipse/plugins/com.st.stm32cube.ide.mcu.externaltools.gnu-tools-for-stm32.12.3.rel1.macos64_1.0.100.202403111906/tools/bin/../lib/gcc/arm-none-eabi/12.3.1/thumb/v8-m.main+fp/hard/crti.o
                0x08006848                _init
 .init          0x0800684c        0x8 /Applications/STM32CubeIDE.app/Contents/Eclipse/plugins/com.st.stm32cube.ide.mcu.externaltools.gnu-tools-for-stm32.12.3.rel1.macos64_1.0.100.202403111906/tools/bin/../lib/gcc/arm-none-eabi/12.3.1/thumb/v8-m.main+fp/hard/crtn.o
 *(.fini)
 .fini          0x08006854        0x4 /Applications/STM32CubeIDE.app/Contents/Eclipse/plugins/com.st.stm32cube.ide.mcu.externaltools.gnu-tools-for-stm32.12.3.rel1.macos64_1.0.100.202403111906/tools/bin/../lib/gcc/arm-none-eabi/12.3.1/thumb/v8-m.main+fp/hard/crti.o
                0x08006854                _fini
 .fini          0x08006858        0x8 /Applications/STM32CubeIDE.app/Contents/Eclipse/plugins/com.st.stm32cube.ide.mcu.externaltools.gnu-tools-for-stm32.12.3.rel1.macos64_1.0.100.202403111906/tools/bin/../lib/gcc/arm-none-eabi/12.3.1/thumb/v8-m.main+fp/hard/crtn.o
                0x08006860                        . = ALIGN (0x4)
                0x08006860                        _etext = .

.vfp11_veneer   0x08006860        0x0
 .vfp11_veneer  0x08006860        0x0 linker stubs

.v4_bx          0x08006860        0x0
 .v4_bx         0x08006860        0x0 linker stubs

.iplt           0x08006860        0x0
 .iplt          0x08006860        0x0 /Applications/STM32CubeIDE.app/Contents/Eclipse/plugins/com.st.stm32cube.ide.mcu.externaltools.gnu-tools-for-stm32.12.3.rel1.macos64_1.0.100.202403111906/tools/bin/../lib/gcc/arm-none-eabi/12.3.1/thumb/v8-m.main+fp/hard/crtbegin.o

.rodata         0x08006860      0x12c
                0x08006860                        . = ALIGN (0x4)
 *(.rodata)
 .rodata        0x08006860       0xd7 ./Core/Src/main.o
 *(.rodata*)
 *fill*         0x08006937        0x1 
 .rodata.AHBPrescTable
                0x08006938       0x10 ./Core/Src/system_stm32h5xx.o
                0x08006938                AHBPrescTable
 .rodata.DLCtoBytes
                0x08006948       0x10 ./Drivers/STM32H5xx_HAL_Driver/Src/stm32h5xx_hal_fdcan.o
 .rodata._vfprintf_r.str1.1
                0x08006958       0x11 /Applications/STM32CubeIDE.app/Contents/Eclipse/plugins/com.st.stm32cube.ide.mcu.externaltools.gnu-tools-for-stm32.12.3.rel1.macos64_1.0.100.202403111906/tools/bin/../lib/gcc/arm-none-eabi/12.3.1/../../../../arm-none-eabi/lib/thumb/v8-m.main+fp/hard/libc_nano.a(libc_a-nano-vfprintf.o)
 .rodata._printf_i.str1.1
                0x08006969       0x22 /Applications/STM32CubeIDE.app/Contents/Eclipse/plugins/com.st.stm32cube.ide.mcu.externaltools.gnu-tools-for-stm32.12.3.rel1.macos64_1.0.100.202403111906/tools/bin/../lib/gcc/arm-none-eabi/12.3.1/../../../../arm-none-eabi/lib/thumb/v8-m.main+fp/hard/libc_nano.a(libc_a-nano-vfprintf_i.o)
                0x0800698c                        . = ALIGN (0x4)
 *fill*         0x0800698b        0x1 

.rel.dyn        0x0800698c        0x0
 .rel.iplt      0x0800698c        0x0 /Applications/STM32CubeIDE.app/Contents/Eclipse/plugins/com.st.stm32cube.ide.mcu.externaltools.gnu-tools-for-stm32.12.3.rel1.macos64_1.0.100.202403111906/tools/bin/../lib/gcc/arm-none-eabi/12.3.1/thumb/v8-m.main+fp/hard/crtbegin.o

.ARM.extab      0x0800698c        0x0
                0x0800698c                        . = ALIGN (0x4)
 *(.ARM.extab* .gnu.linkonce.armextab.*)
                0x0800698c                        . = ALIGN (0x4)

.ARM            0x0800698c        0x0
                0x0800698c                        . = ALIGN (0x4)
                0x0800698c                        __exidx_start = .
 *(.ARM.exidx*)
                0x0800698c                        __exidx_end = .
                0x0800698c                        . = ALIGN (0x4)

.preinit_array  0x0800698c        0x0
                0x0800698c                        . = ALIGN (0x4)
                0x0800698c                        PROVIDE (__preinit_array_start = .)
 *(.preinit_array*)
                0x0800698c                        PROVIDE (__preinit_array_end = .)
                0x0800698c                        . = ALIGN (0x4)

.init_array     0x0800698c        0x4
                0x0800698c                        . = ALIGN (0x4)
                0x0800698c                        PROVIDE (__init_array_start = .)
 *(SORT_BY_NAME(.init_array.*))
 *(.init_array*)
 .init_array    0x0800698c        0x4 /Applications/STM32CubeIDE.app/Contents/Eclipse/plugins/com.st.stm32cube.ide.mcu.externaltools.gnu-tools-for-stm32.12.3.rel1.macos64_1.0.100.202403111906/tools/bin/../lib/gcc/arm-none-eabi/12.3.1/thumb/v8-m.main+fp/hard/crtbegin.o
                0x08006990                        PROVIDE (__init_array_end = .)
                0x08006990                        . = ALIGN (0x4)

.fini_array     0x08006990        0x4
                0x08006990                        . = ALIGN (0x4)
                [!provide]                        PROVIDE (__fini_array_start = .)
 *(SORT_BY_NAME(.fini_array.*))
 *(.fini_array*)
 .fini_array    0x08006990        0x4 /Applications/STM32CubeIDE.app/Contents/Eclipse/plugins/com.st.stm32cube.ide.mcu.externaltools.gnu-tools-for-stm32.12.3.rel1.macos64_1.0.100.202403111906/tools/bin/../lib/gcc/arm-none-eabi/12.3.1/thumb/v8-m.main+fp/hard/crtbegin.o
                [!provide]                        PROVIDE (__fini_array_end = .)
                0x08006994                        . = ALIGN (0x4)
                0x08006994                        _sidata = LOADADDR (.data)

.data           0x20000000       0x68 load address 0x08006994
                0x20000000                        . = ALIGN (0x4)
                0x20000000                        _sdata = .
 *(.data)
 *(.data*)
 .data.SystemCoreClock
                0x20000000        0x4 ./Core/Src/system_stm32h5xx.o
                0x20000000                SystemCoreClock
 .data.uwTickPrio
                0x20000004        0x4 ./Drivers/STM32H5xx_HAL_Driver/Src/stm32h5xx_hal.o
                0x20000004                uwTickPrio
 .data.uwTickFreq
                0x20000008        0x1 ./Drivers/STM32H5xx_HAL_Driver/Src/stm32h5xx_hal.o
                0x20000008                uwTickFreq
 *fill*         0x20000009        0x3 
 .data.__sglue  0x2000000c        0xc /Applications/STM32CubeIDE.app/Contents/Eclipse/plugins/com.st.stm32cube.ide.mcu.externaltools.gnu-tools-for-stm32.12.3.rel1.macos64_1.0.100.202403111906/tools/bin/../lib/gcc/arm-none-eabi/12.3.1/../../../../arm-none-eabi/lib/thumb/v8-m.main+fp/hard/libc_nano.a(libc_a-findfp.o)
                0x2000000c                __sglue
 .data._impure_ptr
                0x20000018        0x4 /Applications/STM32CubeIDE.app/Contents/Eclipse/plugins/com.st.stm32cube.ide.mcu.externaltools.gnu-tools-for-stm32.12.3.rel1.macos64_1.0.100.202403111906/tools/bin/../lib/gcc/arm-none-eabi/12.3.1/../../../../arm-none-eabi/lib/thumb/v8-m.main+fp/hard/libc_nano.a(libc_a-impure.o)
                0x20000018                _impure_ptr
 .data._impure_data
                0x2000001c       0x4c /Applications/STM32CubeIDE.app/Contents/Eclipse/plugins/com.st.stm32cube.ide.mcu.externaltools.gnu-tools-for-stm32.12.3.rel1.macos64_1.0.100.202403111906/tools/bin/../lib/gcc/arm-none-eabi/12.3.1/../../../../arm-none-eabi/lib/thumb/v8-m.main+fp/hard/libc_nano.a(libc_a-impure.o)
                0x2000001c                _impure_data
 *(.RamFunc)
 *(.RamFunc*)
                0x20000068                        . = ALIGN (0x4)
                0x20000068                        _edata = .

.igot.plt       0x20000068        0x0 load address 0x080069fc
 .igot.plt      0x20000068        0x0 /Applications/STM32CubeIDE.app/Contents/Eclipse/plugins/com.st.stm32cube.ide.mcu.externaltools.gnu-tools-for-stm32.12.3.rel1.macos64_1.0.100.202403111906/tools/bin/../lib/gcc/arm-none-eabi/12.3.1/thumb/v8-m.main+fp/hard/crtbegin.o
                0x20000068                        . = ALIGN (0x4)

.bss            0x20000068      0x278 load address 0x080069fc
                0x20000068                        _sbss = .
                0x20000068                        __bss_start__ = _sbss
 *(.bss)
 .bss           0x20000068       0x1c /Applications/STM32CubeIDE.app/Contents/Eclipse/plugins/com.st.stm32cube.ide.mcu.externaltools.gnu-tools-for-stm32.12.3.rel1.macos64_1.0.100.202403111906/tools/bin/../lib/gcc/arm-none-eabi/12.3.1/thumb/v8-m.main+fp/hard/crtbegin.o
 *(.bss*)
 .bss.hcrc      0x20000084       0x24 ./Core/Src/main.o
                0x20000084                hcrc
 .bss.hfdcan1   0x200000a8       0x64 ./Core/Src/main.o
                0x200000a8                hfdcan1
 .bss.messageRecieved
                0x2000010c        0x1 ./Core/Src/main.o
                0x2000010c                messageRecieved
 *fill*         0x2000010d        0x3 
 .bss.msg8      0x20000110       0x10 ./Core/Src/main.o
                0x20000110                msg8
 .bss.txHeader1
                0x20000120       0x24 ./Core/Src/main.o
                0x20000120                txHeader1
 .bss.rxHeader1
                0x20000144       0x28 ./Core/Src/main.o
                0x20000144                rxHeader1
 .bss.txData1   0x2000016c        0x8 ./Core/Src/main.o
                0x2000016c                txData1
 .bss.rxData1   0x20000174        0x8 ./Core/Src/main.o
                0x20000174                rxData1
 .bss.freeSlotsBefore_fdcan1
                0x2000017c        0x4 ./Core/Src/main.o
                0x2000017c                freeSlotsBefore_fdcan1
 .bss.freeSlotsAfter_fdcan1
                0x20000180        0x4 ./Core/Src/main.o
                0x20000180                freeSlotsAfter_fdcan1
 .bss.status1   0x20000184        0x1 ./Core/Src/main.o
                0x20000184                status1
 *fill*         0x20000185        0x3 
 .bss.HAL_RCC_FDCAN_CLK_ENABLED
                0x20000188        0x4 ./Core/Src/stm32h5xx_hal_msp.o
 .bss.__sbrk_heap_end
                0x2000018c        0x4 ./Core/Src/sysmem.o
 .bss.uwTick    0x20000190        0x4 ./Drivers/STM32H5xx_HAL_Driver/Src/stm32h5xx_hal.o
                0x20000190                uwTick
 .bss.__sf      0x20000194      0x138 /Applications/STM32CubeIDE.app/Contents/Eclipse/plugins/com.st.stm32cube.ide.mcu.externaltools.gnu-tools-for-stm32.12.3.rel1.macos64_1.0.100.202403111906/tools/bin/../lib/gcc/arm-none-eabi/12.3.1/../../../../arm-none-eabi/lib/thumb/v8-m.main+fp/hard/libc_nano.a(libc_a-findfp.o)
                0x20000194                __sf
 .bss.__stdio_exit_handler
                0x200002cc        0x4 /Applications/STM32CubeIDE.app/Contents/Eclipse/plugins/com.st.stm32cube.ide.mcu.externaltools.gnu-tools-for-stm32.12.3.rel1.macos64_1.0.100.202403111906/tools/bin/../lib/gcc/arm-none-eabi/12.3.1/../../../../arm-none-eabi/lib/thumb/v8-m.main+fp/hard/libc_nano.a(libc_a-findfp.o)
                0x200002cc                __stdio_exit_handler
 .bss.__lock___malloc_recursive_mutex
                0x200002d0        0x1 /Applications/STM32CubeIDE.app/Contents/Eclipse/plugins/com.st.stm32cube.ide.mcu.externaltools.gnu-tools-for-stm32.12.3.rel1.macos64_1.0.100.202403111906/tools/bin/../lib/gcc/arm-none-eabi/12.3.1/../../../../arm-none-eabi/lib/thumb/v8-m.main+fp/hard/libc_nano.a(libc_a-lock.o)
                0x200002d0                __lock___malloc_recursive_mutex
 .bss.__lock___sfp_recursive_mutex
                0x200002d1        0x1 /Applications/STM32CubeIDE.app/Contents/Eclipse/plugins/com.st.stm32cube.ide.mcu.externaltools.gnu-tools-for-stm32.12.3.rel1.macos64_1.0.100.202403111906/tools/bin/../lib/gcc/arm-none-eabi/12.3.1/../../../../arm-none-eabi/lib/thumb/v8-m.main+fp/hard/libc_nano.a(libc_a-lock.o)
                0x200002d1                __lock___sfp_recursive_mutex
 *fill*         0x200002d2        0x2 
 .bss.__malloc_sbrk_start
                0x200002d4        0x4 /Applications/STM32CubeIDE.app/Contents/Eclipse/plugins/com.st.stm32cube.ide.mcu.externaltools.gnu-tools-for-stm32.12.3.rel1.macos64_1.0.100.202403111906/tools/bin/../lib/gcc/arm-none-eabi/12.3.1/../../../../arm-none-eabi/lib/thumb/v8-m.main+fp/hard/libc_nano.a(libc_a-mallocr.o)
                0x200002d4                __malloc_sbrk_start
 .bss.__malloc_free_list
                0x200002d8        0x4 /Applications/STM32CubeIDE.app/Contents/Eclipse/plugins/com.st.stm32cube.ide.mcu.externaltools.gnu-tools-for-stm32.12.3.rel1.macos64_1.0.100.202403111906/tools/bin/../lib/gcc/arm-none-eabi/12.3.1/../../../../arm-none-eabi/lib/thumb/v8-m.main+fp/hard/libc_nano.a(libc_a-mallocr.o)
                0x200002d8                __malloc_free_list
 .bss.errno     0x200002dc        0x4 /Applications/STM32CubeIDE.app/Contents/Eclipse/plugins/com.st.stm32cube.ide.mcu.externaltools.gnu-tools-for-stm32.12.3.rel1.macos64_1.0.100.202403111906/tools/bin/../lib/gcc/arm-none-eabi/12.3.1/../../../../arm-none-eabi/lib/thumb/v8-m.main+fp/hard/libc_nano.a(libc_a-reent.o)
                0x200002dc                errno
 *(COMMON)
                0x200002e0                        . = ALIGN (0x4)
                0x200002e0                        _ebss = .
                0x200002e0                        __bss_end__ = _ebss

._user_heap_stack
                0x200002e0      0x600 load address 0x080069fc
                0x200002e0                        . = ALIGN (0x8)
                [!provide]                        PROVIDE (end = .)
                0x200002e0                        PROVIDE (_end = .)
                0x200004e0                        . = (. + _Min_Heap_Size)
 *fill*         0x200002e0      0x200 
                0x200008e0                        . = (. + _Min_Stack_Size)
 *fill*         0x200004e0      0x400 
                0x200008e0                        . = ALIGN (0x8)

/DISCARD/
 libc.a(*)
 libm.a(*)
 libgcc.a(*)

.ARM.attributes
                0x00000000       0x36
 *(.ARM.attributes)
 .ARM.attributes
                0x00000000       0x26 /Applications/STM32CubeIDE.app/Contents/Eclipse/plugins/com.st.stm32cube.ide.mcu.externaltools.gnu-tools-for-stm32.12.3.rel1.macos64_1.0.100.202403111906/tools/bin/../lib/gcc/arm-none-eabi/12.3.1/thumb/v8-m.main+fp/hard/crti.o
 .ARM.attributes
                0x00000026       0x38 /Applications/STM32CubeIDE.app/Contents/Eclipse/plugins/com.st.stm32cube.ide.mcu.externaltools.gnu-tools-for-stm32.12.3.rel1.macos64_1.0.100.202403111906/tools/bin/../lib/gcc/arm-none-eabi/12.3.1/thumb/v8-m.main+fp/hard/crtbegin.o
 .ARM.attributes
                0x0000005e       0x3a ./Core/Src/main.o
 .ARM.attributes
                0x00000098       0x3a ./Core/Src/stm32h5xx_hal_msp.o
 .ARM.attributes
                0x000000d2       0x3a ./Core/Src/stm32h5xx_it.o
 .ARM.attributes
                0x0000010c       0x3a ./Core/Src/syscalls.o
 .ARM.attributes
                0x00000146       0x3a ./Core/Src/sysmem.o
 .ARM.attributes
                0x00000180       0x3a ./Core/Src/system_stm32h5xx.o
 .ARM.attributes
                0x000001ba       0x24 ./Core/Startup/startup_stm32h563zitx.o
 .ARM.attributes
                0x000001de       0x3a ./Drivers/STM32H5xx_HAL_Driver/Src/stm32h5xx_hal.o
 .ARM.attributes
                0x00000218       0x3a ./Drivers/STM32H5xx_HAL_Driver/Src/stm32h5xx_hal_cortex.o
 .ARM.attributes
                0x00000252       0x3a ./Drivers/STM32H5xx_HAL_Driver/Src/stm32h5xx_hal_crc.o
 .ARM.attributes
                0x0000028c       0x3a ./Drivers/STM32H5xx_HAL_Driver/Src/stm32h5xx_hal_crc_ex.o
 .ARM.attributes
                0x000002c6       0x3a ./Drivers/STM32H5xx_HAL_Driver/Src/stm32h5xx_hal_fdcan.o
 .ARM.attributes
                0x00000300       0x3a ./Drivers/STM32H5xx_HAL_Driver/Src/stm32h5xx_hal_flash.o
 .ARM.attributes
                0x0000033a       0x3a ./Drivers/STM32H5xx_HAL_Driver/Src/stm32h5xx_hal_gpio.o
 .ARM.attributes
                0x00000374       0x3a ./Drivers/STM32H5xx_HAL_Driver/Src/stm32h5xx_hal_icache.o
 .ARM.attributes
                0x000003ae       0x3a ./Drivers/STM32H5xx_HAL_Driver/Src/stm32h5xx_hal_rcc.o
 .ARM.attributes
                0x000003e8       0x3a ./Drivers/STM32H5xx_HAL_Driver/Src/stm32h5xx_hal_rcc_ex.o
 .ARM.attributes
                0x00000422       0x38 /Applications/STM32CubeIDE.app/Contents/Eclipse/plugins/com.st.stm32cube.ide.mcu.externaltools.gnu-tools-for-stm32.12.3.rel1.macos64_1.0.100.202403111906/tools/bin/../lib/gcc/arm-none-eabi/12.3.1/../../../../arm-none-eabi/lib/thumb/v8-m.main+fp/hard/libc_nano.a(libc_a-findfp.o)
 .ARM.attributes
                0x0000045a       0x38 /Applications/STM32CubeIDE.app/Contents/Eclipse/plugins/com.st.stm32cube.ide.mcu.externaltools.gnu-tools-for-stm32.12.3.rel1.macos64_1.0.100.202403111906/tools/bin/../lib/gcc/arm-none-eabi/12.3.1/../../../../arm-none-eabi/lib/thumb/v8-m.main+fp/hard/libc_nano.a(libc_a-fwalk.o)
 .ARM.attributes
                0x00000492       0x38 /Applications/STM32CubeIDE.app/Contents/Eclipse/plugins/com.st.stm32cube.ide.mcu.externaltools.gnu-tools-for-stm32.12.3.rel1.macos64_1.0.100.202403111906/tools/bin/../lib/gcc/arm-none-eabi/12.3.1/../../../../arm-none-eabi/lib/thumb/v8-m.main+fp/hard/libc_nano.a(libc_a-printf.o)
 .ARM.attributes
                0x000004ca       0x38 /Applications/STM32CubeIDE.app/Contents/Eclipse/plugins/com.st.stm32cube.ide.mcu.externaltools.gnu-tools-for-stm32.12.3.rel1.macos64_1.0.100.202403111906/tools/bin/../lib/gcc/arm-none-eabi/12.3.1/../../../../arm-none-eabi/lib/thumb/v8-m.main+fp/hard/libc_nano.a(libc_a-putchar.o)
 .ARM.attributes
                0x00000502       0x38 /Applications/STM32CubeIDE.app/Contents/Eclipse/plugins/com.st.stm32cube.ide.mcu.externaltools.gnu-tools-for-stm32.12.3.rel1.macos64_1.0.100.202403111906/tools/bin/../lib/gcc/arm-none-eabi/12.3.1/../../../../arm-none-eabi/lib/thumb/v8-m.main+fp/hard/libc_nano.a(libc_a-puts.o)
 .ARM.attributes
                0x0000053a       0x38 /Applications/STM32CubeIDE.app/Contents/Eclipse/plugins/com.st.stm32cube.ide.mcu.externaltools.gnu-tools-for-stm32.12.3.rel1.macos64_1.0.100.202403111906/tools/bin/../lib/gcc/arm-none-eabi/12.3.1/../../../../arm-none-eabi/lib/thumb/v8-m.main+fp/hard/libc_nano.a(libc_a-memset.o)
 .ARM.attributes
                0x00000572       0x38 /Applications/STM32CubeIDE.app/Contents/Eclipse/plugins/com.st.stm32cube.ide.mcu.externaltools.gnu-tools-for-stm32.12.3.rel1.macos64_1.0.100.202403111906/tools/bin/../lib/gcc/arm-none-eabi/12.3.1/../../../../arm-none-eabi/lib/thumb/v8-m.main+fp/hard/libc_nano.a(libc_a-impure.o)
 .ARM.attributes
                0x000005aa       0x38 /Applications/STM32CubeIDE.app/Contents/Eclipse/plugins/com.st.stm32cube.ide.mcu.externaltools.gnu-tools-for-stm32.12.3.rel1.macos64_1.0.100.202403111906/tools/bin/../lib/gcc/arm-none-eabi/12.3.1/../../../../arm-none-eabi/lib/thumb/v8-m.main+fp/hard/libc_nano.a(libc_a-errno.o)
 .ARM.attributes
                0x000005e2       0x38 /Applications/STM32CubeIDE.app/Contents/Eclipse/plugins/com.st.stm32cube.ide.mcu.externaltools.gnu-tools-for-stm32.12.3.rel1.macos64_1.0.100.202403111906/tools/bin/../lib/gcc/arm-none-eabi/12.3.1/../../../../arm-none-eabi/lib/thumb/v8-m.main+fp/hard/libc_nano.a(libc_a-init.o)
 .ARM.attributes
                0x0000061a       0x38 /Applications/STM32CubeIDE.app/Contents/Eclipse/plugins/com.st.stm32cube.ide.mcu.externaltools.gnu-tools-for-stm32.12.3.rel1.macos64_1.0.100.202403111906/tools/bin/../lib/gcc/arm-none-eabi/12.3.1/../../../../arm-none-eabi/lib/thumb/v8-m.main+fp/hard/libc_nano.a(libc_a-lock.o)
 .ARM.attributes
                0x00000652       0x38 /Applications/STM32CubeIDE.app/Contents/Eclipse/plugins/com.st.stm32cube.ide.mcu.externaltools.gnu-tools-for-stm32.12.3.rel1.macos64_1.0.100.202403111906/tools/bin/../lib/gcc/arm-none-eabi/12.3.1/../../../../arm-none-eabi/lib/thumb/v8-m.main+fp/hard/libc_nano.a(libc_a-nano-vfprintf.o)
 .ARM.attributes
                0x0000068a       0x38 /Applications/STM32CubeIDE.app/Contents/Eclipse/plugins/com.st.stm32cube.ide.mcu.externaltools.gnu-tools-for-stm32.12.3.rel1.macos64_1.0.100.202403111906/tools/bin/../lib/gcc/arm-none-eabi/12.3.1/../../../../arm-none-eabi/lib/thumb/v8-m.main+fp/hard/libc_nano.a(libc_a-mallocr.o)
 .ARM.attributes
                0x000006c2       0x38 /Applications/STM32CubeIDE.app/Contents/Eclipse/plugins/com.st.stm32cube.ide.mcu.externaltools.gnu-tools-for-stm32.12.3.rel1.macos64_1.0.100.202403111906/tools/bin/../lib/gcc/arm-none-eabi/12.3.1/../../../../arm-none-eabi/lib/thumb/v8-m.main+fp/hard/libc_nano.a(libc_a-nano-vfprintf_i.o)
 .ARM.attributes
                0x000006fa       0x38 /Applications/STM32CubeIDE.app/Contents/Eclipse/plugins/com.st.stm32cube.ide.mcu.externaltools.gnu-tools-for-stm32.12.3.rel1.macos64_1.0.100.202403111906/tools/bin/../lib/gcc/arm-none-eabi/12.3.1/../../../../arm-none-eabi/lib/thumb/v8-m.main+fp/hard/libc_nano.a(libc_a-fflush.o)
 .ARM.attributes
                0x00000732       0x38 /Applications/STM32CubeIDE.app/Contents/Eclipse/plugins/com.st.stm32cube.ide.mcu.externaltools.gnu-tools-for-stm32.12.3.rel1.macos64_1.0.100.202403111906/tools/bin/../lib/gcc/arm-none-eabi/12.3.1/../../../../arm-none-eabi/lib/thumb/v8-m.main+fp/hard/libc_nano.a(libc_a-mlock.o)
 .ARM.attributes
                0x0000076a       0x38 /Applications/STM32CubeIDE.app/Contents/Eclipse/plugins/com.st.stm32cube.ide.mcu.externaltools.gnu-tools-for-stm32.12.3.rel1.macos64_1.0.100.202403111906/tools/bin/../lib/gcc/arm-none-eabi/12.3.1/../../../../arm-none-eabi/lib/thumb/v8-m.main+fp/hard/libc_nano.a(libc_a-stdio.o)
 .ARM.attributes
                0x000007a2       0x38 /Applications/STM32CubeIDE.app/Contents/Eclipse/plugins/com.st.stm32cube.ide.mcu.externaltools.gnu-tools-for-stm32.12.3.rel1.macos64_1.0.100.202403111906/tools/bin/../lib/gcc/arm-none-eabi/12.3.1/../../../../arm-none-eabi/lib/thumb/v8-m.main+fp/hard/libc_nano.a(libc_a-wbuf.o)
 .ARM.attributes
                0x000007da       0x38 /Applications/STM32CubeIDE.app/Contents/Eclipse/plugins/com.st.stm32cube.ide.mcu.externaltools.gnu-tools-for-stm32.12.3.rel1.macos64_1.0.100.202403111906/tools/bin/../lib/gcc/arm-none-eabi/12.3.1/../../../../arm-none-eabi/lib/thumb/v8-m.main+fp/hard/libc_nano.a(libc_a-wsetup.o)
 .ARM.attributes
                0x00000812       0x38 /Applications/STM32CubeIDE.app/Contents/Eclipse/plugins/com.st.stm32cube.ide.mcu.externaltools.gnu-tools-for-stm32.12.3.rel1.macos64_1.0.100.202403111906/tools/bin/../lib/gcc/arm-none-eabi/12.3.1/../../../../arm-none-eabi/lib/thumb/v8-m.main+fp/hard/libc_nano.a(libc_a-makebuf.o)
 .ARM.attributes
                0x0000084a       0x38 /Applications/STM32CubeIDE.app/Contents/Eclipse/plugins/com.st.stm32cube.ide.mcu.externaltools.gnu-tools-for-stm32.12.3.rel1.macos64_1.0.100.202403111906/tools/bin/../lib/gcc/arm-none-eabi/12.3.1/../../../../arm-none-eabi/lib/thumb/v8-m.main+fp/hard/libc_nano.a(libc_a-putc.o)
 .ARM.attributes
                0x00000882       0x38 /Applications/STM32CubeIDE.app/Contents/Eclipse/plugins/com.st.stm32cube.ide.mcu.externaltools.gnu-tools-for-stm32.12.3.rel1.macos64_1.0.100.202403111906/tools/bin/../lib/gcc/arm-none-eabi/12.3.1/../../../../arm-none-eabi/lib/thumb/v8-m.main+fp/hard/libc_nano.a(libc_a-closer.o)
 .ARM.attributes
                0x000008ba       0x38 /Applications/STM32CubeIDE.app/Contents/Eclipse/plugins/com.st.stm32cube.ide.mcu.externaltools.gnu-tools-for-stm32.12.3.rel1.macos64_1.0.100.202403111906/tools/bin/../lib/gcc/arm-none-eabi/12.3.1/../../../../arm-none-eabi/lib/thumb/v8-m.main+fp/hard/libc_nano.a(libc_a-reent.o)
 .ARM.attributes
                0x000008f2       0x38 /Applications/STM32CubeIDE.app/Contents/Eclipse/plugins/com.st.stm32cube.ide.mcu.externaltools.gnu-tools-for-stm32.12.3.rel1.macos64_1.0.100.202403111906/tools/bin/../lib/gcc/arm-none-eabi/12.3.1/../../../../arm-none-eabi/lib/thumb/v8-m.main+fp/hard/libc_nano.a(libc_a-fstatr.o)
 .ARM.attributes
                0x0000092a       0x38 /Applications/STM32CubeIDE.app/Contents/Eclipse/plugins/com.st.stm32cube.ide.mcu.externaltools.gnu-tools-for-stm32.12.3.rel1.macos64_1.0.100.202403111906/tools/bin/../lib/gcc/arm-none-eabi/12.3.1/../../../../arm-none-eabi/lib/thumb/v8-m.main+fp/hard/libc_nano.a(libc_a-isattyr.o)
 .ARM.attributes
                0x00000962       0x38 /Applications/STM32CubeIDE.app/Contents/Eclipse/plugins/com.st.stm32cube.ide.mcu.externaltools.gnu-tools-for-stm32.12.3.rel1.macos64_1.0.100.202403111906/tools/bin/../lib/gcc/arm-none-eabi/12.3.1/../../../../arm-none-eabi/lib/thumb/v8-m.main+fp/hard/libc_nano.a(libc_a-lseekr.o)
 .ARM.attributes
                0x0000099a       0x38 /Applications/STM32CubeIDE.app/Contents/Eclipse/plugins/com.st.stm32cube.ide.mcu.externaltools.gnu-tools-for-stm32.12.3.rel1.macos64_1.0.100.202403111906/tools/bin/../lib/gcc/arm-none-eabi/12.3.1/../../../../arm-none-eabi/lib/thumb/v8-m.main+fp/hard/libc_nano.a(libc_a-readr.o)
 .ARM.attributes
                0x000009d2       0x38 /Applications/STM32CubeIDE.app/Contents/Eclipse/plugins/com.st.stm32cube.ide.mcu.externaltools.gnu-tools-for-stm32.12.3.rel1.macos64_1.0.100.202403111906/tools/bin/../lib/gcc/arm-none-eabi/12.3.1/../../../../arm-none-eabi/lib/thumb/v8-m.main+fp/hard/libc_nano.a(libc_a-sbrkr.o)
 .ARM.attributes
                0x00000a0a       0x38 /Applications/STM32CubeIDE.app/Contents/Eclipse/plugins/com.st.stm32cube.ide.mcu.externaltools.gnu-tools-for-stm32.12.3.rel1.macos64_1.0.100.202403111906/tools/bin/../lib/gcc/arm-none-eabi/12.3.1/../../../../arm-none-eabi/lib/thumb/v8-m.main+fp/hard/libc_nano.a(libc_a-writer.o)
 .ARM.attributes
                0x00000a42       0x38 /Applications/STM32CubeIDE.app/Contents/Eclipse/plugins/com.st.stm32cube.ide.mcu.externaltools.gnu-tools-for-stm32.12.3.rel1.macos64_1.0.100.202403111906/tools/bin/../lib/gcc/arm-none-eabi/12.3.1/../../../../arm-none-eabi/lib/thumb/v8-m.main+fp/hard/libc_nano.a(libc_a-memchr-stub.o)
 .ARM.attributes
                0x00000a7a       0x38 /Applications/STM32CubeIDE.app/Contents/Eclipse/plugins/com.st.stm32cube.ide.mcu.externaltools.gnu-tools-for-stm32.12.3.rel1.macos64_1.0.100.202403111906/tools/bin/../lib/gcc/arm-none-eabi/12.3.1/../../../../arm-none-eabi/lib/thumb/v8-m.main+fp/hard/libc_nano.a(libc_a-freer.o)
 .ARM.attributes
                0x00000ab2       0x26 /Applications/STM32CubeIDE.app/Contents/Eclipse/plugins/com.st.stm32cube.ide.mcu.externaltools.gnu-tools-for-stm32.12.3.rel1.macos64_1.0.100.202403111906/tools/bin/../lib/gcc/arm-none-eabi/12.3.1/thumb/v8-m.main+fp/hard/crtn.o
OUTPUT(capstone.elf elf32-littlearm)
LOAD linker stubs
LOAD /Applications/STM32CubeIDE.app/Contents/Eclipse/plugins/com.st.stm32cube.ide.mcu.externaltools.gnu-tools-for-stm32.12.3.rel1.macos64_1.0.100.202403111906/tools/bin/../lib/gcc/arm-none-eabi/12.3.1/../../../../arm-none-eabi/lib/thumb/v8-m.main+fp/hard/libc.a
LOAD /Applications/STM32CubeIDE.app/Contents/Eclipse/plugins/com.st.stm32cube.ide.mcu.externaltools.gnu-tools-for-stm32.12.3.rel1.macos64_1.0.100.202403111906/tools/bin/../lib/gcc/arm-none-eabi/12.3.1/../../../../arm-none-eabi/lib/thumb/v8-m.main+fp/hard/libm.a
LOAD /Applications/STM32CubeIDE.app/Contents/Eclipse/plugins/com.st.stm32cube.ide.mcu.externaltools.gnu-tools-for-stm32.12.3.rel1.macos64_1.0.100.202403111906/tools/bin/../lib/gcc/arm-none-eabi/12.3.1/thumb/v8-m.main+fp/hard/libgcc.a

.debug_info     0x00000000     0xd2dd
 .debug_info    0x00000000     0x1b28 ./Core/Src/main.o
 .debug_info    0x00001b28     0x15a2 ./Core/Src/stm32h5xx_hal_msp.o
 .debug_info    0x000030ca      0x678 ./Core/Src/stm32h5xx_it.o
 .debug_info    0x00003742      0x6a3 ./Core/Src/syscalls.o
 .debug_info    0x00003de5      0x168 ./Core/Src/sysmem.o
 .debug_info    0x00003f4d      0xd8e ./Core/Src/system_stm32h5xx.o
 .debug_info    0x00004cdb       0x30 ./Core/Startup/startup_stm32h563zitx.o
 .debug_info    0x00004d0b     0x139f ./Drivers/STM32H5xx_HAL_Driver/Src/stm32h5xx_hal.o
 .debug_info    0x000060aa     0x1658 ./Drivers/STM32H5xx_HAL_Driver/Src/stm32h5xx_hal_cortex.o
 .debug_info    0x00007702      0x579 ./Drivers/STM32H5xx_HAL_Driver/Src/stm32h5xx_hal_crc.o
 .debug_info    0x00007c7b      0x38c ./Drivers/STM32H5xx_HAL_Driver/Src/stm32h5xx_hal_crc_ex.o
 .debug_info    0x00008007     0x1920 ./Drivers/STM32H5xx_HAL_Driver/Src/stm32h5xx_hal_fdcan.o
 .debug_info    0x00009927      0xab4 ./Drivers/STM32H5xx_HAL_Driver/Src/stm32h5xx_hal_flash.o
 .debug_info    0x0000a3db      0x6b6 ./Drivers/STM32H5xx_HAL_Driver/Src/stm32h5xx_hal_gpio.o
 .debug_info    0x0000aa91      0x4d6 ./Drivers/STM32H5xx_HAL_Driver/Src/stm32h5xx_hal_icache.o
 .debug_info    0x0000af67     0x109f ./Drivers/STM32H5xx_HAL_Driver/Src/stm32h5xx_hal_rcc.o
 .debug_info    0x0000c006     0x12d7 ./Drivers/STM32H5xx_HAL_Driver/Src/stm32h5xx_hal_rcc_ex.o

.debug_abbrev   0x00000000     0x2211
 .debug_abbrev  0x00000000      0x379 ./Core/Src/main.o
 .debug_abbrev  0x00000379      0x203 ./Core/Src/stm32h5xx_hal_msp.o
 .debug_abbrev  0x0000057c      0x15b ./Core/Src/stm32h5xx_it.o
 .debug_abbrev  0x000006d7      0x1b6 ./Core/Src/syscalls.o
 .debug_abbrev  0x0000088d       0xbc ./Core/Src/sysmem.o
 .debug_abbrev  0x00000949      0x13a ./Core/Src/system_stm32h5xx.o
 .debug_abbrev  0x00000a83       0x24 ./Core/Startup/startup_stm32h563zitx.o
 .debug_abbrev  0x00000aa7      0x2af ./Drivers/STM32H5xx_HAL_Driver/Src/stm32h5xx_hal.o
 .debug_abbrev  0x00000d56      0x311 ./Drivers/STM32H5xx_HAL_Driver/Src/stm32h5xx_hal_cortex.o
 .debug_abbrev  0x00001067      0x213 ./Drivers/STM32H5xx_HAL_Driver/Src/stm32h5xx_hal_crc.o
 .debug_abbrev  0x0000127a      0x176 ./Drivers/STM32H5xx_HAL_Driver/Src/stm32h5xx_hal_crc_ex.o
 .debug_abbrev  0x000013f0      0x20b ./Drivers/STM32H5xx_HAL_Driver/Src/stm32h5xx_hal_fdcan.o
 .debug_abbrev  0x000015fb      0x31a ./Drivers/STM32H5xx_HAL_Driver/Src/stm32h5xx_hal_flash.o
 .debug_abbrev  0x00001915      0x1db ./Drivers/STM32H5xx_HAL_Driver/Src/stm32h5xx_hal_gpio.o
 .debug_abbrev  0x00001af0      0x228 ./Drivers/STM32H5xx_HAL_Driver/Src/stm32h5xx_hal_icache.o
 .debug_abbrev  0x00001d18      0x290 ./Drivers/STM32H5xx_HAL_Driver/Src/stm32h5xx_hal_rcc.o
 .debug_abbrev  0x00001fa8      0x269 ./Drivers/STM32H5xx_HAL_Driver/Src/stm32h5xx_hal_rcc_ex.o

.debug_aranges  0x00000000      0xb78
 .debug_aranges
                0x00000000       0x78 ./Core/Src/main.o
 .debug_aranges
                0x00000078       0x40 ./Core/Src/stm32h5xx_hal_msp.o
 .debug_aranges
                0x000000b8       0x78 ./Core/Src/stm32h5xx_it.o
 .debug_aranges
                0x00000130       0xa8 ./Core/Src/syscalls.o
 .debug_aranges
                0x000001d8       0x20 ./Core/Src/sysmem.o
 .debug_aranges
                0x000001f8       0x28 ./Core/Src/system_stm32h5xx.o
 .debug_aranges
                0x00000220       0x28 ./Core/Startup/startup_stm32h563zitx.o
 .debug_aranges
                0x00000248      0x200 ./Drivers/STM32H5xx_HAL_Driver/Src/stm32h5xx_hal.o
 .debug_aranges
                0x00000448      0x140 ./Drivers/STM32H5xx_HAL_Driver/Src/stm32h5xx_hal_cortex.o
 .debug_aranges
                0x00000588       0x60 ./Drivers/STM32H5xx_HAL_Driver/Src/stm32h5xx_hal_crc.o
 .debug_aranges
                0x000005e8       0x30 ./Drivers/STM32H5xx_HAL_Driver/Src/stm32h5xx_hal_crc_ex.o
 .debug_aranges
                0x00000618      0x208 ./Drivers/STM32H5xx_HAL_Driver/Src/stm32h5xx_hal_fdcan.o
 .debug_aranges
                0x00000820       0x90 ./Drivers/STM32H5xx_HAL_Driver/Src/stm32h5xx_hal_flash.o
 .debug_aranges
                0x000008b0       0x78 ./Drivers/STM32H5xx_HAL_Driver/Src/stm32h5xx_hal_gpio.o
 .debug_aranges
                0x00000928       0xa8 ./Drivers/STM32H5xx_HAL_Driver/Src/stm32h5xx_hal_icache.o
 .debug_aranges
                0x000009d0       0xa0 ./Drivers/STM32H5xx_HAL_Driver/Src/stm32h5xx_hal_rcc.o
 .debug_aranges
                0x00000a70      0x108 ./Drivers/STM32H5xx_HAL_Driver/Src/stm32h5xx_hal_rcc_ex.o

.debug_rnglists
                0x00000000      0x87f
 .debug_rnglists
                0x00000000       0x5b ./Core/Src/main.o
 .debug_rnglists
                0x0000005b       0x2d ./Core/Src/stm32h5xx_hal_msp.o
 .debug_rnglists
                0x00000088       0x55 ./Core/Src/stm32h5xx_it.o
 .debug_rnglists
                0x000000dd       0x79 ./Core/Src/syscalls.o
 .debug_rnglists
                0x00000156       0x13 ./Core/Src/sysmem.o
 .debug_rnglists
                0x00000169       0x1b ./Core/Src/system_stm32h5xx.o
 .debug_rnglists
                0x00000184       0x19 ./Core/Startup/startup_stm32h563zitx.o
 .debug_rnglists
                0x0000019d      0x17d ./Drivers/STM32H5xx_HAL_Driver/Src/stm32h5xx_hal.o
 .debug_rnglists
                0x0000031a       0xec ./Drivers/STM32H5xx_HAL_Driver/Src/stm32h5xx_hal_cortex.o
 .debug_rnglists
                0x00000406       0x47 ./Drivers/STM32H5xx_HAL_Driver/Src/stm32h5xx_hal_crc.o
 .debug_rnglists
                0x0000044d       0x20 ./Drivers/STM32H5xx_HAL_Driver/Src/stm32h5xx_hal_crc_ex.o
 .debug_rnglists
                0x0000046d      0x18d ./Drivers/STM32H5xx_HAL_Driver/Src/stm32h5xx_hal_fdcan.o
 .debug_rnglists
                0x000005fa       0x6c ./Drivers/STM32H5xx_HAL_Driver/Src/stm32h5xx_hal_flash.o
 .debug_rnglists
                0x00000666       0x57 ./Drivers/STM32H5xx_HAL_Driver/Src/stm32h5xx_hal_gpio.o
 .debug_rnglists
                0x000006bd       0x7a ./Drivers/STM32H5xx_HAL_Driver/Src/stm32h5xx_hal_icache.o
 .debug_rnglists
                0x00000737       0x79 ./Drivers/STM32H5xx_HAL_Driver/Src/stm32h5xx_hal_rcc.o
 .debug_rnglists
                0x000007b0       0xcf ./Drivers/STM32H5xx_HAL_Driver/Src/stm32h5xx_hal_rcc_ex.o

.debug_macro    0x00000000    0x316e5
 .debug_macro   0x00000000      0x2b0 ./Core/Src/main.o
 .debug_macro   0x000002b0      0xaba ./Core/Src/main.o
 .debug_macro   0x00000d6a      0x1d0 ./Core/Src/main.o
 .debug_macro   0x00000f3a       0x22 ./Core/Src/main.o
 .debug_macro   0x00000f5c       0x5b ./Core/Src/main.o
 .debug_macro   0x00000fb7       0x2a ./Core/Src/main.o
 .debug_macro   0x00000fe1       0x94 ./Core/Src/main.o
 .debug_macro   0x00001075       0x43 ./Core/Src/main.o
 .debug_macro   0x000010b8       0x34 ./Core/Src/main.o
 .debug_macro   0x000010ec      0x189 ./Core/Src/main.o
 .debug_macro   0x00001275       0x16 ./Core/Src/main.o
 .debug_macro   0x0000128b       0x43 ./Core/Src/main.o
 .debug_macro   0x000012ce       0x57 ./Core/Src/main.o
 .debug_macro   0x00001325       0x34 ./Core/Src/main.o
 .debug_macro   0x00001359       0x10 ./Core/Src/main.o
 .debug_macro   0x00001369       0x58 ./Core/Src/main.o
 .debug_macro   0x000013c1       0x8e ./Core/Src/main.o
 .debug_macro   0x0000144f       0x1c ./Core/Src/main.o
 .debug_macro   0x0000146b      0x177 ./Core/Src/main.o
 .debug_macro   0x000015e2      0x369 ./Core/Src/main.o
 .debug_macro   0x0000194b      0x19b ./Core/Src/main.o
 .debug_macro   0x00001ae6       0x28 ./Core/Src/main.o
 .debug_macro   0x00001b0e       0x49 ./Core/Src/main.o
 .debug_macro   0x00001b57      0x103 ./Core/Src/main.o
 .debug_macro   0x00001c5a       0x6a ./Core/Src/main.o
 .debug_macro   0x00001cc4      0x1df ./Core/Src/main.o
 .debug_macro   0x00001ea3       0x1c ./Core/Src/main.o
 .debug_macro   0x00001ebf       0x29 ./Core/Src/main.o
 .debug_macro   0x00001ee8       0xfb ./Core/Src/main.o
 .debug_macro   0x00001fe3     0x1685 ./Core/Src/main.o
 .debug_macro   0x00003668       0x5e ./Core/Src/main.o
 .debug_macro   0x000036c6    0x211a2 ./Core/Src/main.o
 .debug_macro   0x00024868       0x6d ./Core/Src/main.o
 .debug_macro   0x000248d5     0x3891 ./Core/Src/main.o
 .debug_macro   0x00028166       0x63 ./Core/Src/main.o
 .debug_macro   0x000281c9     0x1f0d ./Core/Src/main.o
 .debug_macro   0x0002a0d6      0xe96 ./Core/Src/main.o
 .debug_macro   0x0002af6c      0x166 ./Core/Src/main.o
 .debug_macro   0x0002b0d2      0x300 ./Core/Src/main.o
 .debug_macro   0x0002b3d2       0xca ./Core/Src/main.o
 .debug_macro   0x0002b49c      0x917 ./Core/Src/main.o
 .debug_macro   0x0002bdb3      0x478 ./Core/Src/main.o
 .debug_macro   0x0002c22b       0xd6 ./Core/Src/main.o
 .debug_macro   0x0002c301      0x1ce ./Core/Src/main.o
 .debug_macro   0x0002c4cf       0xc7 ./Core/Src/main.o
 .debug_macro   0x0002c596       0x4c ./Core/Src/main.o
 .debug_macro   0x0002c5e2      0x554 ./Core/Src/main.o
 .debug_macro   0x0002cb36      0x63f ./Core/Src/main.o
 .debug_macro   0x0002d175       0x74 ./Core/Src/main.o
 .debug_macro   0x0002d1e9      0x313 ./Core/Src/main.o
 .debug_macro   0x0002d4fc      0x1bb ./Core/Src/main.o
 .debug_macro   0x0002d6b7      0x2a7 ./Core/Src/main.o
 .debug_macro   0x0002d95e      0x6bd ./Core/Src/main.o
 .debug_macro   0x0002e01b      0x47e ./Core/Src/main.o
 .debug_macro   0x0002e499       0x28 ./Core/Src/main.o
 .debug_macro   0x0002e4c1       0x1c ./Core/Src/main.o
 .debug_macro   0x0002e4dd       0x35 ./Core/Src/main.o
 .debug_macro   0x0002e512       0x10 ./Core/Src/main.o
 .debug_macro   0x0002e522       0x1c ./Core/Src/main.o
 .debug_macro   0x0002e53e       0x16 ./Core/Src/main.o
 .debug_macro   0x0002e554      0x146 ./Core/Src/main.o
 .debug_macro   0x0002e69a      0x27c ./Core/Src/stm32h5xx_hal_msp.o
 .debug_macro   0x0002e916      0x286 ./Core/Src/stm32h5xx_it.o
 .debug_macro   0x0002eb9c      0x274 ./Core/Src/syscalls.o
 .debug_macro   0x0002ee10       0x10 ./Core/Src/syscalls.o
 .debug_macro   0x0002ee20       0x10 ./Core/Src/syscalls.o
 .debug_macro   0x0002ee30       0x10 ./Core/Src/syscalls.o
 .debug_macro   0x0002ee40       0x10 ./Core/Src/syscalls.o
 .debug_macro   0x0002ee50       0x1c ./Core/Src/syscalls.o
 .debug_macro   0x0002ee6c       0x52 ./Core/Src/syscalls.o
 .debug_macro   0x0002eebe       0x22 ./Core/Src/syscalls.o
 .debug_macro   0x0002eee0       0x10 ./Core/Src/syscalls.o
 .debug_macro   0x0002eef0       0x52 ./Core/Src/syscalls.o
 .debug_macro   0x0002ef42       0xcf ./Core/Src/syscalls.o
 .debug_macro   0x0002f011       0x1c ./Core/Src/syscalls.o
 .debug_macro   0x0002f02d       0x3d ./Core/Src/syscalls.o
 .debug_macro   0x0002f06a       0x35 ./Core/Src/syscalls.o
 .debug_macro   0x0002f09f      0x12c ./Core/Src/syscalls.o
 .debug_macro   0x0002f1cb       0x16 ./Core/Src/syscalls.o
 .debug_macro   0x0002f1e1       0x16 ./Core/Src/syscalls.o
 .debug_macro   0x0002f1f7       0x29 ./Core/Src/syscalls.o
 .debug_macro   0x0002f220       0x10 ./Core/Src/syscalls.o
 .debug_macro   0x0002f230      0x242 ./Core/Src/syscalls.o
 .debug_macro   0x0002f472       0x10 ./Core/Src/syscalls.o
 .debug_macro   0x0002f482      0x18a ./Core/Src/syscalls.o
 .debug_macro   0x0002f60c       0x16 ./Core/Src/syscalls.o
 .debug_macro   0x0002f622       0xce ./Core/Src/syscalls.o
 .debug_macro   0x0002f6f0       0xff ./Core/Src/sysmem.o
 .debug_macro   0x0002f7ef      0x23c ./Core/Src/sysmem.o
 .debug_macro   0x0002fa2b      0x274 ./Core/Src/system_stm32h5xx.o
 .debug_macro   0x0002fc9f      0x2a3 ./Drivers/STM32H5xx_HAL_Driver/Src/stm32h5xx_hal.o
 .debug_macro   0x0002ff42      0x26d ./Drivers/STM32H5xx_HAL_Driver/Src/stm32h5xx_hal_cortex.o
 .debug_macro   0x000301af      0x26d ./Drivers/STM32H5xx_HAL_Driver/Src/stm32h5xx_hal_crc.o
 .debug_macro   0x0003041c      0x26d ./Drivers/STM32H5xx_HAL_Driver/Src/stm32h5xx_hal_crc_ex.o
 .debug_macro   0x00030689      0x37f ./Drivers/STM32H5xx_HAL_Driver/Src/stm32h5xx_hal_fdcan.o
 .debug_macro   0x00030a08      0x26d ./Drivers/STM32H5xx_HAL_Driver/Src/stm32h5xx_hal_flash.o
 .debug_macro   0x00030c75      0x2a3 ./Drivers/STM32H5xx_HAL_Driver/Src/stm32h5xx_hal_gpio.o
 .debug_macro   0x00030f18      0x29f ./Drivers/STM32H5xx_HAL_Driver/Src/stm32h5xx_hal_icache.o
 .debug_macro   0x000311b7      0x2af ./Drivers/STM32H5xx_HAL_Driver/Src/stm32h5xx_hal_rcc.o
 .debug_macro   0x00031466      0x27f ./Drivers/STM32H5xx_HAL_Driver/Src/stm32h5xx_hal_rcc_ex.o

.debug_line     0x00000000     0xe64a
 .debug_line    0x00000000      0xc80 ./Core/Src/main.o
 .debug_line    0x00000c80      0x922 ./Core/Src/stm32h5xx_hal_msp.o
 .debug_line    0x000015a2      0x928 ./Core/Src/stm32h5xx_it.o
 .debug_line    0x00001eca      0x84b ./Core/Src/syscalls.o
 .debug_line    0x00002715      0x51c ./Core/Src/sysmem.o
 .debug_line    0x00002c31      0x99f ./Core/Src/system_stm32h5xx.o
 .debug_line    0x000035d0       0x7b ./Core/Startup/startup_stm32h563zitx.o
 .debug_line    0x0000364b      0xf26 ./Drivers/STM32H5xx_HAL_Driver/Src/stm32h5xx_hal.o
 .debug_line    0x00004571      0xe8e ./Drivers/STM32H5xx_HAL_Driver/Src/stm32h5xx_hal_cortex.o
 .debug_line    0x000053ff      0xb5e ./Drivers/STM32H5xx_HAL_Driver/Src/stm32h5xx_hal_crc.o
 .debug_line    0x00005f5d      0x8da ./Drivers/STM32H5xx_HAL_Driver/Src/stm32h5xx_hal_crc_ex.o
 .debug_line    0x00006837     0x1a30 ./Drivers/STM32H5xx_HAL_Driver/Src/stm32h5xx_hal_fdcan.o
 .debug_line    0x00008267      0xc4f ./Drivers/STM32H5xx_HAL_Driver/Src/stm32h5xx_hal_flash.o
 .debug_line    0x00008eb6      0xc1a ./Drivers/STM32H5xx_HAL_Driver/Src/stm32h5xx_hal_gpio.o
 .debug_line    0x00009ad0      0xb03 ./Drivers/STM32H5xx_HAL_Driver/Src/stm32h5xx_hal_icache.o
 .debug_line    0x0000a5d3     0x1299 ./Drivers/STM32H5xx_HAL_Driver/Src/stm32h5xx_hal_rcc.o
 .debug_line    0x0000b86c     0x2dde ./Drivers/STM32H5xx_HAL_Driver/Src/stm32h5xx_hal_rcc_ex.o

.debug_str      0x00000000   0x132eae
 .debug_str     0x00000000   0x12c570 ./Core/Src/main.o
                             0x12c8e9 (size before relaxing)
 .debug_str     0x0012c570      0xc4c ./Core/Src/stm32h5xx_hal_msp.o
                             0x12c868 (size before relaxing)
 .debug_str     0x0012d1bc      0x135 ./Core/Src/stm32h5xx_it.o
                             0x12b8b5 (size before relaxing)
 .debug_str     0x0012d2f1     0x20b1 ./Core/Src/syscalls.o
                               0x9919 (size before relaxing)
 .debug_str     0x0012f3a2       0x6b ./Core/Src/sysmem.o
                               0x6131 (size before relaxing)
 .debug_str     0x0012f40d      0x452 ./Core/Src/system_stm32h5xx.o
                             0x12ba1b (size before relaxing)
 .debug_str     0x0012f85f       0x44 ./Core/Startup/startup_stm32h563zitx.o
                                 0xc2 (size before relaxing)
 .debug_str     0x0012f8a3      0x953 ./Drivers/STM32H5xx_HAL_Driver/Src/stm32h5xx_hal.o
                             0x12c867 (size before relaxing)
 .debug_str     0x001301f6      0x3e7 ./Drivers/STM32H5xx_HAL_Driver/Src/stm32h5xx_hal_cortex.o
                             0x12c3f6 (size before relaxing)
 .debug_str     0x001305dd       0xd1 ./Drivers/STM32H5xx_HAL_Driver/Src/stm32h5xx_hal_crc.o
                             0x12b688 (size before relaxing)
 .debug_str     0x001306ae       0xa4 ./Drivers/STM32H5xx_HAL_Driver/Src/stm32h5xx_hal_crc_ex.o
                             0x12b62e (size before relaxing)
 .debug_str     0x00130752     0x1161 ./Drivers/STM32H5xx_HAL_Driver/Src/stm32h5xx_hal_fdcan.o
                             0x12cb7b (size before relaxing)
 .debug_str     0x001318b3      0x2a2 ./Drivers/STM32H5xx_HAL_Driver/Src/stm32h5xx_hal_flash.o
                             0x12ba02 (size before relaxing)
 .debug_str     0x00131b55      0x289 ./Drivers/STM32H5xx_HAL_Driver/Src/stm32h5xx_hal_gpio.o
                             0x12b780 (size before relaxing)
 .debug_str     0x00131dde      0x673 ./Drivers/STM32H5xx_HAL_Driver/Src/stm32h5xx_hal_icache.o
                             0x12baa9 (size before relaxing)
 .debug_str     0x00132451      0x38a ./Drivers/STM32H5xx_HAL_Driver/Src/stm32h5xx_hal_rcc.o
                             0x12bf60 (size before relaxing)
 .debug_str     0x001327db      0x6d3 ./Drivers/STM32H5xx_HAL_Driver/Src/stm32h5xx_hal_rcc_ex.o
                             0x12c2aa (size before relaxing)

.comment        0x00000000       0x43
 .comment       0x00000000       0x43 ./Core/Src/main.o
                                 0x44 (size before relaxing)
 .comment       0x00000043       0x44 ./Core/Src/stm32h5xx_hal_msp.o
 .comment       0x00000043       0x44 ./Core/Src/stm32h5xx_it.o
 .comment       0x00000043       0x44 ./Core/Src/syscalls.o
 .comment       0x00000043       0x44 ./Core/Src/sysmem.o
 .comment       0x00000043       0x44 ./Core/Src/system_stm32h5xx.o
 .comment       0x00000043       0x44 ./Drivers/STM32H5xx_HAL_Driver/Src/stm32h5xx_hal.o
 .comment       0x00000043       0x44 ./Drivers/STM32H5xx_HAL_Driver/Src/stm32h5xx_hal_cortex.o
 .comment       0x00000043       0x44 ./Drivers/STM32H5xx_HAL_Driver/Src/stm32h5xx_hal_crc.o
 .comment       0x00000043       0x44 ./Drivers/STM32H5xx_HAL_Driver/Src/stm32h5xx_hal_crc_ex.o
 .comment       0x00000043       0x44 ./Drivers/STM32H5xx_HAL_Driver/Src/stm32h5xx_hal_fdcan.o
 .comment       0x00000043       0x44 ./Drivers/STM32H5xx_HAL_Driver/Src/stm32h5xx_hal_flash.o
 .comment       0x00000043       0x44 ./Drivers/STM32H5xx_HAL_Driver/Src/stm32h5xx_hal_gpio.o
 .comment       0x00000043       0x44 ./Drivers/STM32H5xx_HAL_Driver/Src/stm32h5xx_hal_icache.o
 .comment       0x00000043       0x44 ./Drivers/STM32H5xx_HAL_Driver/Src/stm32h5xx_hal_rcc.o
 .comment       0x00000043       0x44 ./Drivers/STM32H5xx_HAL_Driver/Src/stm32h5xx_hal_rcc_ex.o

.debug_frame    0x00000000     0x3668
 .debug_frame   0x00000000      0x1a0 ./Core/Src/main.o
 .debug_frame   0x000001a0       0xcc ./Core/Src/stm32h5xx_hal_msp.o
 .debug_frame   0x0000026c      0x158 ./Core/Src/stm32h5xx_it.o
 .debug_frame   0x000003c4      0x2ac ./Core/Src/syscalls.o
 .debug_frame   0x00000670       0x34 ./Core/Src/sysmem.o
 .debug_frame   0x000006a4       0x60 ./Core/Src/system_stm32h5xx.o
 .debug_frame   0x00000704      0x828 ./Drivers/STM32H5xx_HAL_Driver/Src/stm32h5xx_hal.o
 .debug_frame   0x00000f2c      0x560 ./Drivers/STM32H5xx_HAL_Driver/Src/stm32h5xx_hal_cortex.o
 .debug_frame   0x0000148c      0x168 ./Drivers/STM32H5xx_HAL_Driver/Src/stm32h5xx_hal_crc.o
 .debug_frame   0x000015f4       0x88 ./Drivers/STM32H5xx_HAL_Driver/Src/stm32h5xx_hal_crc_ex.o
 .debug_frame   0x0000167c      0x9b0 ./Drivers/STM32H5xx_HAL_Driver/Src/stm32h5xx_hal_fdcan.o
 .debug_frame   0x0000202c      0x23c ./Drivers/STM32H5xx_HAL_Driver/Src/stm32h5xx_hal_flash.o
 .debug_frame   0x00002268      0x1ec ./Drivers/STM32H5xx_HAL_Driver/Src/stm32h5xx_hal_gpio.o
 .debug_frame   0x00002454      0x298 ./Drivers/STM32H5xx_HAL_Driver/Src/stm32h5xx_hal_icache.o
 .debug_frame   0x000026ec      0x268 ./Drivers/STM32H5xx_HAL_Driver/Src/stm32h5xx_hal_rcc.o
 .debug_frame   0x00002954      0x470 ./Drivers/STM32H5xx_HAL_Driver/Src/stm32h5xx_hal_rcc_ex.o
 .debug_frame   0x00002dc4      0x144 /Applications/STM32CubeIDE.app/Contents/Eclipse/plugins/com.st.stm32cube.ide.mcu.externaltools.gnu-tools-for-stm32.12.3.rel1.macos64_1.0.100.202403111906/tools/bin/../lib/gcc/arm-none-eabi/12.3.1/../../../../arm-none-eabi/lib/thumb/v8-m.main+fp/hard/libc_nano.a(libc_a-findfp.o)
 .debug_frame   0x00002f08       0x34 /Applications/STM32CubeIDE.app/Contents/Eclipse/plugins/com.st.stm32cube.ide.mcu.externaltools.gnu-tools-for-stm32.12.3.rel1.macos64_1.0.100.202403111906/tools/bin/../lib/gcc/arm-none-eabi/12.3.1/../../../../arm-none-eabi/lib/thumb/v8-m.main+fp/hard/libc_nano.a(libc_a-fwalk.o)
 .debug_frame   0x00002f3c       0x6c /Applications/STM32CubeIDE.app/Contents/Eclipse/plugins/com.st.stm32cube.ide.mcu.externaltools.gnu-tools-for-stm32.12.3.rel1.macos64_1.0.100.202403111906/tools/bin/../lib/gcc/arm-none-eabi/12.3.1/../../../../arm-none-eabi/lib/thumb/v8-m.main+fp/hard/libc_nano.a(libc_a-printf.o)