../Drivers/CMSIS/Include/core_cm33.h:3212:26:ITM_SendChar	16	static,ignoring_inline_asm
../Core/Src/main.c:87:19:FDCAN_SendMessage	24	static
../Core/Src/main.c:174:6:HAL_FDCAN_RxFifo0Callback	24	static
../Core/Src/main.c:267:5:_write	32	static
../Core/Src/main.c:282:5:main	24	static
../Core/Src/main.c:457:6:SystemClock_Config	120	static
../Core/Src/main.c:511:13:MX_CRC_Init	8	static
../Core/Src/main.c:539:13:MX_FDCAN1_Init	32	static
../Core/Src/main.c:661:13:MX_FLASH_Init	8	static
../Core/Src/main.c:687:13:MX_ICACHE_Init	8	static
../Core/Src/main.c:716:13:MX_GPIO_Init	56	static
../Core/Src/main.c:814:6:Error_Handler	4	static,ignoring_inline_asm
