17:14:34 **** Build of configuration Debug for project FDCAN_Adaptive_Bitrate_Receiver ****
make -j7 all 
arm-none-eabi-gcc "/Users/peytonagher/GitHub/capstone/util/examples/FDCAN_Adaptive_Bitrate_Receiver/Drivers/STM32H5xx_HAL_Driver/Src/stm32h5xx_hal.c" -mcpu=cortex-m33 -std=gnu11 -g3 -DDEBUG -DUSE_HAL_DRIVER -DSTM32H563xx -c -I../../Inc -I../../Drivers/STM32H5xx_HAL_Driver/Inc -I../../Drivers/STM32H5xx_HAL_Driver/Inc/Legacy -I../../Drivers/CMSIS/Device/ST/STM32H5xx/Include -I../../Drivers/CMSIS/Include -I../../Drivers/BSP/STM32H5xx_Nucleo -O0 -ffunction-sections -fdata-sections -Wall -fstack-usage -fcyclomatic-complexity -MMD -MP -MF"Drivers/STM32H5xx_HAL_Driver/stm32h5xx_hal.d" -MT"Drivers/STM32H5xx_HAL_Driver/stm32h5xx_hal.o" --specs=nano.specs -mfpu=fpv5-sp-d16 -mfloat-abi=hard -mthumb -o "Drivers/STM32H5xx_HAL_Driver/stm32h5xx_hal.o"
arm-none-eabi-gcc "/Users/peytonagher/GitHub/capstone/util/examples/FDCAN_Adaptive_Bitrate_Receiver/Drivers/STM32H5xx_HAL_Driver/Src/stm32h5xx_hal_cortex.c" -mcpu=cortex-m33 -std=gnu11 -g3 -DDEBUG -DUSE_HAL_DRIVER -DSTM32H563xx -c -I../../Inc -I../../Drivers/STM32H5xx_HAL_Driver/Inc -I../../Drivers/STM32H5xx_HAL_Driver/Inc/Legacy -I../../Drivers/CMSIS/Device/ST/STM32H5xx/Include -I../../Drivers/CMSIS/Include -I../../Drivers/BSP/STM32H5xx_Nucleo -O0 -ffunction-sections -fdata-sections -Wall -fstack-usage -fcyclomatic-complexity -MMD -MP -MF"Drivers/STM32H5xx_HAL_Driver/stm32h5xx_hal_cortex.d" -MT"Drivers/STM32H5xx_HAL_Driver/stm32h5xx_hal_cortex.o" --specs=nano.specs -mfpu=fpv5-sp-d16 -mfloat-abi=hard -mthumb -o "Drivers/STM32H5xx_HAL_Driver/stm32h5xx_hal_cortex.o"
arm-none-eabi-gcc "/Users/peytonagher/GitHub/capstone/util/examples/FDCAN_Adaptive_Bitrate_Receiver/Drivers/STM32H5xx_HAL_Driver/Src/stm32h5xx_hal_dma.c" -mcpu=cortex-m33 -std=gnu11 -g3 -DDEBUG -DUSE_HAL_DRIVER -DSTM32H563xx -c -I../../Inc -I../../Drivers/STM32H5xx_HAL_Driver/Inc -I../../Drivers/STM32H5xx_HAL_Driver/Inc/Legacy -I../../Drivers/CMSIS/Device/ST/STM32H5xx/Include -I../../Drivers/CMSIS/Include -I../../Drivers/BSP/STM32H5xx_Nucleo -O0 -ffunction-sections -fdata-sections -Wall -fstack-usage -fcyclomatic-complexity -MMD -MP -MF"Drivers/STM32H5xx_HAL_Driver/stm32h5xx_hal_dma.d" -MT"Drivers/STM32H5xx_HAL_Driver/stm32h5xx_hal_dma.o" --specs=nano.specs -mfpu=fpv5-sp-d16 -mfloat-abi=hard -mthumb -o "Drivers/STM32H5xx_HAL_Driver/stm32h5xx_hal_dma.o"
arm-none-eabi-gcc "/Users/peytonagher/GitHub/capstone/util/examples/FDCAN_Adaptive_Bitrate_Receiver/Drivers/STM32H5xx_HAL_Driver/Src/stm32h5xx_hal_dma_ex.c" -mcpu=cortex-m33 -std=gnu11 -g3 -DDEBUG -DUSE_HAL_DRIVER -DSTM32H563xx -c -I../../Inc -I../../Drivers/STM32H5xx_HAL_Driver/Inc -I../../Drivers/STM32H5xx_HAL_Driver/Inc/Legacy -I../../Drivers/CMSIS/Device/ST/STM32H5xx/Include -I../../Drivers/CMSIS/Include -I../../Drivers/BSP/STM32H5xx_Nucleo -O0 -ffunction-sections -fdata-sections -Wall -fstack-usage -fcyclomatic-complexity -MMD -MP -MF"Drivers/STM32H5xx_HAL_Driver/stm32h5xx_hal_dma_ex.d" -MT"Drivers/STM32H5xx_HAL_Driver/stm32h5xx_hal_dma_ex.o" --specs=nano.specs -mfpu=fpv5-sp-d16 -mfloat-abi=hard -mthumb -o "Drivers/STM32H5xx_HAL_Driver/stm32h5xx_hal_dma_ex.o"
arm-none-eabi-gcc "/Users/peytonagher/GitHub/capstone/util/examples/FDCAN_Adaptive_Bitrate_Receiver/Drivers/STM32H5xx_HAL_Driver/Src/stm32h5xx_hal_exti.c" -mcpu=cortex-m33 -std=gnu11 -g3 -DDEBUG -DUSE_HAL_DRIVER -DSTM32H563xx -c -I../../Inc -I../../Drivers/STM32H5xx_HAL_Driver/Inc -I../../Drivers/STM32H5xx_HAL_Driver/Inc/Legacy -I../../Drivers/CMSIS/Device/ST/STM32H5xx/Include -I../../Drivers/CMSIS/Include -I../../Drivers/BSP/STM32H5xx_Nucleo -O0 -ffunction-sections -fdata-sections -Wall -fstack-usage -fcyclomatic-complexity -MMD -MP -MF"Drivers/STM32H5xx_HAL_Driver/stm32h5xx_hal_exti.d" -MT"Drivers/STM32H5xx_HAL_Driver/stm32h5xx_hal_exti.o" --specs=nano.specs -mfpu=fpv5-sp-d16 -mfloat-abi=hard -mthumb -o "Drivers/STM32H5xx_HAL_Driver/stm32h5xx_hal_exti.o"
arm-none-eabi-gcc "/Users/peytonagher/GitHub/capstone/util/examples/FDCAN_Adaptive_Bitrate_Receiver/Drivers/STM32H5xx_HAL_Driver/Src/stm32h5xx_hal_fdcan.c" -mcpu=cortex-m33 -std=gnu11 -g3 -DDEBUG -DUSE_HAL_DRIVER -DSTM32H563xx -c -I../../Inc -I../../Drivers/STM32H5xx_HAL_Driver/Inc -I../../Drivers/STM32H5xx_HAL_Driver/Inc/Legacy -I../../Drivers/CMSIS/Device/ST/STM32H5xx/Include -I../../Drivers/CMSIS/Include -I../../Drivers/BSP/STM32H5xx_Nucleo -O0 -ffunction-sections -fdata-sections -Wall -fstack-usage -fcyclomatic-complexity -MMD -MP -MF"Drivers/STM32H5xx_HAL_Driver/stm32h5xx_hal_fdcan.d" -MT"Drivers/STM32H5xx_HAL_Driver/stm32h5xx_hal_fdcan.o" --specs=nano.specs -mfpu=fpv5-sp-d16 -mfloat-abi=hard -mthumb -o "Drivers/STM32H5xx_HAL_Driver/stm32h5xx_hal_fdcan.o"
arm-none-eabi-gcc "/Users/peytonagher/GitHub/capstone/util/examples/FDCAN_Adaptive_Bitrate_Receiver/Drivers/STM32H5xx_HAL_Driver/Src/stm32h5xx_hal_flash.c" -mcpu=cortex-m33 -std=gnu11 -g3 -DDEBUG -DUSE_HAL_DRIVER -DSTM32H563xx -c -I../../Inc -I../../Drivers/STM32H5xx_HAL_Driver/Inc -I../../Drivers/STM32H5xx_HAL_Driver/Inc/Legacy -I../../Drivers/CMSIS/Device/ST/STM32H5xx/Include -I../../Drivers/CMSIS/Include -I../../Drivers/BSP/STM32H5xx_Nucleo -O0 -ffunction-sections -fdata-sections -Wall -fstack-usage -fcyclomatic-complexity -MMD -MP -MF"Drivers/STM32H5xx_HAL_Driver/stm32h5xx_hal_flash.d" -MT"Drivers/STM32H5xx_HAL_Driver/stm32h5xx_hal_flash.o" --specs=nano.specs -mfpu=fpv5-sp-d16 -mfloat-abi=hard -mthumb -o "Drivers/STM32H5xx_HAL_Driver/stm32h5xx_hal_flash.o"
arm-none-eabi-gcc "/Users/peytonagher/GitHub/capstone/util/examples/FDCAN_Adaptive_Bitrate_Receiver/Drivers/STM32H5xx_HAL_Driver/Src/stm32h5xx_hal_flash_ex.c" -mcpu=cortex-m33 -std=gnu11 -g3 -DDEBUG -DUSE_HAL_DRIVER -DSTM32H563xx -c -I../../Inc -I../../Drivers/STM32H5xx_HAL_Driver/Inc -I../../Drivers/STM32H5xx_HAL_Driver/Inc/Legacy -I../../Drivers/CMSIS/Device/ST/STM32H5xx/Include -I../../Drivers/CMSIS/Include -I../../Drivers/BSP/STM32H5xx_Nucleo -O0 -ffunction-sections -fdata-sections -Wall -fstack-usage -fcyclomatic-complexity -MMD -MP -MF"Drivers/STM32H5xx_HAL_Driver/stm32h5xx_hal_flash_ex.d" -MT"Drivers/STM32H5xx_HAL_Driver/stm32h5xx_hal_flash_ex.o" --specs=nano.specs -mfpu=fpv5-sp-d16 -mfloat-abi=hard -mthumb -o "Drivers/STM32H5xx_HAL_Driver/stm32h5xx_hal_flash_ex.o"
arm-none-eabi-gcc "/Users/peytonagher/GitHub/capstone/util/examples/FDCAN_Adaptive_Bitrate_Receiver/Drivers/STM32H5xx_HAL_Driver/Src/stm32h5xx_hal_gpio.c" -mcpu=cortex-m33 -std=gnu11 -g3 -DDEBUG -DUSE_HAL_DRIVER -DSTM32H563xx -c -I../../Inc -I../../Drivers/STM32H5xx_HAL_Driver/Inc -I../../Drivers/STM32H5xx_HAL_Driver/Inc/Legacy -I../../Drivers/CMSIS/Device/ST/STM32H5xx/Include -I../../Drivers/CMSIS/Include -I../../Drivers/BSP/STM32H5xx_Nucleo -O0 -ffunction-sections -fdata-sections -Wall -fstack-usage -fcyclomatic-complexity -MMD -MP -MF"Drivers/STM32H5xx_HAL_Driver/stm32h5xx_hal_gpio.d" -MT"Drivers/STM32H5xx_HAL_Driver/stm32h5xx_hal_gpio.o" --specs=nano.specs -mfpu=fpv5-sp-d16 -mfloat-abi=hard -mthumb -o "Drivers/STM32H5xx_HAL_Driver/stm32h5xx_hal_gpio.o"
arm-none-eabi-gcc "/Users/peytonagher/GitHub/capstone/util/examples/FDCAN_Adaptive_Bitrate_Receiver/Drivers/STM32H5xx_HAL_Driver/Src/stm32h5xx_hal_icache.c" -mcpu=cortex-m33 -std=gnu11 -g3 -DDEBUG -DUSE_HAL_DRIVER -DSTM32H563xx -c -I../../Inc -I../../Drivers/STM32H5xx_HAL_Driver/Inc -I../../Drivers/STM32H5xx_HAL_Driver/Inc/Legacy -I../../Drivers/CMSIS/Device/ST/STM32H5xx/Include -I../../Drivers/CMSIS/Include -I../../Drivers/BSP/STM32H5xx_Nucleo -O0 -ffunction-sections -fdata-sections -Wall -fstack-usage -fcyclomatic-complexity -MMD -MP -MF"Drivers/STM32H5xx_HAL_Driver/stm32h5xx_hal_icache.d" -MT"Drivers/STM32H5xx_HAL_Driver/stm32h5xx_hal_icache.o" --specs=nano.specs -mfpu=fpv5-sp-d16 -mfloat-abi=hard -mthumb -o "Drivers/STM32H5xx_HAL_Driver/stm32h5xx_hal_icache.o"
arm-none-eabi-gcc "/Users/peytonagher/GitHub/capstone/util/examples/FDCAN_Adaptive_Bitrate_Receiver/Drivers/STM32H5xx_HAL_Driver/Src/stm32h5xx_hal_pwr.c" -mcpu=cortex-m33 -std=gnu11 -g3 -DDEBUG -DUSE_HAL_DRIVER -DSTM32H563xx -c -I../../Inc -I../../Drivers/STM32H5xx_HAL_Driver/Inc -I../../Drivers/STM32H5xx_HAL_Driver/Inc/Legacy -I../../Drivers/CMSIS/Device/ST/STM32H5xx/Include -I../../Drivers/CMSIS/Include -I../../Drivers/BSP/STM32H5xx_Nucleo -O0 -ffunction-sections -fdata-sections -Wall -fstack-usage -fcyclomatic-complexity -MMD -MP -MF"Drivers/STM32H5xx_HAL_Driver/stm32h5xx_hal_pwr.d" -MT"Drivers/STM32H5xx_HAL_Driver/stm32h5xx_hal_pwr.o" --specs=nano.specs -mfpu=fpv5-sp-d16 -mfloat-abi=hard -mthumb -o "Drivers/STM32H5xx_HAL_Driver/stm32h5xx_hal_pwr.o"
arm-none-eabi-gcc "/Users/peytonagher/GitHub/capstone/util/examples/FDCAN_Adaptive_Bitrate_Receiver/Drivers/STM32H5xx_HAL_Driver/Src/stm32h5xx_hal_pwr_ex.c" -mcpu=cortex-m33 -std=gnu11 -g3 -DDEBUG -DUSE_HAL_DRIVER -DSTM32H563xx -c -I../../Inc -I../../Drivers/STM32H5xx_HAL_Driver/Inc -I../../Drivers/STM32H5xx_HAL_Driver/Inc/Legacy -I../../Drivers/CMSIS/Device/ST/STM32H5xx/Include -I../../Drivers/CMSIS/Include -I../../Drivers/BSP/STM32H5xx_Nucleo -O0 -ffunction-sections -fdata-sections -Wall -fstack-usage -fcyclomatic-complexity -MMD -MP -MF"Drivers/STM32H5xx_HAL_Driver/stm32h5xx_hal_pwr_ex.d" -MT"Drivers/STM32H5xx_HAL_Driver/stm32h5xx_hal_pwr_ex.o" --specs=nano.specs -mfpu=fpv5-sp-d16 -mfloat-abi=hard -mthumb -o "Drivers/STM32H5xx_HAL_Driver/stm32h5xx_hal_pwr_ex.o"
arm-none-eabi-gcc "/Users/peytonagher/GitHub/capstone/util/examples/FDCAN_Adaptive_Bitrate_Receiver/Drivers/STM32H5xx_HAL_Driver/Src/stm32h5xx_hal_rcc.c" -mcpu=cortex-m33 -std=gnu11 -g3 -DDEBUG -DUSE_HAL_DRIVER -DSTM32H563xx -c -I../../Inc -I../../Drivers/STM32H5xx_HAL_Driver/Inc -I../../Drivers/STM32H5xx_HAL_Driver/Inc/Legacy -I../../Drivers/CMSIS/Device/ST/STM32H5xx/Include -I../../Drivers/CMSIS/Include -I../../Drivers/BSP/STM32H5xx_Nucleo -O0 -ffunction-sections -fdata-sections -Wall -fstack-usage -fcyclomatic-complexity -MMD -MP -MF"Drivers/STM32H5xx_HAL_Driver/stm32h5xx_hal_rcc.d" -MT"Drivers/STM32H5xx_HAL_Driver/stm32h5xx_hal_rcc.o" --specs=nano.specs -mfpu=fpv5-sp-d16 -mfloat-abi=hard -mthumb -o "Drivers/STM32H5xx_HAL_Driver/stm32h5xx_hal_rcc.o"
arm-none-eabi-gcc "/Users/peytonagher/GitHub/capstone/util/examples/FDCAN_Adaptive_Bitrate_Receiver/Drivers/STM32H5xx_HAL_Driver/Src/stm32h5xx_hal_rcc_ex.c" -mcpu=cortex-m33 -std=gnu11 -g3 -DDEBUG -DUSE_HAL_DRIVER -DSTM32H563xx -c -I../../Inc -I../../Drivers/STM32H5xx_HAL_Driver/Inc -I../../Drivers/STM32H5xx_HAL_Driver/Inc/Legacy -I../../Drivers/CMSIS/Device/ST/STM32H5xx/Include -I../../Drivers/CMSIS/Include -I../../Drivers/BSP/STM32H5xx_Nucleo -O0 -ffunction-sections -fdata-sections -Wall -fstack-usage -fcyclomatic-complexity -MMD -MP -MF"Drivers/STM32H5xx_HAL_Driver/stm32h5xx_hal_rcc_ex.d" -MT"Drivers/STM32H5xx_HAL_Driver/stm32h5xx_hal_rcc_ex.o" --specs=nano.specs -mfpu=fpv5-sp-d16 -mfloat-abi=hard -mthumb -o "Drivers/STM32H5xx_HAL_Driver/stm32h5xx_hal_rcc_ex.o"
arm-none-eabi-gcc "/Users/peytonagher/GitHub/capstone/util/examples/FDCAN_Adaptive_Bitrate_Receiver/Src/system_stm32h5xx.c" -mcpu=cortex-m33 -std=gnu11 -g3 -DDEBUG -DUSE_HAL_DRIVER -DSTM32H563xx -c -I../../Inc -I../../Drivers/STM32H5xx_HAL_Driver/Inc -I../../Drivers/STM32H5xx_HAL_Driver/Inc/Legacy -I../../Drivers/CMSIS/Device/ST/STM32H5xx/Include -I../../Drivers/CMSIS/Include -I../../Drivers/BSP/STM32H5xx_Nucleo -O0 -ffunction-sections -fdata-sections -Wall -fstack-usage -fcyclomatic-complexity -MMD -MP -MF"Drivers/CMSIS/system_stm32h5xx.d" -MT"Drivers/CMSIS/system_stm32h5xx.o" --specs=nano.specs -mfpu=fpv5-sp-d16 -mfloat-abi=hard -mthumb -o "Drivers/CMSIS/system_stm32h5xx.o"
arm-none-eabi-gcc "/Users/peytonagher/GitHub/capstone/util/examples/FDCAN_Adaptive_Bitrate_Receiver/Drivers/BSP/STM32H5xx_Nucleo/stm32h5xx_nucleo.c" -mcpu=cortex-m33 -std=gnu11 -g3 -DDEBUG -DUSE_HAL_DRIVER -DSTM32H563xx -c -I../../Inc -I../../Drivers/STM32H5xx_HAL_Driver/Inc -I../../Drivers/STM32H5xx_HAL_Driver/Inc/Legacy -I../../Drivers/CMSIS/Device/ST/STM32H5xx/Include -I../../Drivers/CMSIS/Include -I../../Drivers/BSP/STM32H5xx_Nucleo -O0 -ffunction-sections -fdata-sections -Wall -fstack-usage -fcyclomatic-complexity -MMD -MP -MF"Drivers/BSP/STM32H5xx_Nucleo/stm32h5xx_nucleo.d" -MT"Drivers/BSP/STM32H5xx_Nucleo/stm32h5xx_nucleo.o" --specs=nano.specs -mfpu=fpv5-sp-d16 -mfloat-abi=hard -mthumb -o "Drivers/BSP/STM32H5xx_Nucleo/stm32h5xx_nucleo.o"
arm-none-eabi-gcc "/Users/peytonagher/GitHub/capstone/util/examples/FDCAN_Adaptive_Bitrate_Receiver/Src/main.c" -mcpu=cortex-m33 -std=gnu11 -g3 -DDEBUG -DUSE_HAL_DRIVER -DSTM32H563xx -c -I../../Inc -I../../Drivers/STM32H5xx_HAL_Driver/Inc -I../../Drivers/STM32H5xx_HAL_Driver/Inc/Legacy -I../../Drivers/CMSIS/Device/ST/STM32H5xx/Include -I../../Drivers/CMSIS/Include -I../../Drivers/BSP/STM32H5xx_Nucleo -O0 -ffunction-sections -fdata-sections -Wall -fstack-usage -fcyclomatic-complexity -MMD -MP -MF"Application/User/main.d" -MT"Application/User/main.o" --specs=nano.specs -mfpu=fpv5-sp-d16 -mfloat-abi=hard -mthumb -o "Application/User/main.o"
arm-none-eabi-gcc "/Users/peytonagher/GitHub/capstone/util/examples/FDCAN_Adaptive_Bitrate_Receiver/Src/stm32h5xx_hal_msp.c" -mcpu=cortex-m33 -std=gnu11 -g3 -DDEBUG -DUSE_HAL_DRIVER -DSTM32H563xx -c -I../../Inc -I../../Drivers/STM32H5xx_HAL_Driver/Inc -I../../Drivers/STM32H5xx_HAL_Driver/Inc/Legacy -I../../Drivers/CMSIS/Device/ST/STM32H5xx/Include -I../../Drivers/CMSIS/Include -I../../Drivers/BSP/STM32H5xx_Nucleo -O0 -ffunction-sections -fdata-sections -Wall -fstack-usage -fcyclomatic-complexity -MMD -MP -MF"Application/User/stm32h5xx_hal_msp.d" -MT"Application/User/stm32h5xx_hal_msp.o" --specs=nano.specs -mfpu=fpv5-sp-d16 -mfloat-abi=hard -mthumb -o "Application/User/stm32h5xx_hal_msp.o"
arm-none-eabi-gcc "/Users/peytonagher/GitHub/capstone/util/examples/FDCAN_Adaptive_Bitrate_Receiver/Src/stm32h5xx_it.c" -mcpu=cortex-m33 -std=gnu11 -g3 -DDEBUG -DUSE_HAL_DRIVER -DSTM32H563xx -c -I../../Inc -I../../Drivers/STM32H5xx_HAL_Driver/Inc -I../../Drivers/STM32H5xx_HAL_Driver/Inc/Legacy -I../../Drivers/CMSIS/Device/ST/STM32H5xx/Include -I../../Drivers/CMSIS/Include -I../../Drivers/BSP/STM32H5xx_Nucleo -O0 -ffunction-sections -fdata-sections -Wall -fstack-usage -fcyclomatic-complexity -MMD -MP -MF"Application/User/stm32h5xx_it.d" -MT"Application/User/stm32h5xx_it.o" --specs=nano.specs -mfpu=fpv5-sp-d16 -mfloat-abi=hard -mthumb -o "Application/User/stm32h5xx_it.o"
arm-none-eabi-gcc "../Application/User/syscalls.c" -mcpu=cortex-m33 -std=gnu11 -g3 -DDEBUG -DUSE_HAL_DRIVER -DSTM32H563xx -c -I../../Inc -I../../Drivers/STM32H5xx_HAL_Driver/Inc -I../../Drivers/STM32H5xx_HAL_Driver/Inc/Legacy -I../../Drivers/CMSIS/Device/ST/STM32H5xx/Include -I../../Drivers/CMSIS/Include -I../../Drivers/BSP/STM32H5xx_Nucleo -O0 -ffunction-sections -fdata-sections -Wall -fstack-usage -fcyclomatic-complexity -MMD -MP -MF"Application/User/syscalls.d" -MT"Application/User/syscalls.o" --specs=nano.specs -mfpu=fpv5-sp-d16 -mfloat-abi=hard -mthumb -o "Application/User/syscalls.o"
arm-none-eabi-gcc "../Application/User/sysmem.c" -mcpu=cortex-m33 -std=gnu11 -g3 -DDEBUG -DUSE_HAL_DRIVER -DSTM32H563xx -c -I../../Inc -I../../Drivers/STM32H5xx_HAL_Driver/Inc -I../../Drivers/STM32H5xx_HAL_Driver/Inc/Legacy -I../../Drivers/CMSIS/Device/ST/STM32H5xx/Include -I../../Drivers/CMSIS/Include -I../../Drivers/BSP/STM32H5xx_Nucleo -O0 -ffunction-sections -fdata-sections -Wall -fstack-usage -fcyclomatic-complexity -MMD -MP -MF"Application/User/sysmem.d" -MT"Application/User/sysmem.o" --specs=nano.specs -mfpu=fpv5-sp-d16 -mfloat-abi=hard -mthumb -o "Application/User/sysmem.o"
arm-none-eabi-gcc -mcpu=cortex-m33 -g3 -DDEBUG -c -x assembler-with-cpp -MMD -MP -MF"Application/Startup/startup_stm32h563zitx.d" -MT"Application/Startup/startup_stm32h563zitx.o" --specs=nano.specs -mfpu=fpv5-sp-d16 -mfloat-abi=hard -mthumb -o "Application/Startup/startup_stm32h563zitx.o" "../Application/Startup/startup_stm32h563zitx.s"
arm-none-eabi-gcc -o "FDCAN_Adaptive_Bitrate_Receiver.elf" @"objects.list"   -mcpu=cortex-m33 -T"/Users/peytonagher/GitHub/capstone/util/examples/FDCAN_Adaptive_Bitrate_Receiver/STM32CubeIDE/STM32H563ZITX_FLASH.ld" --specs=nosys.specs -Wl,-Map="FDCAN_Adaptive_Bitrate_Receiver.map" -Wl,--gc-sections -static --specs=nano.specs -mfpu=fpv5-sp-d16 -mfloat-abi=hard -mthumb -Wl,--start-group -lc -lm -Wl,--end-group
Finished building target: FDCAN_Adaptive_Bitrate_Receiver.elf
 
arm-none-eabi-size  FDCAN_Adaptive_Bitrate_Receiver.elf 
arm-none-eabi-objdump -h -S FDCAN_Adaptive_Bitrate_Receiver.elf  > "FDCAN_Adaptive_Bitrate_Receiver.list"
   text	   data	    bss	    dec	    hex	filename
  20928	     24	   1720	  22672	   5890	FDCAN_Adaptive_Bitrate_Receiver.elf
Finished building: default.size.stdout
 
Finished building: FDCAN_Adaptive_Bitrate_Receiver.list
 
17:15:10 **** Incremental Build of configuration Debug for project FDCAN_Adaptive_Bitrate_Receiver ****
make -j7 all 
arm-none-eabi-size  FDCAN_Adaptive_Bitrate_Receiver.elf 
   text	   data	    bss	    dec	    hex	filename
  20928	     24	   1720	  22672	   5890	FDCAN_Adaptive_Bitrate_Receiver.elf
Finished building: default.size.stdout
 
17:15:53 **** Incremental Build of configuration Debug for project FDCAN_Adaptive_Bitrate_Receiver ****
make -j7 all 
arm-none-eabi-size  FDCAN_Adaptive_Bitrate_Receiver.elf 
   text	   data	    bss	    dec	    hex	filename
  20928	     24	   1720	  22672	   5890	FDCAN_Adaptive_Bitrate_Receiver.elf
Finished building: default.size.stdout
 
17:16:29 **** Incremental Build of configuration Debug for project FDCAN_Adaptive_Bitrate_Receiver ****
make -j7 all 
arm-none-eabi-size  FDCAN_Adaptive_Bitrate_Receiver.elf 
   text	   data	    bss	    dec	    hex	filename
  20928	     24	   1720	  22672	   5890	FDCAN_Adaptive_Bitrate_Receiver.elf
Finished building: default.size.stdout
 
17:17:01 **** Incremental Build of configuration Debug for project FDCAN_Adaptive_Bitrate_Receiver ****
make -j7 all 
arm-none-eabi-size  FDCAN_Adaptive_Bitrate_Receiver.elf 
   text	   data	    bss	    dec	    hex	filename
  20928	     24	   1720	  22672	   5890	FDCAN_Adaptive_Bitrate_Receiver.elf
Finished building: default.size.stdout
 
17:22:16 **** Build of configuration Debug for project FDCAN_Adaptive_Bitrate_Transmitter ****
make -j7 all 
arm-none-eabi-gcc "/Users/peytonagher/GitHub/capstone/util/examples/FDCAN_Adaptive_Bitrate_Transmitter/Drivers/STM32H5xx_HAL_Driver/Src/stm32h5xx_hal.c" -mcpu=cortex-m33 -std=gnu11 -g3 -DDEBUG -DUSE_HAL_DRIVER -DSTM32H563xx -c -I../../Inc -I../../Drivers/STM32H5xx_HAL_Driver/Inc -I../../Drivers/STM32H5xx_HAL_Driver/Inc/Legacy -I../../Drivers/CMSIS/Device/ST/STM32H5xx/Include -I../../Drivers/CMSIS/Include -I../../Drivers/BSP/STM32H5xx_Nucleo -O0 -ffunction-sections -fdata-sections -Wall -fstack-usage -fcyclomatic-complexity -MMD -MP -MF"Drivers/STM32H5xx_HAL_Driver/stm32h5xx_hal.d" -MT"Drivers/STM32H5xx_HAL_Driver/stm32h5xx_hal.o" --specs=nano.specs -mfpu=fpv5-sp-d16 -mfloat-abi=hard -mthumb -o "Drivers/STM32H5xx_HAL_Driver/stm32h5xx_hal.o"
arm-none-eabi-gcc "/Users/peytonagher/GitHub/capstone/util/examples/FDCAN_Adaptive_Bitrate_Transmitter/Drivers/STM32H5xx_HAL_Driver/Src/stm32h5xx_hal_cortex.c" -mcpu=cortex-m33 -std=gnu11 -g3 -DDEBUG -DUSE_HAL_DRIVER -DSTM32H563xx -c -I../../Inc -I../../Drivers/STM32H5xx_HAL_Driver/Inc -I../../Drivers/STM32H5xx_HAL_Driver/Inc/Legacy -I../../Drivers/CMSIS/Device/ST/STM32H5xx/Include -I../../Drivers/CMSIS/Include -I../../Drivers/BSP/STM32H5xx_Nucleo -O0 -ffunction-sections -fdata-sections -Wall -fstack-usage -fcyclomatic-complexity -MMD -MP -MF"Drivers/STM32H5xx_HAL_Driver/stm32h5xx_hal_cortex.d" -MT"Drivers/STM32H5xx_HAL_Driver/stm32h5xx_hal_cortex.o" --specs=nano.specs -mfpu=fpv5-sp-d16 -mfloat-abi=hard -mthumb -o "Drivers/STM32H5xx_HAL_Driver/stm32h5xx_hal_cortex.o"
arm-none-eabi-gcc "/Users/peytonagher/GitHub/capstone/util/examples/FDCAN_Adaptive_Bitrate_Transmitter/Drivers/STM32H5xx_HAL_Driver/Src/stm32h5xx_hal_dma.c" -mcpu=cortex-m33 -std=gnu11 -g3 -DDEBUG -DUSE_HAL_DRIVER -DSTM32H563xx -c -I../../Inc -I../../Drivers/STM32H5xx_HAL_Driver/Inc -I../../Drivers/STM32H5xx_HAL_Driver/Inc/Legacy -I../../Drivers/CMSIS/Device/ST/STM32H5xx/Include -I../../Drivers/CMSIS/Include -I../../Drivers/BSP/STM32H5xx_Nucleo -O0 -ffunction-sections -fdata-sections -Wall -fstack-usage -fcyclomatic-complexity -MMD -MP -MF"Drivers/STM32H5xx_HAL_Driver/stm32h5xx_hal_dma.d" -MT"Drivers/STM32H5xx_HAL_Driver/stm32h5xx_hal_dma.o" --specs=nano.specs -mfpu=fpv5-sp-d16 -mfloat-abi=hard -mthumb -o "Drivers/STM32H5xx_HAL_Driver/stm32h5xx_hal_dma.o"
arm-none-eabi-gcc "/Users/peytonagher/GitHub/capstone/util/examples/FDCAN_Adaptive_Bitrate_Transmitter/Drivers/STM32H5xx_HAL_Driver/Src/stm32h5xx_hal_dma_ex.c" -mcpu=cortex-m33 -std=gnu11 -g3 -DDEBUG -DUSE_HAL_DRIVER -DSTM32H563xx -c -I../../Inc -I../../Drivers/STM32H5xx_HAL_Driver/Inc -I../../Drivers/STM32H5xx_HAL_Driver/Inc/Legacy -I../../Drivers/CMSIS/Device/ST/STM32H5xx/Include -I../../Drivers/CMSIS/Include -I../../Drivers/BSP/STM32H5xx_Nucleo -O0 -ffunction-sections -fdata-sections -Wall -fstack-usage -fcyclomatic-complexity -MMD -MP -MF"Drivers/STM32H5xx_HAL_Driver/stm32h5xx_hal_dma_ex.d" -MT"Drivers/STM32H5xx_HAL_Driver/stm32h5xx_hal_dma_ex.o" --specs=nano.specs -mfpu=fpv5-sp-d16 -mfloat-abi=hard -mthumb -o "Drivers/STM32H5xx_HAL_Driver/stm32h5xx_hal_dma_ex.o"
arm-none-eabi-gcc "/Users/peytonagher/GitHub/capstone/util/examples/FDCAN_Adaptive_Bitrate_Transmitter/Drivers/STM32H5xx_HAL_Driver/Src/stm32h5xx_hal_exti.c" -mcpu=cortex-m33 -std=gnu11 -g3 -DDEBUG -DUSE_HAL_DRIVER -DSTM32H563xx -c -I../../Inc -I../../Drivers/STM32H5xx_HAL_Driver/Inc -I../../Drivers/STM32H5xx_HAL_Driver/Inc/Legacy -I../../Drivers/CMSIS/Device/ST/STM32H5xx/Include -I../../Drivers/CMSIS/Include -I../../Drivers/BSP/STM32H5xx_Nucleo -O0 -ffunction-sections -fdata-sections -Wall -fstack-usage -fcyclomatic-complexity -MMD -MP -MF"Drivers/STM32H5xx_HAL_Driver/stm32h5xx_hal_exti.d" -MT"Drivers/STM32H5xx_HAL_Driver/stm32h5xx_hal_exti.o" --specs=nano.specs -mfpu=fpv5-sp-d16 -mfloat-abi=hard -mthumb -o "Drivers/STM32H5xx_HAL_Driver/stm32h5xx_hal_exti.o"
arm-none-eabi-gcc "/Users/peytonagher/GitHub/capstone/util/examples/FDCAN_Adaptive_Bitrate_Transmitter/Drivers/STM32H5xx_HAL_Driver/Src/stm32h5xx_hal_fdcan.c" -mcpu=cortex-m33 -std=gnu11 -g3 -DDEBUG -DUSE_HAL_DRIVER -DSTM32H563xx -c -I../../Inc -I../../Drivers/STM32H5xx_HAL_Driver/Inc -I../../Drivers/STM32H5xx_HAL_Driver/Inc/Legacy -I../../Drivers/CMSIS/Device/ST/STM32H5xx/Include -I../../Drivers/CMSIS/Include -I../../Drivers/BSP/STM32H5xx_Nucleo -O0 -ffunction-sections -fdata-sections -Wall -fstack-usage -fcyclomatic-complexity -MMD -MP -MF"Drivers/STM32H5xx_HAL_Driver/stm32h5xx_hal_fdcan.d" -MT"Drivers/STM32H5xx_HAL_Driver/stm32h5xx_hal_fdcan.o" --specs=nano.specs -mfpu=fpv5-sp-d16 -mfloat-abi=hard -mthumb -o "Drivers/STM32H5xx_HAL_Driver/stm32h5xx_hal_fdcan.o"
arm-none-eabi-gcc "/Users/peytonagher/GitHub/capstone/util/examples/FDCAN_Adaptive_Bitrate_Transmitter/Drivers/STM32H5xx_HAL_Driver/Src/stm32h5xx_hal_flash.c" -mcpu=cortex-m33 -std=gnu11 -g3 -DDEBUG -DUSE_HAL_DRIVER -DSTM32H563xx -c -I../../Inc -I../../Drivers/STM32H5xx_HAL_Driver/Inc -I../../Drivers/STM32H5xx_HAL_Driver/Inc/Legacy -I../../Drivers/CMSIS/Device/ST/STM32H5xx/Include -I../../Drivers/CMSIS/Include -I../../Drivers/BSP/STM32H5xx_Nucleo -O0 -ffunction-sections -fdata-sections -Wall -fstack-usage -fcyclomatic-complexity -MMD -MP -MF"Drivers/STM32H5xx_HAL_Driver/stm32h5xx_hal_flash.d" -MT"Drivers/STM32H5xx_HAL_Driver/stm32h5xx_hal_flash.o" --specs=nano.specs -mfpu=fpv5-sp-d16 -mfloat-abi=hard -mthumb -o "Drivers/STM32H5xx_HAL_Driver/stm32h5xx_hal_flash.o"
arm-none-eabi-gcc "/Users/peytonagher/GitHub/capstone/util/examples/FDCAN_Adaptive_Bitrate_Transmitter/Drivers/STM32H5xx_HAL_Driver/Src/stm32h5xx_hal_flash_ex.c" -mcpu=cortex-m33 -std=gnu11 -g3 -DDEBUG -DUSE_HAL_DRIVER -DSTM32H563xx -c -I../../Inc -I../../Drivers/STM32H5xx_HAL_Driver/Inc -I../../Drivers/STM32H5xx_HAL_Driver/Inc/Legacy -I../../Drivers/CMSIS/Device/ST/STM32H5xx/Include -I../../Drivers/CMSIS/Include -I../../Drivers/BSP/STM32H5xx_Nucleo -O0 -ffunction-sections -fdata-sections -Wall -fstack-usage -fcyclomatic-complexity -MMD -MP -MF"Drivers/STM32H5xx_HAL_Driver/stm32h5xx_hal_flash_ex.d" -MT"Drivers/STM32H5xx_HAL_Driver/stm32h5xx_hal_flash_ex.o" --specs=nano.specs -mfpu=fpv5-sp-d16 -mfloat-abi=hard -mthumb -o "Drivers/STM32H5xx_HAL_Driver/stm32h5xx_hal_flash_ex.o"
arm-none-eabi-gcc "/Users/peytonagher/GitHub/capstone/util/examples/FDCAN_Adaptive_Bitrate_Transmitter/Drivers/STM32H5xx_HAL_Driver/Src/stm32h5xx_hal_gpio.c" -mcpu=cortex-m33 -std=gnu11 -g3 -DDEBUG -DUSE_HAL_DRIVER -DSTM32H563xx -c -I../../Inc -I../../Drivers/STM32H5xx_HAL_Driver/Inc -I../../Drivers/STM32H5xx_HAL_Driver/Inc/Legacy -I../../Drivers/CMSIS/Device/ST/STM32H5xx/Include -I../../Drivers/CMSIS/Include -I../../Drivers/BSP/STM32H5xx_Nucleo -O0 -ffunction-sections -fdata-sections -Wall -fstack-usage -fcyclomatic-complexity -MMD -MP -MF"Drivers/STM32H5xx_HAL_Driver/stm32h5xx_hal_gpio.d" -MT"Drivers/STM32H5xx_HAL_Driver/stm32h5xx_hal_gpio.o" --specs=nano.specs -mfpu=fpv5-sp-d16 -mfloat-abi=hard -mthumb -o "Drivers/STM32H5xx_HAL_Driver/stm32h5xx_hal_gpio.o"
arm-none-eabi-gcc "/Users/peytonagher/GitHub/capstone/util/examples/FDCAN_Adaptive_Bitrate_Transmitter/Drivers/STM32H5xx_HAL_Driver/Src/stm32h5xx_hal_icache.c" -mcpu=cortex-m33 -std=gnu11 -g3 -DDEBUG -DUSE_HAL_DRIVER -DSTM32H563xx -c -I../../Inc -I../../Drivers/STM32H5xx_HAL_Driver/Inc -I../../Drivers/STM32H5xx_HAL_Driver/Inc/Legacy -I../../Drivers/CMSIS/Device/ST/STM32H5xx/Include -I../../Drivers/CMSIS/Include -I../../Drivers/BSP/STM32H5xx_Nucleo -O0 -ffunction-sections -fdata-sections -Wall -fstack-usage -fcyclomatic-complexity -MMD -MP -MF"Drivers/STM32H5xx_HAL_Driver/stm32h5xx_hal_icache.d" -MT"Drivers/STM32H5xx_HAL_Driver/stm32h5xx_hal_icache.o" --specs=nano.specs -mfpu=fpv5-sp-d16 -mfloat-abi=hard -mthumb -o "Drivers/STM32H5xx_HAL_Driver/stm32h5xx_hal_icache.o"
arm-none-eabi-gcc "/Users/peytonagher/GitHub/capstone/util/examples/FDCAN_Adaptive_Bitrate_Transmitter/Drivers/STM32H5xx_HAL_Driver/Src/stm32h5xx_hal_pwr.c" -mcpu=cortex-m33 -std=gnu11 -g3 -DDEBUG -DUSE_HAL_DRIVER -DSTM32H563xx -c -I../../Inc -I../../Drivers/STM32H5xx_HAL_Driver/Inc -I../../Drivers/STM32H5xx_HAL_Driver/Inc/Legacy -I../../Drivers/CMSIS/Device/ST/STM32H5xx/Include -I../../Drivers/CMSIS/Include -I../../Drivers/BSP/STM32H5xx_Nucleo -O0 -ffunction-sections -fdata-sections -Wall -fstack-usage -fcyclomatic-complexity -MMD -MP -MF"Drivers/STM32H5xx_HAL_Driver/stm32h5xx_hal_pwr.d" -MT"Drivers/STM32H5xx_HAL_Driver/stm32h5xx_hal_pwr.o" --specs=nano.specs -mfpu=fpv5-sp-d16 -mfloat-abi=hard -mthumb -o "Drivers/STM32H5xx_HAL_Driver/stm32h5xx_hal_pwr.o"
arm-none-eabi-gcc "/Users/peytonagher/GitHub/capstone/util/examples/FDCAN_Adaptive_Bitrate_Transmitter/Drivers/STM32H5xx_HAL_Driver/Src/stm32h5xx_hal_pwr_ex.c" -mcpu=cortex-m33 -std=gnu11 -g3 -DDEBUG -DUSE_HAL_DRIVER -DSTM32H563xx -c -I../../Inc -I../../Drivers/STM32H5xx_HAL_Driver/Inc -I../../Drivers/STM32H5xx_HAL_Driver/Inc/Legacy -I../../Drivers/CMSIS/Device/ST/STM32H5xx/Include -I../../Drivers/CMSIS/Include -I../../Drivers/BSP/STM32H5xx_Nucleo -O0 -ffunction-sections -fdata-sections -Wall -fstack-usage -fcyclomatic-complexity -MMD -MP -MF"Drivers/STM32H5xx_HAL_Driver/stm32h5xx_hal_pwr_ex.d" -MT"Drivers/STM32H5xx_HAL_Driver/stm32h5xx_hal_pwr_ex.o" --specs=nano.specs -mfpu=fpv5-sp-d16 -mfloat-abi=hard -mthumb -o "Drivers/STM32H5xx_HAL_Driver/stm32h5xx_hal_pwr_ex.o"
arm-none-eabi-gcc "/Users/peytonagher/GitHub/capstone/util/examples/FDCAN_Adaptive_Bitrate_Transmitter/Drivers/STM32H5xx_HAL_Driver/Src/stm32h5xx_hal_rcc.c" -mcpu=cortex-m33 -std=gnu11 -g3 -DDEBUG -DUSE_HAL_DRIVER -DSTM32H563xx -c -I../../Inc -I../../Drivers/STM32H5xx_HAL_Driver/Inc -I../../Drivers/STM32H5xx_HAL_Driver/Inc/Legacy -I../../Drivers/CMSIS/Device/ST/STM32H5xx/Include -I../../Drivers/CMSIS/Include -I../../Drivers/BSP/STM32H5xx_Nucleo -O0 -ffunction-sections -fdata-sections -Wall -fstack-usage -fcyclomatic-complexity -MMD -MP -MF"Drivers/STM32H5xx_HAL_Driver/stm32h5xx_hal_rcc.d" -MT"Drivers/STM32H5xx_HAL_Driver/stm32h5xx_hal_rcc.o" --specs=nano.specs -mfpu=fpv5-sp-d16 -mfloat-abi=hard -mthumb -o "Drivers/STM32H5xx_HAL_Driver/stm32h5xx_hal_rcc.o"
arm-none-eabi-gcc "/Users/peytonagher/GitHub/capstone/util/examples/FDCAN_Adaptive_Bitrate_Transmitter/Drivers/STM32H5xx_HAL_Driver/Src/stm32h5xx_hal_rcc_ex.c" -mcpu=cortex-m33 -std=gnu11 -g3 -DDEBUG -DUSE_HAL_DRIVER -DSTM32H563xx -c -I../../Inc -I../../Drivers/STM32H5xx_HAL_Driver/Inc -I../../Drivers/STM32H5xx_HAL_Driver/Inc/Legacy -I../../Drivers/CMSIS/Device/ST/STM32H5xx/Include -I../../Drivers/CMSIS/Include -I../../Drivers/BSP/STM32H5xx_Nucleo -O0 -ffunction-sections -fdata-sections -Wall -fstack-usage -fcyclomatic-complexity -MMD -MP -MF"Drivers/STM32H5xx_HAL_Driver/stm32h5xx_hal_rcc_ex.d" -MT"Drivers/STM32H5xx_HAL_Driver/stm32h5xx_hal_rcc_ex.o" --specs=nano.specs -mfpu=fpv5-sp-d16 -mfloat-abi=hard -mthumb -o "Drivers/STM32H5xx_HAL_Driver/stm32h5xx_hal_rcc_ex.o"
arm-none-eabi-gcc "/Users/peytonagher/GitHub/capstone/util/examples/FDCAN_Adaptive_Bitrate_Transmitter/Src/system_stm32h5xx.c" -mcpu=cortex-m33 -std=gnu11 -g3 -DDEBUG -DUSE_HAL_DRIVER -DSTM32H563xx -c -I../../Inc -I../../Drivers/STM32H5xx_HAL_Driver/Inc -I../../Drivers/STM32H5xx_HAL_Driver/Inc/Legacy -I../../Drivers/CMSIS/Device/ST/STM32H5xx/Include -I../../Drivers/CMSIS/Include -I../../Drivers/BSP/STM32H5xx_Nucleo -O0 -ffunction-sections -fdata-sections -Wall -fstack-usage -fcyclomatic-complexity -MMD -MP -MF"Drivers/CMSIS/system_stm32h5xx.d" -MT"Drivers/CMSIS/system_stm32h5xx.o" --specs=nano.specs -mfpu=fpv5-sp-d16 -mfloat-abi=hard -mthumb -o "Drivers/CMSIS/system_stm32h5xx.o"
arm-none-eabi-gcc "/Users/peytonagher/GitHub/capstone/util/examples/FDCAN_Adaptive_Bitrate_Transmitter/Drivers/BSP/STM32H5xx_Nucleo/stm32h5xx_nucleo.c" -mcpu=cortex-m33 -std=gnu11 -g3 -DDEBUG -DUSE_HAL_DRIVER -DSTM32H563xx -c -I../../Inc -I../../Drivers/STM32H5xx_HAL_Driver/Inc -I../../Drivers/STM32H5xx_HAL_Driver/Inc/Legacy -I../../Drivers/CMSIS/Device/ST/STM32H5xx/Include -I../../Drivers/CMSIS/Include -I../../Drivers/BSP/STM32H5xx_Nucleo -O0 -ffunction-sections -fdata-sections -Wall -fstack-usage -fcyclomatic-complexity -MMD -MP -MF"Drivers/BSP/STM32H5xx_Nucleo/stm32h5xx_nucleo.d" -MT"Drivers/BSP/STM32H5xx_Nucleo/stm32h5xx_nucleo.o" --specs=nano.specs -mfpu=fpv5-sp-d16 -mfloat-abi=hard -mthumb -o "Drivers/BSP/STM32H5xx_Nucleo/stm32h5xx_nucleo.o"
arm-none-eabi-gcc "/Users/peytonagher/GitHub/capstone/util/examples/FDCAN_Adaptive_Bitrate_Transmitter/Src/main.c" -mcpu=cortex-m33 -std=gnu11 -g3 -DDEBUG -DUSE_HAL_DRIVER -DSTM32H563xx -c -I../../Inc -I../../Drivers/STM32H5xx_HAL_Driver/Inc -I../../Drivers/STM32H5xx_HAL_Driver/Inc/Legacy -I../../Drivers/CMSIS/Device/ST/STM32H5xx/Include -I../../Drivers/CMSIS/Include -I../../Drivers/BSP/STM32H5xx_Nucleo -O0 -ffunction-sections -fdata-sections -Wall -fstack-usage -fcyclomatic-complexity -MMD -MP -MF"Application/User/main.d" -MT"Application/User/main.o" --specs=nano.specs -mfpu=fpv5-sp-d16 -mfloat-abi=hard -mthumb -o "Application/User/main.o"
arm-none-eabi-gcc "/Users/peytonagher/GitHub/capstone/util/examples/FDCAN_Adaptive_Bitrate_Transmitter/Src/stm32h5xx_hal_msp.c" -mcpu=cortex-m33 -std=gnu11 -g3 -DDEBUG -DUSE_HAL_DRIVER -DSTM32H563xx -c -I../../Inc -I../../Drivers/STM32H5xx_HAL_Driver/Inc -I../../Drivers/STM32H5xx_HAL_Driver/Inc/Legacy -I../../Drivers/CMSIS/Device/ST/STM32H5xx/Include -I../../Drivers/CMSIS/Include -I../../Drivers/BSP/STM32H5xx_Nucleo -O0 -ffunction-sections -fdata-sections -Wall -fstack-usage -fcyclomatic-complexity -MMD -MP -MF"Application/User/stm32h5xx_hal_msp.d" -MT"Application/User/stm32h5xx_hal_msp.o" --specs=nano.specs -mfpu=fpv5-sp-d16 -mfloat-abi=hard -mthumb -o "Application/User/stm32h5xx_hal_msp.o"
arm-none-eabi-gcc "/Users/peytonagher/GitHub/capstone/util/examples/FDCAN_Adaptive_Bitrate_Transmitter/Src/stm32h5xx_it.c" -mcpu=cortex-m33 -std=gnu11 -g3 -DDEBUG -DUSE_HAL_DRIVER -DSTM32H563xx -c -I../../Inc -I../../Drivers/STM32H5xx_HAL_Driver/Inc -I../../Drivers/STM32H5xx_HAL_Driver/Inc/Legacy -I../../Drivers/CMSIS/Device/ST/STM32H5xx/Include -I../../Drivers/CMSIS/Include -I../../Drivers/BSP/STM32H5xx_Nucleo -O0 -ffunction-sections -fdata-sections -Wall -fstack-usage -fcyclomatic-complexity -MMD -MP -MF"Application/User/stm32h5xx_it.d" -MT"Application/User/stm32h5xx_it.o" --specs=nano.specs -mfpu=fpv5-sp-d16 -mfloat-abi=hard -mthumb -o "Application/User/stm32h5xx_it.o"
arm-none-eabi-gcc "../Application/User/syscalls.c" -mcpu=cortex-m33 -std=gnu11 -g3 -DDEBUG -DUSE_HAL_DRIVER -DSTM32H563xx -c -I../../Inc -I../../Drivers/STM32H5xx_HAL_Driver/Inc -I../../Drivers/STM32H5xx_HAL_Driver/Inc/Legacy -I../../Drivers/CMSIS/Device/ST/STM32H5xx/Include -I../../Drivers/CMSIS/Include -I../../Drivers/BSP/STM32H5xx_Nucleo -O0 -ffunction-sections -fdata-sections -Wall -fstack-usage -fcyclomatic-complexity -MMD -MP -MF"Application/User/syscalls.d" -MT"Application/User/syscalls.o" --specs=nano.specs -mfpu=fpv5-sp-d16 -mfloat-abi=hard -mthumb -o "Application/User/syscalls.o"
arm-none-eabi-gcc "../Application/User/sysmem.c" -mcpu=cortex-m33 -std=gnu11 -g3 -DDEBUG -DUSE_HAL_DRIVER -DSTM32H563xx -c -I../../Inc -I../../Drivers/STM32H5xx_HAL_Driver/Inc -I../../Drivers/STM32H5xx_HAL_Driver/Inc/Legacy -I../../Drivers/CMSIS/Device/ST/STM32H5xx/Include -I../../Drivers/CMSIS/Include -I../../Drivers/BSP/STM32H5xx_Nucleo -O0 -ffunction-sections -fdata-sections -Wall -fstack-usage -fcyclomatic-complexity -MMD -MP -MF"Application/User/sysmem.d" -MT"Application/User/sysmem.o" --specs=nano.specs -mfpu=fpv5-sp-d16 -mfloat-abi=hard -mthumb -o "Application/User/sysmem.o"
arm-none-eabi-gcc -mcpu=cortex-m33 -g3 -DDEBUG -c -x assembler-with-cpp -MMD -MP -MF"Application/Startup/startup_stm32h563zitx.d" -MT"Application/Startup/startup_stm32h563zitx.o" --specs=nano.specs -mfpu=fpv5-sp-d16 -mfloat-abi=hard -mthumb -o "Application/Startup/startup_stm32h563zitx.o" "../Application/Startup/startup_stm32h563zitx.s"
arm-none-eabi-gcc -o "FDCAN_Adaptive_Bitrate_Transmitter.elf" @"objects.list"   -mcpu=cortex-m33 -T"/Users/peytonagher/GitHub/capstone/util/examples/FDCAN_Adaptive_Bitrate_Transmitter/STM32CubeIDE/STM32H563ZITX_FLASH.ld" --specs=nosys.specs -Wl,-Map="FDCAN_Adaptive_Bitrate_Transmitter.map" -Wl,--gc-sections -static --specs=nano.specs -mfpu=fpv5-sp-d16 -mfloat-abi=hard -mthumb -Wl,--start-group -lc -lm -Wl,--end-group
Finished building target: FDCAN_Adaptive_Bitrate_Transmitter.elf
 
arm-none-eabi-size  FDCAN_Adaptive_Bitrate_Transmitter.elf 
arm-none-eabi-objdump -h -S FDCAN_Adaptive_Bitrate_Transmitter.elf  > "FDCAN_Adaptive_Bitrate_Transmitter.list"
   text	   data	    bss	    dec	    hex	filename
  19292	     24	   1720	  21036	   522c	FDCAN_Adaptive_Bitrate_Transmitter.elf
Finished building: default.size.stdout
 
Finished building: FDCAN_Adaptive_Bitrate_Transmitter.list
 
17:23:21 **** Incremental Build of configuration Debug for project FDCAN_Adaptive_Bitrate_Transmitter ****
make -j7 all 
arm-none-eabi-size  FDCAN_Adaptive_Bitrate_Transmitter.elf 
   text	   data	    bss	    dec	    hex	filename
  19292	     24	   1720	  21036	   522c	FDCAN_Adaptive_Bitrate_Transmitter.elf
Finished building: default.size.stdout
 
17:24:24 **** Incremental Build of configuration Debug for project FDCAN_Adaptive_Bitrate_Transmitter ****
make -j7 all 
arm-none-eabi-size  FDCAN_Adaptive_Bitrate_Transmitter.elf 
   text	   data	    bss	    dec	    hex	filename
  19292	     24	   1720	  21036	   522c	FDCAN_Adaptive_Bitrate_Transmitter.elf
Finished building: default.size.stdout
 
17:24:53 **** Incremental Build of configuration Debug for project FDCAN_Adaptive_Bitrate_Transmitter ****
make -j7 all 
arm-none-eabi-size  FDCAN_Adaptive_Bitrate_Transmitter.elf 
   text	   data	    bss	    dec	    hex	filename
  19292	     24	   1720	  21036	   522c	FDCAN_Adaptive_Bitrate_Transmitter.elf
Finished building: default.size.stdout
 
17:24:58 **** Incremental Build of configuration Debug for project FDCAN_Adaptive_Bitrate_Transmitter ****
make -j7 all 
arm-none-eabi-size  FDCAN_Adaptive_Bitrate_Transmitter.elf 
   text	   data	    bss	    dec	    hex	filename
  19292	     24	   1720	  21036	   522c	FDCAN_Adaptive_Bitrate_Transmitter.elf
Finished building: default.size.stdout
 
16:21:12 **** Incremental Build of configuration Debug for project FDCAN_Adaptive_Bitrate_Transmitter ****
make -j7 all 
arm-none-eabi-size  FDCAN_Adaptive_Bitrate_Transmitter.elf 
   text	   data	    bss	    dec	    hex	filename
  19292	     24	   1720	  21036	   522c	FDCAN_Adaptive_Bitrate_Transmitter.elf
Finished building: default.size.stdout
 
16:21:20 **** Incremental Build of configuration Debug for project FDCAN_Adaptive_Bitrate_Transmitter ****
make -j7 all 
arm-none-eabi-size  FDCAN_Adaptive_Bitrate_Transmitter.elf 
   text	   data	    bss	    dec	    hex	filename
  19292	     24	   1720	  21036	   522c	FDCAN_Adaptive_Bitrate_Transmitter.elf
Finished building: default.size.stdout
 
16:23:46 **** Incremental Build of configuration Debug for project FDCAN_Adaptive_Bitrate_Transmitter ****
make -j7 all 
arm-none-eabi-size  FDCAN_Adaptive_Bitrate_Transmitter.elf 
   text	   data	    bss	    dec	    hex	filename
  19292	     24	   1720	  21036	   522c	FDCAN_Adaptive_Bitrate_Transmitter.elf
Finished building: default.size.stdout
 
16:24:32 **** Incremental Build of configuration Debug for project FDCAN_Adaptive_Bitrate_Transmitter ****
make -j7 all 
arm-none-eabi-size  FDCAN_Adaptive_Bitrate_Transmitter.elf 
   text	   data	    bss	    dec	    hex	filename
  19292	     24	   1720	  21036	   522c	FDCAN_Adaptive_Bitrate_Transmitter.elf
Finished building: default.size.stdout
 
16:25:01 **** Incremental Build of configuration Debug for project FDCAN_Adaptive_Bitrate_Transmitter ****
make -j7 all 
arm-none-eabi-size  FDCAN_Adaptive_Bitrate_Transmitter.elf 
   text	   data	    bss	    dec	    hex	filename
  19292	     24	   1720	  21036	   522c	FDCAN_Adaptive_Bitrate_Transmitter.elf
Finished building: default.size.stdout
 
16:31:35 **** Incremental Build of configuration Debug for project FDCAN_Adaptive_Bitrate_Transmitter ****
make -j7 all 
arm-none-eabi-size  FDCAN_Adaptive_Bitrate_Transmitter.elf 
   text	   data	    bss	    dec	    hex	filename
  19292	     24	   1720	  21036	   522c	FDCAN_Adaptive_Bitrate_Transmitter.elf
Finished building: default.size.stdout
 
16:31:52 **** Incremental Build of configuration Debug for project FDCAN_Adaptive_Bitrate_Transmitter ****
make -j7 all 
arm-none-eabi-size  FDCAN_Adaptive_Bitrate_Transmitter.elf 
   text	   data	    bss	    dec	    hex	filename
  19292	     24	   1720	  21036	   522c	FDCAN_Adaptive_Bitrate_Transmitter.elf
Finished building: default.size.stdout
 
16:37:38 **** Incremental Build of configuration Debug for project FDCAN_Adaptive_Bitrate_Transmitter ****
make -j7 all 
arm-none-eabi-gcc "/Users/peytonagher/GitHub/capstone/util/examples/FDCAN_Adaptive_Bitrate_Transmitter/Src/main.c" -mcpu=cortex-m33 -std=gnu11 -g3 -DDEBUG -DUSE_HAL_DRIVER -DSTM32H563xx -c -I../../Inc -I../../Drivers/STM32H5xx_HAL_Driver/Inc -I../../Drivers/STM32H5xx_HAL_Driver/Inc/Legacy -I../../Drivers/CMSIS/Device/ST/STM32H5xx/Include -I../../Drivers/CMSIS/Include -I../../Drivers/BSP/STM32H5xx_Nucleo -O0 -ffunction-sections -fdata-sections -Wall -fstack-usage -fcyclomatic-complexity -MMD -MP -MF"Application/User/main.d" -MT"Application/User/main.o" --specs=nano.specs -mfpu=fpv5-sp-d16 -mfloat-abi=hard -mthumb -o "Application/User/main.o"
arm-none-eabi-gcc -o "FDCAN_Adaptive_Bitrate_Transmitter.elf" @"objects.list"   -mcpu=cortex-m33 -T"/Users/peytonagher/GitHub/capstone/util/examples/FDCAN_Adaptive_Bitrate_Transmitter/STM32CubeIDE/STM32H563ZITX_FLASH.ld" --specs=nosys.specs -Wl,-Map="FDCAN_Adaptive_Bitrate_Transmitter.map" -Wl,--gc-sections -static --specs=nano.specs -mfpu=fpv5-sp-d16 -mfloat-abi=hard -mthumb -Wl,--start-group -lc -lm -Wl,--end-group
Finished building target: FDCAN_Adaptive_Bitrate_Transmitter.elf
 
arm-none-eabi-size  FDCAN_Adaptive_Bitrate_Transmitter.elf 
arm-none-eabi-objdump -h -S FDCAN_Adaptive_Bitrate_Transmitter.elf  > "FDCAN_Adaptive_Bitrate_Transmitter.list"
   text	   data	    bss	    dec	    hex	filename
  19296	     24	   1720	  21040	   5230	FDCAN_Adaptive_Bitrate_Transmitter.elf
Finished building: default.size.stdout
 
Finished building: FDCAN_Adaptive_Bitrate_Transmitter.list
 
16:40:40 **** Clean-only build of configuration Debug for project FDCAN_Adaptive_Bitrate_Transmitter ****
make -j7 clean 
rm -rf ./Drivers/STM32H5xx_HAL_Driver/stm32h5xx_hal.cyclo ./Drivers/STM32H5xx_HAL_Driver/stm32h5xx_hal.d ./Drivers/STM32H5xx_HAL_Driver/stm32h5xx_hal.o ./Drivers/STM32H5xx_HAL_Driver/stm32h5xx_hal.su ./Drivers/STM32H5xx_HAL_Driver/stm32h5xx_hal_cortex.cyclo ./Drivers/STM32H5xx_HAL_Driver/stm32h5xx_hal_cortex.d ./Drivers/STM32H5xx_HAL_Driver/stm32h5xx_hal_cortex.o ./Drivers/STM32H5xx_HAL_Driver/stm32h5xx_hal_cortex.su ./Drivers/STM32H5xx_HAL_Driver/stm32h5xx_hal_dma.cyclo ./Drivers/STM32H5xx_HAL_Driver/stm32h5xx_hal_dma.d ./Drivers/STM32H5xx_HAL_Driver/stm32h5xx_hal_dma.o ./Drivers/STM32H5xx_HAL_Driver/stm32h5xx_hal_dma.su ./Drivers/STM32H5xx_HAL_Driver/stm32h5xx_hal_dma_ex.cyclo ./Drivers/STM32H5xx_HAL_Driver/stm32h5xx_hal_dma_ex.d ./Drivers/STM32H5xx_HAL_Driver/stm32h5xx_hal_dma_ex.o ./Drivers/STM32H5xx_HAL_Driver/stm32h5xx_hal_dma_ex.su ./Drivers/STM32H5xx_HAL_Driver/stm32h5xx_hal_exti.cyclo ./Drivers/STM32H5xx_HAL_Driver/stm32h5xx_hal_exti.d ./Drivers/STM32H5xx_HAL_Driver/stm32h5xx_hal_exti.o ./Drivers/STM32H5xx_HAL_Driver/stm32h5xx_hal_exti.su ./Drivers/STM32H5xx_HAL_Driver/stm32h5xx_hal_fdcan.cyclo ./Drivers/STM32H5xx_HAL_Driver/stm32h5xx_hal_fdcan.d ./Drivers/STM32H5xx_HAL_Driver/stm32h5xx_hal_fdcan.o ./Drivers/STM32H5xx_HAL_Driver/stm32h5xx_hal_fdcan.su ./Drivers/STM32H5xx_HAL_Driver/stm32h5xx_hal_flash.cyclo ./Drivers/STM32H5xx_HAL_Driver/stm32h5xx_hal_flash.d ./Drivers/STM32H5xx_HAL_Driver/stm32h5xx_hal_flash.o ./Drivers/STM32H5xx_HAL_Driver/stm32h5xx_hal_flash.su ./Drivers/STM32H5xx_HAL_Driver/stm32h5xx_hal_flash_ex.cyclo ./Drivers/STM32H5xx_HAL_Driver/stm32h5xx_hal_flash_ex.d ./Drivers/STM32H5xx_HAL_Driver/stm32h5xx_hal_flash_ex.o ./Drivers/STM32H5xx_HAL_Driver/stm32h5xx_hal_flash_ex.su ./Drivers/STM32H5xx_HAL_Driver/stm32h5xx_hal_gpio.cyclo ./Drivers/STM32H5xx_HAL_Driver/stm32h5xx_hal_gpio.d ./Drivers/STM32H5xx_HAL_Driver/stm32h5xx_hal_gpio.o ./Drivers/STM32H5xx_HAL_Driver/stm32h5xx_hal_gpio.su ./Drivers/STM32H5xx_HAL_Driver/stm32h5xx_hal_icache.cyclo ./Drivers/STM32H5xx_HAL_Driver/stm32h5xx_hal_icache.d ./Drivers/STM32H5xx_HAL_Driver/stm32h5xx_hal_icache.o ./Drivers/STM32H5xx_HAL_Driver/stm32h5xx_hal_icache.su ./Drivers/STM32H5xx_HAL_Driver/stm32h5xx_hal_pwr.cyclo ./Drivers/STM32H5xx_HAL_Driver/stm32h5xx_hal_pwr.d ./Drivers/STM32H5xx_HAL_Driver/stm32h5xx_hal_pwr.o ./Drivers/STM32H5xx_HAL_Driver/stm32h5xx_hal_pwr.su ./Drivers/STM32H5xx_HAL_Driver/stm32h5xx_hal_pwr_ex.cyclo ./Drivers/STM32H5xx_HAL_Driver/stm32h5xx_hal_pwr_ex.d ./Drivers/STM32H5xx_HAL_Driver/stm32h5xx_hal_pwr_ex.o ./Drivers/STM32H5xx_HAL_Driver/stm32h5xx_hal_pwr_ex.su ./Drivers/STM32H5xx_HAL_Driver/stm32h5xx_hal_rcc.cyclo ./Drivers/STM32H5xx_HAL_Driver/stm32h5xx_hal_rcc.d ./Drivers/STM32H5xx_HAL_Driver/stm32h5xx_hal_rcc.o ./Drivers/STM32H5xx_HAL_Driver/stm32h5xx_hal_rcc.su ./Drivers/STM32H5xx_HAL_Driver/stm32h5xx_hal_rcc_ex.cyclo ./Drivers/STM32H5xx_HAL_Driver/stm32h5xx_hal_rcc_ex.d ./Drivers/STM32H5xx_HAL_Driver/stm32h5xx_hal_rcc_ex.o ./Drivers/STM32H5xx_HAL_Driver/stm32h5xx_hal_rcc_ex.su
rm -rf ./Drivers/CMSIS/system_stm32h5xx.cyclo ./Drivers/CMSIS/system_stm32h5xx.d ./Drivers/CMSIS/system_stm32h5xx.o ./Drivers/CMSIS/system_stm32h5xx.su
rm -rf ./Drivers/BSP/STM32H5xx_Nucleo/stm32h5xx_nucleo.cyclo ./Drivers/BSP/STM32H5xx_Nucleo/stm32h5xx_nucleo.d ./Drivers/BSP/STM32H5xx_Nucleo/stm32h5xx_nucleo.o ./Drivers/BSP/STM32H5xx_Nucleo/stm32h5xx_nucleo.su
rm -rf ./Application/User/main.cyclo ./Application/User/main.d ./Application/User/main.o ./Application/User/main.su ./Application/User/stm32h5xx_hal_msp.cyclo ./Application/User/stm32h5xx_hal_msp.d ./Application/User/stm32h5xx_hal_msp.o ./Application/User/stm32h5xx_hal_msp.su ./Application/User/stm32h5xx_it.cyclo ./Application/User/stm32h5xx_it.d ./Application/User/stm32h5xx_it.o ./Application/User/stm32h5xx_it.su ./Application/User/syscalls.cyclo ./Application/User/syscalls.d ./Application/User/syscalls.o ./Application/User/syscalls.su ./Application/User/sysmem.cyclo ./Application/User/sysmem.d ./Application/User/sysmem.o ./Application/User/sysmem.su
rm -rf ./Application/Startup/startup_stm32h563zitx.d ./Application/Startup/startup_stm32h563zitx.o
rm -rf FDCAN_Adaptive_Bitrate_Transmitter.elf FDCAN_Adaptive_Bitrate_Transmitter.list FDCAN_Adaptive_Bitrate_Transmitter.map default.size.stdout
 
16:40:40 **** Incremental Build of configuration Debug for project FDCAN_Adaptive_Bitrate_Transmitter ****
make -j7 all 
arm-none-eabi-gcc "/Users/peytonagher/GitHub/capstone/util/examples/FDCAN_Adaptive_Bitrate_Transmitter/Drivers/STM32H5xx_HAL_Driver/Src/stm32h5xx_hal_tim.c" -mcpu=cortex-m33 -std=gnu11 -g3 -DDEBUG -DUSE_HAL_DRIVER -DSTM32H563xx -c -I../../Inc -I../../Drivers/STM32H5xx_HAL_Driver/Inc -I../../Drivers/STM32H5xx_HAL_Driver/Inc/Legacy -I../../Drivers/CMSIS/Device/ST/STM32H5xx/Include -I../../Drivers/CMSIS/Include -I../../Drivers/BSP/STM32H5xx_Nucleo -O0 -ffunction-sections -fdata-sections -Wall -fstack-usage -fcyclomatic-complexity -MMD -MP -MF"Drivers/STM32H5xx_HAL_Driver/stm32h5xx_hal_tim.d" -MT"Drivers/STM32H5xx_HAL_Driver/stm32h5xx_hal_tim.o" --specs=nano.specs -mfpu=fpv5-sp-d16 -mfloat-abi=hard -mthumb -o "Drivers/STM32H5xx_HAL_Driver/stm32h5xx_hal_tim.o"
arm-none-eabi-gcc "/Users/peytonagher/GitHub/capstone/util/examples/FDCAN_Adaptive_Bitrate_Transmitter/Drivers/STM32H5xx_HAL_Driver/Src/stm32h5xx_hal_tim_ex.c" -mcpu=cortex-m33 -std=gnu11 -g3 -DDEBUG -DUSE_HAL_DRIVER -DSTM32H563xx -c -I../../Inc -I../../Drivers/STM32H5xx_HAL_Driver/Inc -I../../Drivers/STM32H5xx_HAL_Driver/Inc/Legacy -I../../Drivers/CMSIS/Device/ST/STM32H5xx/Include -I../../Drivers/CMSIS/Include -I../../Drivers/BSP/STM32H5xx_Nucleo -O0 -ffunction-sections -fdata-sections -Wall -fstack-usage -fcyclomatic-complexity -MMD -MP -MF"Drivers/STM32H5xx_HAL_Driver/stm32h5xx_hal_tim_ex.d" -MT"Drivers/STM32H5xx_HAL_Driver/stm32h5xx_hal_tim_ex.o" --specs=nano.specs -mfpu=fpv5-sp-d16 -mfloat-abi=hard -mthumb -o "Drivers/STM32H5xx_HAL_Driver/stm32h5xx_hal_tim_ex.o"
arm-none-eabi-gcc "/Users/peytonagher/GitHub/capstone/util/examples/FDCAN_Adaptive_Bitrate_Transmitter/Drivers/BSP/STM32H5xx_Nucleo/stm32h5xx_nucleo.c" -mcpu=cortex-m33 -std=gnu11 -g3 -DDEBUG -DUSE_HAL_DRIVER -DSTM32H563xx -c -I../../Inc -I../../Drivers/STM32H5xx_HAL_Driver/Inc -I../../Drivers/STM32H5xx_HAL_Driver/Inc/Legacy -I../../Drivers/CMSIS/Device/ST/STM32H5xx/Include -I../../Drivers/CMSIS/Include -I../../Drivers/BSP/STM32H5xx_Nucleo -O0 -ffunction-sections -fdata-sections -Wall -fstack-usage -fcyclomatic-complexity -MMD -MP -MF"Drivers/BSP/STM32H5xx_Nucleo/stm32h5xx_nucleo.d" -MT"Drivers/BSP/STM32H5xx_Nucleo/stm32h5xx_nucleo.o" --specs=nano.specs -mfpu=fpv5-sp-d16 -mfloat-abi=hard -mthumb -o "Drivers/BSP/STM32H5xx_Nucleo/stm32h5xx_nucleo.o"
arm-none-eabi-gcc "/Users/peytonagher/GitHub/capstone/util/examples/FDCAN_Adaptive_Bitrate_Transmitter/Src/main.c" -mcpu=cortex-m33 -std=gnu11 -g3 -DDEBUG -DUSE_HAL_DRIVER -DSTM32H563xx -c -I../../Inc -I../../Drivers/STM32H5xx_HAL_Driver/Inc -I../../Drivers/STM32H5xx_HAL_Driver/Inc/Legacy -I../../Drivers/CMSIS/Device/ST/STM32H5xx/Include -I../../Drivers/CMSIS/Include -I../../Drivers/BSP/STM32H5xx_Nucleo -O0 -ffunction-sections -fdata-sections -Wall -fstack-usage -fcyclomatic-complexity -MMD -MP -MF"Application/User/main.d" -MT"Application/User/main.o" --specs=nano.specs -mfpu=fpv5-sp-d16 -mfloat-abi=hard -mthumb -o "Application/User/main.o"
arm-none-eabi-gcc "/Users/peytonagher/GitHub/capstone/util/examples/FDCAN_Adaptive_Bitrate_Transmitter/Src/stm32h5xx_hal_msp.c" -mcpu=cortex-m33 -std=gnu11 -g3 -DDEBUG -DUSE_HAL_DRIVER -DSTM32H563xx -c -I../../Inc -I../../Drivers/STM32H5xx_HAL_Driver/Inc -I../../Drivers/STM32H5xx_HAL_Driver/Inc/Legacy -I../../Drivers/CMSIS/Device/ST/STM32H5xx/Include -I../../Drivers/CMSIS/Include -I../../Drivers/BSP/STM32H5xx_Nucleo -O0 -ffunction-sections -fdata-sections -Wall -fstack-usage -fcyclomatic-complexity -MMD -MP -MF"Application/User/stm32h5xx_hal_msp.d" -MT"Application/User/stm32h5xx_hal_msp.o" --specs=nano.specs -mfpu=fpv5-sp-d16 -mfloat-abi=hard -mthumb -o "Application/User/stm32h5xx_hal_msp.o"
arm-none-eabi-gcc "/Users/peytonagher/GitHub/capstone/util/examples/FDCAN_Adaptive_Bitrate_Transmitter/Src/stm32h5xx_it.c" -mcpu=cortex-m33 -std=gnu11 -g3 -DDEBUG -DUSE_HAL_DRIVER -DSTM32H563xx -c -I../../Inc -I../../Drivers/STM32H5xx_HAL_Driver/Inc -I../../Drivers/STM32H5xx_HAL_Driver/Inc/Legacy -I../../Drivers/CMSIS/Device/ST/STM32H5xx/Include -I../../Drivers/CMSIS/Include -I../../Drivers/BSP/STM32H5xx_Nucleo -O0 -ffunction-sections -fdata-sections -Wall -fstack-usage -fcyclomatic-complexity -MMD -MP -MF"Application/User/stm32h5xx_it.d" -MT"Application/User/stm32h5xx_it.o" --specs=nano.specs -mfpu=fpv5-sp-d16 -mfloat-abi=hard -mthumb -o "Application/User/stm32h5xx_it.o"
arm-none-eabi-gcc "../Application/User/syscalls.c" -mcpu=cortex-m33 -std=gnu11 -g3 -DDEBUG -DUSE_HAL_DRIVER -DSTM32H563xx -c -I../../Inc -I../../Drivers/STM32H5xx_HAL_Driver/Inc -I../../Drivers/STM32H5xx_HAL_Driver/Inc/Legacy -I../../Drivers/CMSIS/Device/ST/STM32H5xx/Include -I../../Drivers/CMSIS/Include -I../../Drivers/BSP/STM32H5xx_Nucleo -O0 -ffunction-sections -fdata-sections -Wall -fstack-usage -fcyclomatic-complexity -MMD -MP -MF"Application/User/syscalls.d" -MT"Application/User/syscalls.o" --specs=nano.specs -mfpu=fpv5-sp-d16 -mfloat-abi=hard -mthumb -o "Application/User/syscalls.o"
arm-none-eabi-gcc "../Application/User/sysmem.c" -mcpu=cortex-m33 -std=gnu11 -g3 -DDEBUG -DUSE_HAL_DRIVER -DSTM32H563xx -c -I../../Inc -I../../Drivers/STM32H5xx_HAL_Driver/Inc -I../../Drivers/STM32H5xx_HAL_Driver/Inc/Legacy -I../../Drivers/CMSIS/Device/ST/STM32H5xx/Include -I../../Drivers/CMSIS/Include -I../../Drivers/BSP/STM32H5xx_Nucleo -O0 -ffunction-sections -fdata-sections -Wall -fstack-usage -fcyclomatic-complexity -MMD -MP -MF"Application/User/sysmem.d" -MT"Application/User/sysmem.o" --specs=nano.specs -mfpu=fpv5-sp-d16 -mfloat-abi=hard -mthumb -o "Application/User/sysmem.o"
arm-none-eabi-gcc -mcpu=cortex-m33 -g3 -DDEBUG -c -x assembler-with-cpp -MMD -MP -MF"Application/Startup/startup_stm32h563zitx.d" -MT"Application/Startup/startup_stm32h563zitx.o" --specs=nano.specs -mfpu=fpv5-sp-d16 -mfloat-abi=hard -mthumb -o "Application/Startup/startup_stm32h563zitx.o" "../Application/Startup/startup_stm32h563zitx.s"
arm-none-eabi-gcc -o "FDCAN_Adaptive_Bitrate_Transmitter.elf" @"objects.list"   -mcpu=cortex-m33 -T"/Users/peytonagher/GitHub/capstone/util/examples/FDCAN_Adaptive_Bitrate_Transmitter/STM32CubeIDE/STM32H563ZITX_FLASH.ld" --specs=nosys.specs -Wl,-Map="FDCAN_Adaptive_Bitrate_Transmitter.map" -Wl,--gc-sections -static --specs=nano.specs -mfpu=fpv5-sp-d16 -mfloat-abi=hard -mthumb -Wl,--start-group -lc -lm -Wl,--end-group
/Applications/STM32CubeIDE.app/Contents/Eclipse/plugins/com.st.stm32cube.ide.mcu.externaltools.gnu-tools-for-stm32.12.3.rel1.macos64_1.0.100.202403111906/tools/bin/../lib/gcc/arm-none-eabi/12.3.1/../../../../arm-none-eabi/bin/ld: ./Application/Startup/startup_stm32h563zitx.o: in function `Reset_Handler':
/Users/peytonagher/GitHub/capstone/util/examples/FDCAN_Adaptive_Bitrate_Transmitter/STM32CubeIDE/Debug/../Application/Startup/startup_stm32h563zitx.s:62: undefined reference to `SystemInit'
/Applications/STM32CubeIDE.app/Contents/Eclipse/plugins/com.st.stm32cube.ide.mcu.externaltools.gnu-tools-for-stm32.12.3.rel1.macos64_1.0.100.202403111906/tools/bin/../lib/gcc/arm-none-eabi/12.3.1/../../../../arm-none-eabi/bin/ld: ./Application/User/main.o: in function `main':
/Users/peytonagher/GitHub/capstone/util/examples/FDCAN_Adaptive_Bitrate_Transmitter/Src/main.c:100: undefined reference to `HAL_Init'
/Applications/STM32CubeIDE.app/Contents/Eclipse/plugins/com.st.stm32cube.ide.mcu.externaltools.gnu-tools-for-stm32.12.3.rel1.macos64_1.0.100.202403111906/tools/bin/../lib/gcc/arm-none-eabi/12.3.1/../../../../arm-none-eabi/bin/ld: /Users/peytonagher/GitHub/capstone/util/examples/FDCAN_Adaptive_Bitrate_Transmitter/Src/main.c:132: undefined reference to `HAL_FDCAN_ConfigFilter'
/Applications/STM32CubeIDE.app/Contents/Eclipse/plugins/com.st.stm32cube.ide.mcu.externaltools.gnu-tools-for-stm32.12.3.rel1.macos64_1.0.100.202403111906/tools/bin/../lib/gcc/arm-none-eabi/12.3.1/../../../../arm-none-eabi/bin/ld: /Users/peytonagher/GitHub/capstone/util/examples/FDCAN_Adaptive_Bitrate_Transmitter/Src/main.c:142: undefined reference to `HAL_FDCAN_ConfigGlobalFilter'
/Applications/STM32CubeIDE.app/Contents/Eclipse/plugins/com.st.stm32cube.ide.mcu.externaltools.gnu-tools-for-stm32.12.3.rel1.macos64_1.0.100.202403111906/tools/bin/../lib/gcc/arm-none-eabi/12.3.1/../../../../arm-none-eabi/bin/ld: /Users/peytonagher/GitHub/capstone/util/examples/FDCAN_Adaptive_Bitrate_Transmitter/Src/main.c:150: undefined reference to `HAL_FDCAN_Start'
/Applications/STM32CubeIDE.app/Contents/Eclipse/plugins/com.st.stm32cube.ide.mcu.externaltools.gnu-tools-for-stm32.12.3.rel1.macos64_1.0.100.202403111906/tools/bin/../lib/gcc/arm-none-eabi/12.3.1/../../../../arm-none-eabi/bin/ld: /Users/peytonagher/GitHub/capstone/util/examples/FDCAN_Adaptive_Bitrate_Transmitter/Src/main.c:175: undefined reference to `HAL_FDCAN_AddMessageToTxFifoQ'
/Applications/STM32CubeIDE.app/Contents/Eclipse/plugins/com.st.stm32cube.ide.mcu.externaltools.gnu-tools-for-stm32.12.3.rel1.macos64_1.0.100.202403111906/tools/bin/../lib/gcc/arm-none-eabi/12.3.1/../../../../arm-none-eabi/bin/ld: /Users/peytonagher/GitHub/capstone/util/examples/FDCAN_Adaptive_Bitrate_Transmitter/Src/main.c:189: undefined reference to `HAL_FDCAN_GetRxFifoFillLevel'
/Applications/STM32CubeIDE.app/Contents/Eclipse/plugins/com.st.stm32cube.ide.mcu.externaltools.gnu-tools-for-stm32.12.3.rel1.macos64_1.0.100.202403111906/tools/bin/../lib/gcc/arm-none-eabi/12.3.1/../../../../arm-none-eabi/bin/ld: /Users/peytonagher/GitHub/capstone/util/examples/FDCAN_Adaptive_Bitrate_Transmitter/Src/main.c:192: undefined reference to `HAL_FDCAN_GetRxMessage'
/Applications/STM32CubeIDE.app/Contents/Eclipse/plugins/com.st.stm32cube.ide.mcu.externaltools.gnu-tools-for-stm32.12.3.rel1.macos64_1.0.100.202403111906/tools/bin/../lib/gcc/arm-none-eabi/12.3.1/../../../../arm-none-eabi/bin/ld: /Users/peytonagher/GitHub/capstone/util/examples/FDCAN_Adaptive_Bitrate_Transmitter/Src/main.c:210: undefined reference to `HAL_Delay'
/Applications/STM32CubeIDE.app/Contents/Eclipse/plugins/com.st.stm32cube.ide.mcu.externaltools.gnu-tools-for-stm32.12.3.rel1.macos64_1.0.100.202403111906/tools/bin/../lib/gcc/arm-none-eabi/12.3.1/../../../../arm-none-eabi/bin/ld: ./Application/User/main.o: in function `SystemClock_Config':
/Users/peytonagher/GitHub/capstone/util/examples/FDCAN_Adaptive_Bitrate_Transmitter/Src/main.c:259: undefined reference to `HAL_RCC_OscConfig'
/Applications/STM32CubeIDE.app/Contents/Eclipse/plugins/com.st.stm32cube.ide.mcu.externaltools.gnu-tools-for-stm32.12.3.rel1.macos64_1.0.100.202403111906/tools/bin/../lib/gcc/arm-none-eabi/12.3.1/../../../../arm-none-eabi/bin/ld: /Users/peytonagher/GitHub/capstone/util/examples/FDCAN_Adaptive_Bitrate_Transmitter/Src/main.c:275: undefined reference to `HAL_RCC_ClockConfig'
/Applications/STM32CubeIDE.app/Contents/Eclipse/plugins/com.st.stm32cube.ide.mcu.externaltools.gnu-tools-for-stm32.12.3.rel1.macos64_1.0.100.202403111906/tools/bin/../lib/gcc/arm-none-eabi/12.3.1/../../../../arm-none-eabi/bin/ld: ./Application/User/main.o: in function `MX_FDCAN1_Init':
/Users/peytonagher/GitHub/capstone/util/examples/FDCAN_Adaptive_Bitrate_Transmitter/Src/main.c:314: undefined reference to `HAL_FDCAN_Init'
/Applications/STM32CubeIDE.app/Contents/Eclipse/plugins/com.st.stm32cube.ide.mcu.externaltools.gnu-tools-for-stm32.12.3.rel1.macos64_1.0.100.202403111906/tools/bin/../lib/gcc/arm-none-eabi/12.3.1/../../../../arm-none-eabi/bin/ld: ./Application/User/main.o: in function `MX_ICACHE_Init':
/Users/peytonagher/GitHub/capstone/util/examples/FDCAN_Adaptive_Bitrate_Transmitter/Src/main.c:342: undefined reference to `HAL_ICACHE_Enable'
/Applications/STM32CubeIDE.app/Contents/Eclipse/plugins/com.st.stm32cube.ide.mcu.externaltools.gnu-tools-for-stm32.12.3.rel1.macos64_1.0.100.202403111906/tools/bin/../lib/gcc/arm-none-eabi/12.3.1/../../../../arm-none-eabi/bin/ld: ./Application/User/main.o: in function `Error_Handler':
/Users/peytonagher/GitHub/capstone/util/examples/FDCAN_Adaptive_Bitrate_Transmitter/Src/main.c:411: undefined reference to `HAL_Delay'
/Applications/STM32CubeIDE.app/Contents/Eclipse/plugins/com.st.stm32cube.ide.mcu.externaltools.gnu-tools-for-stm32.12.3.rel1.macos64_1.0.100.202403111906/tools/bin/../lib/gcc/arm-none-eabi/12.3.1/../../../../arm-none-eabi/bin/ld: ./Application/User/stm32h5xx_it.o: in function `SysTick_Handler':
/Users/peytonagher/GitHub/capstone/util/examples/FDCAN_Adaptive_Bitrate_Transmitter/Src/stm32h5xx_it.c:188: undefined reference to `HAL_IncTick'
/Applications/STM32CubeIDE.app/Contents/Eclipse/plugins/com.st.stm32cube.ide.mcu.externaltools.gnu-tools-for-stm32.12.3.rel1.macos64_1.0.100.202403111906/tools/bin/../lib/gcc/arm-none-eabi/12.3.1/../../../../arm-none-eabi/bin/ld: ./Application/User/stm32h5xx_it.o: in function `FDCAN1_IT0_IRQHandler':
/Users/peytonagher/GitHub/capstone/util/examples/FDCAN_Adaptive_Bitrate_Transmitter/Src/stm32h5xx_it.c:209: undefined reference to `HAL_FDCAN_IRQHandler'
/Applications/STM32CubeIDE.app/Contents/Eclipse/plugins/com.st.stm32cube.ide.mcu.externaltools.gnu-tools-for-stm32.12.3.rel1.macos64_1.0.100.202403111906/tools/bin/../lib/gcc/arm-none-eabi/12.3.1/../../../../arm-none-eabi/bin/ld: ./Drivers/BSP/STM32H5xx_Nucleo/stm32h5xx_nucleo.o: in function `BSP_LED_Init':
/Users/peytonagher/GitHub/capstone/util/examples/FDCAN_Adaptive_Bitrate_Transmitter/Drivers/BSP/STM32H5xx_Nucleo/stm32h5xx_nucleo.c:210: undefined reference to `HAL_GPIO_Init'
/Applications/STM32CubeIDE.app/Contents/Eclipse/plugins/com.st.stm32cube.ide.mcu.externaltools.gnu-tools-for-stm32.12.3.rel1.macos64_1.0.100.202403111906/tools/bin/../lib/gcc/arm-none-eabi/12.3.1/../../../../arm-none-eabi/bin/ld: /Users/peytonagher/GitHub/capstone/util/examples/FDCAN_Adaptive_Bitrate_Transmitter/Drivers/BSP/STM32H5xx_Nucleo/stm32h5xx_nucleo.c:211: undefined reference to `HAL_GPIO_WritePin'
/Applications/STM32CubeIDE.app/Contents/Eclipse/plugins/com.st.stm32cube.ide.mcu.externaltools.gnu-tools-for-stm32.12.3.rel1.macos64_1.0.100.202403111906/tools/bin/../lib/gcc/arm-none-eabi/12.3.1/../../../../arm-none-eabi/bin/ld: ./Drivers/BSP/STM32H5xx_Nucleo/stm32h5xx_nucleo.o: in function `BSP_LED_On':
/Users/peytonagher/GitHub/capstone/util/examples/FDCAN_Adaptive_Bitrate_Transmitter/Drivers/BSP/STM32H5xx_Nucleo/stm32h5xx_nucleo.c:275: undefined reference to `HAL_GPIO_WritePin'
/Applications/STM32CubeIDE.app/Contents/Eclipse/plugins/com.st.stm32cube.ide.mcu.externaltools.gnu-tools-for-stm32.12.3.rel1.macos64_1.0.100.202403111906/tools/bin/../lib/gcc/arm-none-eabi/12.3.1/../../../../arm-none-eabi/bin/ld: ./Drivers/BSP/STM32H5xx_Nucleo/stm32h5xx_nucleo.o: in function `BSP_LED_Toggle':
/Users/peytonagher/GitHub/capstone/util/examples/FDCAN_Adaptive_Bitrate_Transmitter/Drivers/BSP/STM32H5xx_Nucleo/stm32h5xx_nucleo.c:333: undefined reference to `HAL_GPIO_TogglePin'
collect2: error: ld returned 1 exit status
make: *** [makefile:65: FDCAN_Adaptive_Bitrate_Transmitter.elf] Error 1
"make -j7 all" terminated with exit code 2. Build might be incomplete.
16:40:54 **** Incremental Build of configuration Debug for project FDCAN_Adaptive_Bitrate_Transmitter ****
make -j7 all 
arm-none-eabi-gcc "/Users/peytonagher/GitHub/capstone/util/examples/FDCAN_Adaptive_Bitrate_Transmitter/Src/main.c" -mcpu=cortex-m33 -std=gnu11 -g3 -DDEBUG -DUSE_HAL_DRIVER -DSTM32H563xx -c -I../../Inc -I../../Drivers/STM32H5xx_HAL_Driver/Inc -I../../Drivers/STM32H5xx_HAL_Driver/Inc/Legacy -I../../Drivers/CMSIS/Device/ST/STM32H5xx/Include -I../../Drivers/CMSIS/Include -I../../Drivers/BSP/STM32H5xx_Nucleo -O0 -ffunction-sections -fdata-sections -Wall -fstack-usage -fcyclomatic-complexity -MMD -MP -MF"Application/User/main.d" -MT"Application/User/main.o" --specs=nano.specs -mfpu=fpv5-sp-d16 -mfloat-abi=hard -mthumb -o "Application/User/main.o"
arm-none-eabi-gcc -o "FDCAN_Adaptive_Bitrate_Transmitter.elf" @"objects.list"   -mcpu=cortex-m33 -T"/Users/peytonagher/GitHub/capstone/util/examples/FDCAN_Adaptive_Bitrate_Transmitter/STM32CubeIDE/STM32H563ZITX_FLASH.ld" --specs=nosys.specs -Wl,-Map="FDCAN_Adaptive_Bitrate_Transmitter.map" -Wl,--gc-sections -static --specs=nano.specs -mfpu=fpv5-sp-d16 -mfloat-abi=hard -mthumb -Wl,--start-group -lc -lm -Wl,--end-group
/Applications/STM32CubeIDE.app/Contents/Eclipse/plugins/com.st.stm32cube.ide.mcu.externaltools.gnu-tools-for-stm32.12.3.rel1.macos64_1.0.100.202403111906/tools/bin/../lib/gcc/arm-none-eabi/12.3.1/../../../../arm-none-eabi/bin/ld: ./Application/Startup/startup_stm32h563zitx.o: in function `Reset_Handler':
/Users/peytonagher/GitHub/capstone/util/examples/FDCAN_Adaptive_Bitrate_Transmitter/STM32CubeIDE/Debug/../Application/Startup/startup_stm32h563zitx.s:62: undefined reference to `SystemInit'
/Applications/STM32CubeIDE.app/Contents/Eclipse/plugins/com.st.stm32cube.ide.mcu.externaltools.gnu-tools-for-stm32.12.3.rel1.macos64_1.0.100.202403111906/tools/bin/../lib/gcc/arm-none-eabi/12.3.1/../../../../arm-none-eabi/bin/ld: ./Application/User/main.o: in function `main':
/Users/peytonagher/GitHub/capstone/util/examples/FDCAN_Adaptive_Bitrate_Transmitter/Src/main.c:99: undefined reference to `HAL_Init'
/Applications/STM32CubeIDE.app/Contents/Eclipse/plugins/com.st.stm32cube.ide.mcu.externaltools.gnu-tools-for-stm32.12.3.rel1.macos64_1.0.100.202403111906/tools/bin/../lib/gcc/arm-none-eabi/12.3.1/../../../../arm-none-eabi/bin/ld: /Users/peytonagher/GitHub/capstone/util/examples/FDCAN_Adaptive_Bitrate_Transmitter/Src/main.c:131: undefined reference to `HAL_FDCAN_ConfigFilter'
/Applications/STM32CubeIDE.app/Contents/Eclipse/plugins/com.st.stm32cube.ide.mcu.externaltools.gnu-tools-for-stm32.12.3.rel1.macos64_1.0.100.202403111906/tools/bin/../lib/gcc/arm-none-eabi/12.3.1/../../../../arm-none-eabi/bin/ld: /Users/peytonagher/GitHub/capstone/util/examples/FDCAN_Adaptive_Bitrate_Transmitter/Src/main.c:141: undefined reference to `HAL_FDCAN_ConfigGlobalFilter'
/Applications/STM32CubeIDE.app/Contents/Eclipse/plugins/com.st.stm32cube.ide.mcu.externaltools.gnu-tools-for-stm32.12.3.rel1.macos64_1.0.100.202403111906/tools/bin/../lib/gcc/arm-none-eabi/12.3.1/../../../../arm-none-eabi/bin/ld: /Users/peytonagher/GitHub/capstone/util/examples/FDCAN_Adaptive_Bitrate_Transmitter/Src/main.c:149: undefined reference to `HAL_FDCAN_Start'
/Applications/STM32CubeIDE.app/Contents/Eclipse/plugins/com.st.stm32cube.ide.mcu.externaltools.gnu-tools-for-stm32.12.3.rel1.macos64_1.0.100.202403111906/tools/bin/../lib/gcc/arm-none-eabi/12.3.1/../../../../arm-none-eabi/bin/ld: /Users/peytonagher/GitHub/capstone/util/examples/FDCAN_Adaptive_Bitrate_Transmitter/Src/main.c:174: undefined reference to `HAL_FDCAN_AddMessageToTxFifoQ'
/Applications/STM32CubeIDE.app/Contents/Eclipse/plugins/com.st.stm32cube.ide.mcu.externaltools.gnu-tools-for-stm32.12.3.rel1.macos64_1.0.100.202403111906/tools/bin/../lib/gcc/arm-none-eabi/12.3.1/../../../../arm-none-eabi/bin/ld: /Users/peytonagher/GitHub/capstone/util/examples/FDCAN_Adaptive_Bitrate_Transmitter/Src/main.c:188: undefined reference to `HAL_FDCAN_GetRxFifoFillLevel'
/Applications/STM32CubeIDE.app/Contents/Eclipse/plugins/com.st.stm32cube.ide.mcu.externaltools.gnu-tools-for-stm32.12.3.rel1.macos64_1.0.100.202403111906/tools/bin/../lib/gcc/arm-none-eabi/12.3.1/../../../../arm-none-eabi/bin/ld: /Users/peytonagher/GitHub/capstone/util/examples/FDCAN_Adaptive_Bitrate_Transmitter/Src/main.c:191: undefined reference to `HAL_FDCAN_GetRxMessage'
/Applications/STM32CubeIDE.app/Contents/Eclipse/plugins/com.st.stm32cube.ide.mcu.externaltools.gnu-tools-for-stm32.12.3.rel1.macos64_1.0.100.202403111906/tools/bin/../lib/gcc/arm-none-eabi/12.3.1/../../../../arm-none-eabi/bin/ld: /Users/peytonagher/GitHub/capstone/util/examples/FDCAN_Adaptive_Bitrate_Transmitter/Src/main.c:209: undefined reference to `HAL_Delay'
/Applications/STM32CubeIDE.app/Contents/Eclipse/plugins/com.st.stm32cube.ide.mcu.externaltools.gnu-tools-for-stm32.12.3.rel1.macos64_1.0.100.202403111906/tools/bin/../lib/gcc/arm-none-eabi/12.3.1/../../../../arm-none-eabi/bin/ld: ./Application/User/main.o: in function `SystemClock_Config':
/Users/peytonagher/GitHub/capstone/util/examples/FDCAN_Adaptive_Bitrate_Transmitter/Src/main.c:258: undefined reference to `HAL_RCC_OscConfig'
/Applications/STM32CubeIDE.app/Contents/Eclipse/plugins/com.st.stm32cube.ide.mcu.externaltools.gnu-tools-for-stm32.12.3.rel1.macos64_1.0.100.202403111906/tools/bin/../lib/gcc/arm-none-eabi/12.3.1/../../../../arm-none-eabi/bin/ld: /Users/peytonagher/GitHub/capstone/util/examples/FDCAN_Adaptive_Bitrate_Transmitter/Src/main.c:274: undefined reference to `HAL_RCC_ClockConfig'
/Applications/STM32CubeIDE.app/Contents/Eclipse/plugins/com.st.stm32cube.ide.mcu.externaltools.gnu-tools-for-stm32.12.3.rel1.macos64_1.0.100.202403111906/tools/bin/../lib/gcc/arm-none-eabi/12.3.1/../../../../arm-none-eabi/bin/ld: ./Application/User/main.o: in function `MX_FDCAN1_Init':
/Users/peytonagher/GitHub/capstone/util/examples/FDCAN_Adaptive_Bitrate_Transmitter/Src/main.c:313: undefined reference to `HAL_FDCAN_Init'
/Applications/STM32CubeIDE.app/Contents/Eclipse/plugins/com.st.stm32cube.ide.mcu.externaltools.gnu-tools-for-stm32.12.3.rel1.macos64_1.0.100.202403111906/tools/bin/../lib/gcc/arm-none-eabi/12.3.1/../../../../arm-none-eabi/bin/ld: ./Application/User/main.o: in function `MX_ICACHE_Init':
/Users/peytonagher/GitHub/capstone/util/examples/FDCAN_Adaptive_Bitrate_Transmitter/Src/main.c:341: undefined reference to `HAL_ICACHE_Enable'
/Applications/STM32CubeIDE.app/Contents/Eclipse/plugins/com.st.stm32cube.ide.mcu.externaltools.gnu-tools-for-stm32.12.3.rel1.macos64_1.0.100.202403111906/tools/bin/../lib/gcc/arm-none-eabi/12.3.1/../../../../arm-none-eabi/bin/ld: ./Application/User/main.o: in function `Error_Handler':
/Users/peytonagher/GitHub/capstone/util/examples/FDCAN_Adaptive_Bitrate_Transmitter/Src/main.c:410: undefined reference to `HAL_Delay'
/Applications/STM32CubeIDE.app/Contents/Eclipse/plugins/com.st.stm32cube.ide.mcu.externaltools.gnu-tools-for-stm32.12.3.rel1.macos64_1.0.100.202403111906/tools/bin/../lib/gcc/arm-none-eabi/12.3.1/../../../../arm-none-eabi/bin/ld: ./Application/User/stm32h5xx_it.o: in function `SysTick_Handler':
/Users/peytonagher/GitHub/capstone/util/examples/FDCAN_Adaptive_Bitrate_Transmitter/Src/stm32h5xx_it.c:188: undefined reference to `HAL_IncTick'
/Applications/STM32CubeIDE.app/Contents/Eclipse/plugins/com.st.stm32cube.ide.mcu.externaltools.gnu-tools-for-stm32.12.3.rel1.macos64_1.0.100.202403111906/tools/bin/../lib/gcc/arm-none-eabi/12.3.1/../../../../arm-none-eabi/bin/ld: ./Application/User/stm32h5xx_it.o: in function `FDCAN1_IT0_IRQHandler':
/Users/peytonagher/GitHub/capstone/util/examples/FDCAN_Adaptive_Bitrate_Transmitter/Src/stm32h5xx_it.c:209: undefined reference to `HAL_FDCAN_IRQHandler'
/Applications/STM32CubeIDE.app/Contents/Eclipse/plugins/com.st.stm32cube.ide.mcu.externaltools.gnu-tools-for-stm32.12.3.rel1.macos64_1.0.100.202403111906/tools/bin/../lib/gcc/arm-none-eabi/12.3.1/../../../../arm-none-eabi/bin/ld: ./Drivers/BSP/STM32H5xx_Nucleo/stm32h5xx_nucleo.o: in function `BSP_LED_Init':
/Users/peytonagher/GitHub/capstone/util/examples/FDCAN_Adaptive_Bitrate_Transmitter/Drivers/BSP/STM32H5xx_Nucleo/stm32h5xx_nucleo.c:210: undefined reference to `HAL_GPIO_Init'
/Applications/STM32CubeIDE.app/Contents/Eclipse/plugins/com.st.stm32cube.ide.mcu.externaltools.gnu-tools-for-stm32.12.3.rel1.macos64_1.0.100.202403111906/tools/bin/../lib/gcc/arm-none-eabi/12.3.1/../../../../arm-none-eabi/bin/ld: /Users/peytonagher/GitHub/capstone/util/examples/FDCAN_Adaptive_Bitrate_Transmitter/Drivers/BSP/STM32H5xx_Nucleo/stm32h5xx_nucleo.c:211: undefined reference to `HAL_GPIO_WritePin'
/Applications/STM32CubeIDE.app/Contents/Eclipse/plugins/com.st.stm32cube.ide.mcu.externaltools.gnu-tools-for-stm32.12.3.rel1.macos64_1.0.100.202403111906/tools/bin/../lib/gcc/arm-none-eabi/12.3.1/../../../../arm-none-eabi/bin/ld: ./Drivers/BSP/STM32H5xx_Nucleo/stm32h5xx_nucleo.o: in function `BSP_LED_On':
/Users/peytonagher/GitHub/capstone/util/examples/FDCAN_Adaptive_Bitrate_Transmitter/Drivers/BSP/STM32H5xx_Nucleo/stm32h5xx_nucleo.c:275: undefined reference to `HAL_GPIO_WritePin'
/Applications/STM32CubeIDE.app/Contents/Eclipse/plugins/com.st.stm32cube.ide.mcu.externaltools.gnu-tools-for-stm32.12.3.rel1.macos64_1.0.100.202403111906/tools/bin/../lib/gcc/arm-none-eabi/12.3.1/../../../../arm-none-eabi/bin/ld: ./Drivers/BSP/STM32H5xx_Nucleo/stm32h5xx_nucleo.o: in function `BSP_LED_Toggle':
/Users/peytonagher/GitHub/capstone/util/examples/FDCAN_Adaptive_Bitrate_Transmitter/Drivers/BSP/STM32H5xx_Nucleo/stm32h5xx_nucleo.c:333: undefined reference to `HAL_GPIO_TogglePin'
collect2: error: ld returned 1 exit status
make: *** [makefile:65: FDCAN_Adaptive_Bitrate_Transmitter.elf] Error 1
"make -j7 all" terminated with exit code 2. Build might be incomplete.
16:41:23 **** Incremental Build of configuration Debug for project FDCAN_Adaptive_Bitrate_Transmitter ****
make -j7 all 
arm-none-eabi-gcc "/Users/peytonagher/GitHub/capstone/util/examples/FDCAN_Adaptive_Bitrate_Transmitter/Src/main.c" -mcpu=cortex-m33 -std=gnu11 -g3 -DDEBUG -DUSE_HAL_DRIVER -DSTM32H563xx -c -I../../Inc -I../../Drivers/STM32H5xx_HAL_Driver/Inc -I../../Drivers/STM32H5xx_HAL_Driver/Inc/Legacy -I../../Drivers/CMSIS/Device/ST/STM32H5xx/Include -I../../Drivers/CMSIS/Include -I../../Drivers/BSP/STM32H5xx_Nucleo -O0 -ffunction-sections -fdata-sections -Wall -fstack-usage -fcyclomatic-complexity -MMD -MP -MF"Application/User/main.d" -MT"Application/User/main.o" --specs=nano.specs -mfpu=fpv5-sp-d16 -mfloat-abi=hard -mthumb -o "Application/User/main.o"
arm-none-eabi-gcc -o "FDCAN_Adaptive_Bitrate_Transmitter.elf" @"objects.list"   -mcpu=cortex-m33 -T"/Users/peytonagher/GitHub/capstone/util/examples/FDCAN_Adaptive_Bitrate_Transmitter/STM32CubeIDE/STM32H563ZITX_FLASH.ld" --specs=nosys.specs -Wl,-Map="FDCAN_Adaptive_Bitrate_Transmitter.map" -Wl,--gc-sections -static --specs=nano.specs -mfpu=fpv5-sp-d16 -mfloat-abi=hard -mthumb -Wl,--start-group -lc -lm -Wl,--end-group
/Applications/STM32CubeIDE.app/Contents/Eclipse/plugins/com.st.stm32cube.ide.mcu.externaltools.gnu-tools-for-stm32.12.3.rel1.macos64_1.0.100.202403111906/tools/bin/../lib/gcc/arm-none-eabi/12.3.1/../../../../arm-none-eabi/bin/ld: ./Application/Startup/startup_stm32h563zitx.o: in function `Reset_Handler':
/Users/peytonagher/GitHub/capstone/util/examples/FDCAN_Adaptive_Bitrate_Transmitter/STM32CubeIDE/Debug/../Application/Startup/startup_stm32h563zitx.s:62: undefined reference to `SystemInit'
/Applications/STM32CubeIDE.app/Contents/Eclipse/plugins/com.st.stm32cube.ide.mcu.externaltools.gnu-tools-for-stm32.12.3.rel1.macos64_1.0.100.202403111906/tools/bin/../lib/gcc/arm-none-eabi/12.3.1/../../../../arm-none-eabi/bin/ld: ./Application/User/main.o: in function `main':
/Users/peytonagher/GitHub/capstone/util/examples/FDCAN_Adaptive_Bitrate_Transmitter/Src/main.c:99: undefined reference to `HAL_Init'
/Applications/STM32CubeIDE.app/Contents/Eclipse/plugins/com.st.stm32cube.ide.mcu.externaltools.gnu-tools-for-stm32.12.3.rel1.macos64_1.0.100.202403111906/tools/bin/../lib/gcc/arm-none-eabi/12.3.1/../../../../arm-none-eabi/bin/ld: /Users/peytonagher/GitHub/capstone/util/examples/FDCAN_Adaptive_Bitrate_Transmitter/Src/main.c:131: undefined reference to `HAL_FDCAN_ConfigFilter'
/Applications/STM32CubeIDE.app/Contents/Eclipse/plugins/com.st.stm32cube.ide.mcu.externaltools.gnu-tools-for-stm32.12.3.rel1.macos64_1.0.100.202403111906/tools/bin/../lib/gcc/arm-none-eabi/12.3.1/../../../../arm-none-eabi/bin/ld: /Users/peytonagher/GitHub/capstone/util/examples/FDCAN_Adaptive_Bitrate_Transmitter/Src/main.c:141: undefined reference to `HAL_FDCAN_ConfigGlobalFilter'
/Applications/STM32CubeIDE.app/Contents/Eclipse/plugins/com.st.stm32cube.ide.mcu.externaltools.gnu-tools-for-stm32.12.3.rel1.macos64_1.0.100.202403111906/tools/bin/../lib/gcc/arm-none-eabi/12.3.1/../../../../arm-none-eabi/bin/ld: /Users/peytonagher/GitHub/capstone/util/examples/FDCAN_Adaptive_Bitrate_Transmitter/Src/main.c:149: undefined reference to `HAL_FDCAN_Start'
/Applications/STM32CubeIDE.app/Contents/Eclipse/plugins/com.st.stm32cube.ide.mcu.externaltools.gnu-tools-for-stm32.12.3.rel1.macos64_1.0.100.202403111906/tools/bin/../lib/gcc/arm-none-eabi/12.3.1/../../../../arm-none-eabi/bin/ld: /Users/peytonagher/GitHub/capstone/util/examples/FDCAN_Adaptive_Bitrate_Transmitter/Src/main.c:174: undefined reference to `HAL_FDCAN_AddMessageToTxFifoQ'
/Applications/STM32CubeIDE.app/Contents/Eclipse/plugins/com.st.stm32cube.ide.mcu.externaltools.gnu-tools-for-stm32.12.3.rel1.macos64_1.0.100.202403111906/tools/bin/../lib/gcc/arm-none-eabi/12.3.1/../../../../arm-none-eabi/bin/ld: /Users/peytonagher/GitHub/capstone/util/examples/FDCAN_Adaptive_Bitrate_Transmitter/Src/main.c:188: undefined reference to `HAL_FDCAN_GetRxFifoFillLevel'
/Applications/STM32CubeIDE.app/Contents/Eclipse/plugins/com.st.stm32cube.ide.mcu.externaltools.gnu-tools-for-stm32.12.3.rel1.macos64_1.0.100.202403111906/tools/bin/../lib/gcc/arm-none-eabi/12.3.1/../../../../arm-none-eabi/bin/ld: /Users/peytonagher/GitHub/capstone/util/examples/FDCAN_Adaptive_Bitrate_Transmitter/Src/main.c:191: undefined reference to `HAL_FDCAN_GetRxMessage'
/Applications/STM32CubeIDE.app/Contents/Eclipse/plugins/com.st.stm32cube.ide.mcu.externaltools.gnu-tools-for-stm32.12.3.rel1.macos64_1.0.100.202403111906/tools/bin/../lib/gcc/arm-none-eabi/12.3.1/../../../../arm-none-eabi/bin/ld: /Users/peytonagher/GitHub/capstone/util/examples/FDCAN_Adaptive_Bitrate_Transmitter/Src/main.c:209: undefined reference to `HAL_Delay'
/Applications/STM32CubeIDE.app/Contents/Eclipse/plugins/com.st.stm32cube.ide.mcu.externaltools.gnu-tools-for-stm32.12.3.rel1.macos64_1.0.100.202403111906/tools/bin/../lib/gcc/arm-none-eabi/12.3.1/../../../../arm-none-eabi/bin/ld: ./Application/User/main.o: in function `SystemClock_Config':
/Users/peytonagher/GitHub/capstone/util/examples/FDCAN_Adaptive_Bitrate_Transmitter/Src/main.c:258: undefined reference to `HAL_RCC_OscConfig'
/Applications/STM32CubeIDE.app/Contents/Eclipse/plugins/com.st.stm32cube.ide.mcu.externaltools.gnu-tools-for-stm32.12.3.rel1.macos64_1.0.100.202403111906/tools/bin/../lib/gcc/arm-none-eabi/12.3.1/../../../../arm-none-eabi/bin/ld: /Users/peytonagher/GitHub/capstone/util/examples/FDCAN_Adaptive_Bitrate_Transmitter/Src/main.c:274: undefined reference to `HAL_RCC_ClockConfig'
/Applications/STM32CubeIDE.app/Contents/Eclipse/plugins/com.st.stm32cube.ide.mcu.externaltools.gnu-tools-for-stm32.12.3.rel1.macos64_1.0.100.202403111906/tools/bin/../lib/gcc/arm-none-eabi/12.3.1/../../../../arm-none-eabi/bin/ld: ./Application/User/main.o: in function `MX_FDCAN1_Init':
/Users/peytonagher/GitHub/capstone/util/examples/FDCAN_Adaptive_Bitrate_Transmitter/Src/main.c:313: undefined reference to `HAL_FDCAN_Init'
/Applications/STM32CubeIDE.app/Contents/Eclipse/plugins/com.st.stm32cube.ide.mcu.externaltools.gnu-tools-for-stm32.12.3.rel1.macos64_1.0.100.202403111906/tools/bin/../lib/gcc/arm-none-eabi/12.3.1/../../../../arm-none-eabi/bin/ld: ./Application/User/main.o: in function `MX_ICACHE_Init':
/Users/peytonagher/GitHub/capstone/util/examples/FDCAN_Adaptive_Bitrate_Transmitter/Src/main.c:341: undefined reference to `HAL_ICACHE_Enable'
/Applications/STM32CubeIDE.app/Contents/Eclipse/plugins/com.st.stm32cube.ide.mcu.externaltools.gnu-tools-for-stm32.12.3.rel1.macos64_1.0.100.202403111906/tools/bin/../lib/gcc/arm-none-eabi/12.3.1/../../../../arm-none-eabi/bin/ld: ./Application/User/main.o: in function `Error_Handler':
/Users/peytonagher/GitHub/capstone/util/examples/FDCAN_Adaptive_Bitrate_Transmitter/Src/main.c:410: undefined reference to `HAL_Delay'
/Applications/STM32CubeIDE.app/Contents/Eclipse/plugins/com.st.stm32cube.ide.mcu.externaltools.gnu-tools-for-stm32.12.3.rel1.macos64_1.0.100.202403111906/tools/bin/../lib/gcc/arm-none-eabi/12.3.1/../../../../arm-none-eabi/bin/ld: ./Application/User/stm32h5xx_it.o: in function `SysTick_Handler':
/Users/peytonagher/GitHub/capstone/util/examples/FDCAN_Adaptive_Bitrate_Transmitter/Src/stm32h5xx_it.c:188: undefined reference to `HAL_IncTick'
/Applications/STM32CubeIDE.app/Contents/Eclipse/plugins/com.st.stm32cube.ide.mcu.externaltools.gnu-tools-for-stm32.12.3.rel1.macos64_1.0.100.202403111906/tools/bin/../lib/gcc/arm-none-eabi/12.3.1/../../../../arm-none-eabi/bin/ld: ./Application/User/stm32h5xx_it.o: in function `FDCAN1_IT0_IRQHandler':
/Users/peytonagher/GitHub/capstone/util/examples/FDCAN_Adaptive_Bitrate_Transmitter/Src/stm32h5xx_it.c:209: undefined reference to `HAL_FDCAN_IRQHandler'
/Applications/STM32CubeIDE.app/Contents/Eclipse/plugins/com.st.stm32cube.ide.mcu.externaltools.gnu-tools-for-stm32.12.3.rel1.macos64_1.0.100.202403111906/tools/bin/../lib/gcc/arm-none-eabi/12.3.1/../../../../arm-none-eabi/bin/ld: ./Drivers/BSP/STM32H5xx_Nucleo/stm32h5xx_nucleo.o: in function `BSP_LED_Init':
/Users/peytonagher/GitHub/capstone/util/examples/FDCAN_Adaptive_Bitrate_Transmitter/Drivers/BSP/STM32H5xx_Nucleo/stm32h5xx_nucleo.c:210: undefined reference to `HAL_GPIO_Init'
/Applications/STM32CubeIDE.app/Contents/Eclipse/plugins/com.st.stm32cube.ide.mcu.externaltools.gnu-tools-for-stm32.12.3.rel1.macos64_1.0.100.202403111906/tools/bin/../lib/gcc/arm-none-eabi/12.3.1/../../../../arm-none-eabi/bin/ld: /Users/peytonagher/GitHub/capstone/util/examples/FDCAN_Adaptive_Bitrate_Transmitter/Drivers/BSP/STM32H5xx_Nucleo/stm32h5xx_nucleo.c:211: undefined reference to `HAL_GPIO_WritePin'
/Applications/STM32CubeIDE.app/Contents/Eclipse/plugins/com.st.stm32cube.ide.mcu.externaltools.gnu-tools-for-stm32.12.3.rel1.macos64_1.0.100.202403111906/tools/bin/../lib/gcc/arm-none-eabi/12.3.1/../../../../arm-none-eabi/bin/ld: ./Drivers/BSP/STM32H5xx_Nucleo/stm32h5xx_nucleo.o: in function `BSP_LED_On':
/Users/peytonagher/GitHub/capstone/util/examples/FDCAN_Adaptive_Bitrate_Transmitter/Drivers/BSP/STM32H5xx_Nucleo/stm32h5xx_nucleo.c:275: undefined reference to `HAL_GPIO_WritePin'
/Applications/STM32CubeIDE.app/Contents/Eclipse/plugins/com.st.stm32cube.ide.mcu.externaltools.gnu-tools-for-stm32.12.3.rel1.macos64_1.0.100.202403111906/tools/bin/../lib/gcc/arm-none-eabi/12.3.1/../../../../arm-none-eabi/bin/ld: ./Drivers/BSP/STM32H5xx_Nucleo/stm32h5xx_nucleo.o: in function `BSP_LED_Toggle':
/Users/peytonagher/GitHub/capstone/util/examples/FDCAN_Adaptive_Bitrate_Transmitter/Drivers/BSP/STM32H5xx_Nucleo/stm32h5xx_nucleo.c:333: undefined reference to `HAL_GPIO_TogglePin'
collect2: error: ld returned 1 exit status
make: *** [makefile:65: FDCAN_Adaptive_Bitrate_Transmitter.elf] Error 1
"make -j7 all" terminated with exit code 2. Build might be incomplete.
16:41:31 **** Incremental Build of configuration Debug for project FDCAN_Adaptive_Bitrate_Transmitter ****
make -j7 all 
[...]
make -j7 all 
arm-none-eabi-gcc "../Core/Src/main.c" -mcpu=cortex-m33 -std=gnu11 -g3 -DDEBUG -DUSE_HAL_DRIVER -DSTM32H563xx -c -I../Core/Inc -I../Drivers/STM32H5xx_HAL_Driver/Inc -I../Drivers/STM32H5xx_HAL_Driver/Inc/Legacy -I../Drivers/CMSIS/Device/ST/STM32H5xx/Include -I../Drivers/CMSIS/Include -O0 -ffunction-sections -fdata-sections -Wall -fstack-usage -fcyclomatic-complexity -MMD -MP -MF"Core/Src/main.d" -MT"Core/Src/main.o" --specs=nano.specs -mfpu=fpv5-sp-d16 -mfloat-abi=hard -mthumb -o "Core/Src/main.o"
arm-none-eabi-gcc -o "capstone.elf" @"objects.list"   -mcpu=cortex-m33 -T"/Users/peytonagher/Library/CloudStorage/OneDrive-MichiganStateUniversity/ECE 480 Team 5/Peyton Nagher/STM32IDE/capstone/STM32H563ZITX_FLASH.ld" --specs=nosys.specs -Wl,-Map="capstone.map" -Wl,--gc-sections -static --specs=nano.specs -mfpu=fpv5-sp-d16 -mfloat-abi=hard -mthumb -Wl,--start-group -lc -lm -Wl,--end-group
/Applications/STM32CubeIDE.app/Contents/Eclipse/plugins/com.st.stm32cube.ide.mcu.externaltools.gnu-tools-for-stm32.12.3.rel1.macos64_1.0.100.202403111906/tools/bin/../lib/gcc/arm-none-eabi/12.3.1/../../../../arm-none-eabi/bin/ld: warning: capstone.elf has a LOAD segment with RWX permissions
Finished building target: capstone.elf
 
arm-none-eabi-size  capstone.elf 
arm-none-eabi-objdump -h -S capstone.elf  > "capstone.list"
   text	   data	    bss	    dec	    hex	filename
  27020	    112	   2168	  29300	   7274	capstone.elf
Finished building: default.size.stdout
 
Finished building: capstone.list
 
20:14:18 **** Incremental Build of configuration Debug for project capstone ****
make -j7 all 
arm-none-eabi-size  capstone.elf 
   text	   data	    bss	    dec	    hex	filename
  27020	    112	   2168	  29300	   7274	capstone.elf
Finished building: default.size.stdout
 
20:15:26 **** Incremental Build of configuration Debug for project capstone ****
make -j7 all 
arm-none-eabi-size  capstone.elf 
   text	   data	    bss	    dec	    hex	filename
  27020	    112	   2168	  29300	   7274	capstone.elf
Finished building: default.size.stdout
 
20:16:40 **** Incremental Build of configuration Debug for project capstone ****
make -j7 all 
arm-none-eabi-gcc "../Core/Src/main.c" -mcpu=cortex-m33 -std=gnu11 -g3 -DDEBUG -DUSE_HAL_DRIVER -DSTM32H563xx -c -I../Core/Inc -I../Drivers/STM32H5xx_HAL_Driver/Inc -I../Drivers/STM32H5xx_HAL_Driver/Inc/Legacy -I../Drivers/CMSIS/Device/ST/STM32H5xx/Include -I../Drivers/CMSIS/Include -O0 -ffunction-sections -fdata-sections -Wall -fstack-usage -fcyclomatic-complexity -MMD -MP -MF"Core/Src/main.d" -MT"Core/Src/main.o" --specs=nano.specs -mfpu=fpv5-sp-d16 -mfloat-abi=hard -mthumb -o "Core/Src/main.o"
arm-none-eabi-gcc -o "capstone.elf" @"objects.list"   -mcpu=cortex-m33 -T"/Users/peytonagher/Library/CloudStorage/OneDrive-MichiganStateUniversity/ECE 480 Team 5/Peyton Nagher/STM32IDE/capstone/STM32H563ZITX_FLASH.ld" --specs=nosys.specs -Wl,-Map="capstone.map" -Wl,--gc-sections -static --specs=nano.specs -mfpu=fpv5-sp-d16 -mfloat-abi=hard -mthumb -Wl,--start-group -lc -lm -Wl,--end-group
/Applications/STM32CubeIDE.app/Contents/Eclipse/plugins/com.st.stm32cube.ide.mcu.externaltools.gnu-tools-for-stm32.12.3.rel1.macos64_1.0.100.202403111906/tools/bin/../lib/gcc/arm-none-eabi/12.3.1/../../../../arm-none-eabi/bin/ld: warning: capstone.elf has a LOAD segment with RWX permissions
Finished building target: capstone.elf
 
arm-none-eabi-size  capstone.elf 
arm-none-eabi-objdump -h -S capstone.elf  > "capstone.list"
   text	   data	    bss	    dec	    hex	filename
  27036	    112	   2168	  29316	   7284	capstone.elf
Finished building: default.size.stdout
 
Finished building: capstone.list
 
20:16:44 **** Incremental Build of configuration Debug for project capstone ****
make -j7 all 
arm-none-eabi-size  capstone.elf 
   text	   data	    bss	    dec	    hex	filename
  27036	    112	   2168	  29316	   7284	capstone.elf
Finished building: default.size.stdout
 
20:21:03 **** Incremental Build of configuration Debug for project capstone ****
make -j7 all 
arm-none-eabi-size  capstone.elf 
   text	   data	    bss	    dec	    hex	filename
  27036	    112	   2168	  29316	   7284	capstone.elf
Finished building: default.size.stdout
 
20:23:54 **** Incremental Build of configuration Debug for project capstone ****
make -j7 all 
arm-none-eabi-size  capstone.elf 
   text	   data	    bss	    dec	    hex	filename
  27036	    112	   2168	  29316	   7284	capstone.elf
Finished building: default.size.stdout
 
20:36:27 **** Incremental Build of configuration Debug for project capstone ****
make -j7 all 
arm-none-eabi-size  capstone.elf 
   text	   data	    bss	    dec	    hex	filename
  27036	    112	   2168	  29316	   7284	capstone.elf
Finished building: default.size.stdout
 
20:36:32 **** Incremental Build of configuration Debug for project capstone ****
make -j7 all 
arm-none-eabi-size  capstone.elf 
   text	   data	    bss	    dec	    hex	filename
  27036	    112	   2168	  29316	   7284	capstone.elf
Finished building: default.size.stdout
 
20:40:22 **** Incremental Build of configuration Debug for project capstone ****
make -j7 all 
arm-none-eabi-size  capstone.elf 
   text	   data	    bss	    dec	    hex	filename
  27036	    112	   2168	  29316	   7284	capstone.elf
Finished building: default.size.stdout
 
20:45:16 **** Incremental Build of configuration Debug for project capstone ****
make -j7 all 
arm-none-eabi-size  capstone.elf 
   text	   data	    bss	    dec	    hex	filename
  27036	    112	   2168	  29316	   7284	capstone.elf
Finished building: default.size.stdout
 
20:46:36 **** Incremental Build of configuration Debug for project capstone ****
make -j7 all 
arm-none-eabi-size  capstone.elf 
   text	   data	    bss	    dec	    hex	filename
  27036	    112	   2168	  29316	   7284	capstone.elf
Finished building: default.size.stdout
 
20:48:36 **** Incremental Build of configuration Debug for project capstone ****
make -j7 all 
arm-none-eabi-size  capstone.elf 
   text	   data	    bss	    dec	    hex	filename
  27036	    112	   2168	  29316	   7284	capstone.elf
Finished building: default.size.stdout
 
20:50:26 **** Incremental Build of configuration Debug for project capstone ****
make -j7 all 
arm-none-eabi-size  capstone.elf 
   text	   data	    bss	    dec	    hex	filename
  27036	    112	   2168	  29316	   7284	capstone.elf
Finished building: default.size.stdout
 
20:50:50 **** Incremental Build of configuration Debug for project capstone ****
make -j7 all 
arm-none-eabi-size  capstone.elf 
   text	   data	    bss	    dec	    hex	filename
  27036	    112	   2168	  29316	   7284	capstone.elf
Finished building: default.size.stdout
 
20:51:57 **** Incremental Build of configuration Debug for project capstone ****
make -j7 all 
arm-none-eabi-gcc "../Core/Src/main.c" -mcpu=cortex-m33 -std=gnu11 -g3 -DDEBUG -DUSE_HAL_DRIVER -DSTM32H563xx -c -I../Core/Inc -I../Drivers/STM32H5xx_HAL_Driver/Inc -I../Drivers/STM32H5xx_HAL_Driver/Inc/Legacy -I../Drivers/CMSIS/Device/ST/STM32H5xx/Include -I../Drivers/CMSIS/Include -O0 -ffunction-sections -fdata-sections -Wall -fstack-usage -fcyclomatic-complexity -MMD -MP -MF"Core/Src/main.d" -MT"Core/Src/main.o" --specs=nano.specs -mfpu=fpv5-sp-d16 -mfloat-abi=hard -mthumb -o "Core/Src/main.o"
arm-none-eabi-gcc -o "capstone.elf" @"objects.list"   -mcpu=cortex-m33 -T"/Users/peytonagher/Library/CloudStorage/OneDrive-MichiganStateUniversity/ECE 480 Team 5/Peyton Nagher/STM32IDE/capstone/STM32H563ZITX_FLASH.ld" --specs=nosys.specs -Wl,-Map="capstone.map" -Wl,--gc-sections -static --specs=nano.specs -mfpu=fpv5-sp-d16 -mfloat-abi=hard -mthumb -Wl,--start-group -lc -lm -Wl,--end-group
/Applications/STM32CubeIDE.app/Contents/Eclipse/plugins/com.st.stm32cube.ide.mcu.externaltools.gnu-tools-for-stm32.12.3.rel1.macos64_1.0.100.202403111906/tools/bin/../lib/gcc/arm-none-eabi/12.3.1/../../../../arm-none-eabi/bin/ld: warning: capstone.elf has a LOAD segment with RWX permissions
Finished building target: capstone.elf
 
arm-none-eabi-size  capstone.elf 
arm-none-eabi-objdump -h -S capstone.elf  > "capstone.list"
   text	   data	    bss	    dec	    hex	filename
  27032	    112	   2168	  29312	   7280	capstone.elf
Finished building: default.size.stdout
 
Finished building: capstone.list
 
20:52:02 **** Incremental Build of configuration Debug for project capstone ****
make -j7 all 
arm-none-eabi-size  capstone.elf 
   text	   data	    bss	    dec	    hex	filename
  27032	    112	   2168	  29312	   7280	capstone.elf
Finished building: default.size.stdout
 
20:52:51 **** Incremental Build of configuration Debug for project capstone ****
make -j7 all 
arm-none-eabi-gcc "../Core/Src/main.c" -mcpu=cortex-m33 -std=gnu11 -g3 -DDEBUG -DUSE_HAL_DRIVER -DSTM32H563xx -c -I../Core/Inc -I../Drivers/STM32H5xx_HAL_Driver/Inc -I../Drivers/STM32H5xx_HAL_Driver/Inc/Legacy -I../Drivers/CMSIS/Device/ST/STM32H5xx/Include -I../Drivers/CMSIS/Include -O0 -ffunction-sections -fdata-sections -Wall -fstack-usage -fcyclomatic-complexity -MMD -MP -MF"Core/Src/main.d" -MT"Core/Src/main.o" --specs=nano.specs -mfpu=fpv5-sp-d16 -mfloat-abi=hard -mthumb -o "Core/Src/main.o"
arm-none-eabi-gcc -o "capstone.elf" @"objects.list"   -mcpu=cortex-m33 -T"/Users/peytonagher/Library/CloudStorage/OneDrive-MichiganStateUniversity/ECE 480 Team 5/Peyton Nagher/STM32IDE/capstone/STM32H563ZITX_FLASH.ld" --specs=nosys.specs -Wl,-Map="capstone.map" -Wl,--gc-sections -static --specs=nano.specs -mfpu=fpv5-sp-d16 -mfloat-abi=hard -mthumb -Wl,--start-group -lc -lm -Wl,--end-group
/Applications/STM32CubeIDE.app/Contents/Eclipse/plugins/com.st.stm32cube.ide.mcu.externaltools.gnu-tools-for-stm32.12.3.rel1.macos64_1.0.100.202403111906/tools/bin/../lib/gcc/arm-none-eabi/12.3.1/../../../../arm-none-eabi/bin/ld: warning: capstone.elf has a LOAD segment with RWX permissions
Finished building target: capstone.elf
 
arm-none-eabi-size  capstone.elf 
arm-none-eabi-objdump -h -S capstone.elf  > "capstone.list"
   text	   data	    bss	    dec	    hex	filename
  27028	    112	   2168	  29308	   727c	capstone.elf
Finished building: default.size.stdout
 
Finished building: capstone.list
 
20:52:55 **** Incremental Build of configuration Debug for project capstone ****
make -j7 all 
arm-none-eabi-size  capstone.elf 
   text	   data	    bss	    dec	    hex	filename
  27028	    112	   2168	  29308	   727c	capstone.elf
Finished building: default.size.stdout
 
20:53:50 **** Incremental Build of configuration Debug for project capstone ****
make -j7 all 
arm-none-eabi-gcc "../Core/Src/main.c" -mcpu=cortex-m33 -std=gnu11 -g3 -DDEBUG -DUSE_HAL_DRIVER -DSTM32H563xx -c -I../Core/Inc -I../Drivers/STM32H5xx_HAL_Driver/Inc -I../Drivers/STM32H5xx_HAL_Driver/Inc/Legacy -I../Drivers/CMSIS/Device/ST/STM32H5xx/Include -I../Drivers/CMSIS/Include -O0 -ffunction-sections -fdata-sections -Wall -fstack-usage -fcyclomatic-complexity -MMD -MP -MF"Core/Src/main.d" -MT"Core/Src/main.o" --specs=nano.specs -mfpu=fpv5-sp-d16 -mfloat-abi=hard -mthumb -o "Core/Src/main.o"
arm-none-eabi-gcc -o "capstone.elf" @"objects.list"   -mcpu=cortex-m33 -T"/Users/peytonagher/Library/CloudStorage/OneDrive-MichiganStateUniversity/ECE 480 Team 5/Peyton Nagher/STM32IDE/capstone/STM32H563ZITX_FLASH.ld" --specs=nosys.specs -Wl,-Map="capstone.map" -Wl,--gc-sections -static --specs=nano.specs -mfpu=fpv5-sp-d16 -mfloat-abi=hard -mthumb -Wl,--start-group -lc -lm -Wl,--end-group
/Applications/STM32CubeIDE.app/Contents/Eclipse/plugins/com.st.stm32cube.ide.mcu.externaltools.gnu-tools-for-stm32.12.3.rel1.macos64_1.0.100.202403111906/tools/bin/../lib/gcc/arm-none-eabi/12.3.1/../../../../arm-none-eabi/bin/ld: warning: capstone.elf has a LOAD segment with RWX permissions
Finished building target: capstone.elf
 
arm-none-eabi-size  capstone.elf 
arm-none-eabi-objdump -h -S capstone.elf  > "capstone.list"
   text	   data	    bss	    dec	    hex	filename
  27036	    112	   2168	  29316	   7284	capstone.elf
Finished building: default.size.stdout
 
Finished building: capstone.list
 
20:53:55 **** Incremental Build of configuration Debug for project capstone ****
make -j7 all 
arm-none-eabi-size  capstone.elf 
   text	   data	    bss	    dec	    hex	filename
  27036	    112	   2168	  29316	   7284	capstone.elf
Finished building: default.size.stdout
 
20:54:57 **** Incremental Build of configuration Debug for project capstone ****
make -j7 all 
arm-none-eabi-gcc "../Core/Src/main.c" -mcpu=cortex-m33 -std=gnu11 -g3 -DDEBUG -DUSE_HAL_DRIVER -DSTM32H563xx -c -I../Core/Inc -I../Drivers/STM32H5xx_HAL_Driver/Inc -I../Drivers/STM32H5xx_HAL_Driver/Inc/Legacy -I../Drivers/CMSIS/Device/ST/STM32H5xx/Include -I../Drivers/CMSIS/Include -O0 -ffunction-sections -fdata-sections -Wall -fstack-usage -fcyclomatic-complexity -MMD -MP -MF"Core/Src/main.d" -MT"Core/Src/main.o" --specs=nano.specs -mfpu=fpv5-sp-d16 -mfloat-abi=hard -mthumb -o "Core/Src/main.o"
arm-none-eabi-gcc -o "capstone.elf" @"objects.list"   -mcpu=cortex-m33 -T"/Users/peytonagher/Library/CloudStorage/OneDrive-MichiganStateUniversity/ECE 480 Team 5/Peyton Nagher/STM32IDE/capstone/STM32H563ZITX_FLASH.ld" --specs=nosys.specs -Wl,-Map="capstone.map" -Wl,--gc-sections -static --specs=nano.specs -mfpu=fpv5-sp-d16 -mfloat-abi=hard -mthumb -Wl,--start-group -lc -lm -Wl,--end-group
/Applications/STM32CubeIDE.app/Contents/Eclipse/plugins/com.st.stm32cube.ide.mcu.externaltools.gnu-tools-for-stm32.12.3.rel1.macos64_1.0.100.202403111906/tools/bin/../lib/gcc/arm-none-eabi/12.3.1/../../../../arm-none-eabi/bin/ld: warning: capstone.elf has a LOAD segment with RWX permissions
Finished building target: capstone.elf
 
arm-none-eabi-size  capstone.elf 
arm-none-eabi-objdump -h -S capstone.elf  > "capstone.list"
   text	   data	    bss	    dec	    hex	filename
  27032	    112	   2168	  29312	   7280	capstone.elf
Finished building: default.size.stdout
 
Finished building: capstone.list
 
20:55:01 **** Incremental Build of configuration Debug for project capstone ****
make -j7 all 
arm-none-eabi-size  capstone.elf 
   text	   data	    bss	    dec	    hex	filename
  27032	    112	   2168	  29312	   7280	capstone.elf
Finished building: default.size.stdout
 
20:56:12 **** Incremental Build of configuration Debug for project capstone ****
make -j7 all 
arm-none-eabi-gcc "../Core/Src/main.c" -mcpu=cortex-m33 -std=gnu11 -g3 -DDEBUG -DUSE_HAL_DRIVER -DSTM32H563xx -c -I../Core/Inc -I../Drivers/STM32H5xx_HAL_Driver/Inc -I../Drivers/STM32H5xx_HAL_Driver/Inc/Legacy -I../Drivers/CMSIS/Device/ST/STM32H5xx/Include -I../Drivers/CMSIS/Include -O0 -ffunction-sections -fdata-sections -Wall -fstack-usage -fcyclomatic-complexity -MMD -MP -MF"Core/Src/main.d" -MT"Core/Src/main.o" --specs=nano.specs -mfpu=fpv5-sp-d16 -mfloat-abi=hard -mthumb -o "Core/Src/main.o"
arm-none-eabi-gcc -o "capstone.elf" @"objects.list"   -mcpu=cortex-m33 -T"/Users/peytonagher/Library/CloudStorage/OneDrive-MichiganStateUniversity/ECE 480 Team 5/Peyton Nagher/STM32IDE/capstone/STM32H563ZITX_FLASH.ld" --specs=nosys.specs -Wl,-Map="capstone.map" -Wl,--gc-sections -static --specs=nano.specs -mfpu=fpv5-sp-d16 -mfloat-abi=hard -mthumb -Wl,--start-group -lc -lm -Wl,--end-group
/Applications/STM32CubeIDE.app/Contents/Eclipse/plugins/com.st.stm32cube.ide.mcu.externaltools.gnu-tools-for-stm32.12.3.rel1.macos64_1.0.100.202403111906/tools/bin/../lib/gcc/arm-none-eabi/12.3.1/../../../../arm-none-eabi/bin/ld: warning: capstone.elf has a LOAD segment with RWX permissions
Finished building target: capstone.elf
 
arm-none-eabi-size  capstone.elf 
arm-none-eabi-objdump -h -S capstone.elf  > "capstone.list"
   text	   data	    bss	    dec	    hex	filename
  27004	    112	   2168	  29284	   7264	capstone.elf
Finished building: default.size.stdout
 
Finished building: capstone.list
 
20:56:16 **** Incremental Build of configuration Debug for project capstone ****
make -j7 all 
arm-none-eabi-size  capstone.elf 
   text	   data	    bss	    dec	    hex	filename
  27004	    112	   2168	  29284	   7264	capstone.elf
Finished building: default.size.stdout
 
20:57:40 **** Incremental Build of configuration Debug for project capstone ****
make -j7 all 
arm-none-eabi-gcc "../Core/Src/main.c" -mcpu=cortex-m33 -std=gnu11 -g3 -DDEBUG -DUSE_HAL_DRIVER -DSTM32H563xx -c -I../Core/Inc -I../Drivers/STM32H5xx_HAL_Driver/Inc -I../Drivers/STM32H5xx_HAL_Driver/Inc/Legacy -I../Drivers/CMSIS/Device/ST/STM32H5xx/Include -I../Drivers/CMSIS/Include -O0 -ffunction-sections -fdata-sections -Wall -fstack-usage -fcyclomatic-complexity -MMD -MP -MF"Core/Src/main.d" -MT"Core/Src/main.o" --specs=nano.specs -mfpu=fpv5-sp-d16 -mfloat-abi=hard -mthumb -o "Core/Src/main.o"
arm-none-eabi-gcc -o "capstone.elf" @"objects.list"   -mcpu=cortex-m33 -T"/Users/peytonagher/Library/CloudStorage/OneDrive-MichiganStateUniversity/ECE 480 Team 5/Peyton Nagher/STM32IDE/capstone/STM32H563ZITX_FLASH.ld" --specs=nosys.specs -Wl,-Map="capstone.map" -Wl,--gc-sections -static --specs=nano.specs -mfpu=fpv5-sp-d16 -mfloat-abi=hard -mthumb -Wl,--start-group -lc -lm -Wl,--end-group
/Applications/STM32CubeIDE.app/Contents/Eclipse/plugins/com.st.stm32cube.ide.mcu.externaltools.gnu-tools-for-stm32.12.3.rel1.macos64_1.0.100.202403111906/tools/bin/../lib/gcc/arm-none-eabi/12.3.1/../../../../arm-none-eabi/bin/ld: warning: capstone.elf has a LOAD segment with RWX permissions
Finished building target: capstone.elf
 
arm-none-eabi-size  capstone.elf 
arm-none-eabi-objdump -h -S capstone.elf  > "capstone.list"
   text	   data	    bss	    dec	    hex	filename
  27036	    112	   2168	  29316	   7284	capstone.elf
Finished building: default.size.stdout
 
Finished building: capstone.list
 
20:58:54 **** Incremental Build of configuration Debug for project capstone ****
make -j7 all 
arm-none-eabi-gcc "../Core/Src/main.c" -mcpu=cortex-m33 -std=gnu11 -g3 -DDEBUG -DUSE_HAL_DRIVER -DSTM32H563xx -c -I../Core/Inc -I../Drivers/STM32H5xx_HAL_Driver/Inc -I../Drivers/STM32H5xx_HAL_Driver/Inc/Legacy -I../Drivers/CMSIS/Device/ST/STM32H5xx/Include -I../Drivers/CMSIS/Include -O0 -ffunction-sections -fdata-sections -Wall -fstack-usage -fcyclomatic-complexity -MMD -MP -MF"Core/Src/main.d" -MT"Core/Src/main.o" --specs=nano.specs -mfpu=fpv5-sp-d16 -mfloat-abi=hard -mthumb -o "Core/Src/main.o"
arm-none-eabi-gcc -o "capstone.elf" @"objects.list"   -mcpu=cortex-m33 -T"/Users/peytonagher/Library/CloudStorage/OneDrive-MichiganStateUniversity/ECE 480 Team 5/Peyton Nagher/STM32IDE/capstone/STM32H563ZITX_FLASH.ld" --specs=nosys.specs -Wl,-Map="capstone.map" -Wl,--gc-sections -static --specs=nano.specs -mfpu=fpv5-sp-d16 -mfloat-abi=hard -mthumb -Wl,--start-group -lc -lm -Wl,--end-group
/Applications/STM32CubeIDE.app/Contents/Eclipse/plugins/com.st.stm32cube.ide.mcu.externaltools.gnu-tools-for-stm32.12.3.rel1.macos64_1.0.100.202403111906/tools/bin/../lib/gcc/arm-none-eabi/12.3.1/../../../../arm-none-eabi/bin/ld: warning: capstone.elf has a LOAD segment with RWX permissions
Finished building target: capstone.elf
 
arm-none-eabi-size  capstone.elf 
arm-none-eabi-objdump -h -S capstone.elf  > "capstone.list"
   text	   data	    bss	    dec	    hex	filename
  27020	    112	   2168	  29300	   7274	capstone.elf
Finished building: default.size.stdout
 
Finished building: capstone.list
 
20:58:58 **** Incremental Build of configuration Debug for project capstone ****
make -j7 all 
arm-none-eabi-size  capstone.elf 
   text	   data	    bss	    dec	    hex	filename
  27020	    112	   2168	  29300	   7274	capstone.elf
Finished building: default.size.stdout
 
21:06:35 **** Incremental Build of configuration Debug for project capstone ****
make -j7 all 
arm-none-eabi-size  capstone.elf 
   text	   data	    bss	    dec	    hex	filename
  27020	    112	   2168	  29300	   7274	capstone.elf
Finished building: default.size.stdout
 
21:07:02 **** Incremental Build of configuration Debug for project capstone ****
make -j7 all 
arm-none-eabi-size  capstone.elf 
   text	   data	    bss	    dec	    hex	filename
  27020	    112	   2168	  29300	   7274	capstone.elf
Finished building: default.size.stdout
 
